Archive member included to satisfy reference by file (symbol)

c:/ac6/systemworkbench/plugins/fr.ac6.mcu.externaltools.arm-none.win32_1.15.0.201708311556/tools/compiler/bin/../lib/gcc/arm-none-eabi/6.3.1/../../../../arm-none-eabi/lib/thumb/v7e-m/fpv4-sp/hard\libc.a(lib_a-exit.o)
                              c:/ac6/systemworkbench/plugins/fr.ac6.mcu.externaltools.arm-none.win32_1.15.0.201708311556/tools/compiler/bin/../lib/gcc/arm-none-eabi/6.3.1/../../../../arm-none-eabi/lib/thumb/v7e-m/fpv4-sp/hard/crt0.o (exit)
c:/ac6/systemworkbench/plugins/fr.ac6.mcu.externaltools.arm-none.win32_1.15.0.201708311556/tools/compiler/bin/../lib/gcc/arm-none-eabi/6.3.1/../../../../arm-none-eabi/lib/thumb/v7e-m/fpv4-sp/hard\libc.a(lib_a-impure.o)
                              c:/ac6/systemworkbench/plugins/fr.ac6.mcu.externaltools.arm-none.win32_1.15.0.201708311556/tools/compiler/bin/../lib/gcc/arm-none-eabi/6.3.1/../../../../arm-none-eabi/lib/thumb/v7e-m/fpv4-sp/hard\libc.a(lib_a-exit.o) (_global_impure_ptr)
c:/ac6/systemworkbench/plugins/fr.ac6.mcu.externaltools.arm-none.win32_1.15.0.201708311556/tools/compiler/bin/../lib/gcc/arm-none-eabi/6.3.1/../../../../arm-none-eabi/lib/thumb/v7e-m/fpv4-sp/hard\libc.a(lib_a-init.o)
                              c:/ac6/systemworkbench/plugins/fr.ac6.mcu.externaltools.arm-none.win32_1.15.0.201708311556/tools/compiler/bin/../lib/gcc/arm-none-eabi/6.3.1/../../../../arm-none-eabi/lib/thumb/v7e-m/fpv4-sp/hard/crt0.o (__libc_init_array)
c:/ac6/systemworkbench/plugins/fr.ac6.mcu.externaltools.arm-none.win32_1.15.0.201708311556/tools/compiler/bin/../lib/gcc/arm-none-eabi/6.3.1/../../../../arm-none-eabi/lib/thumb/v7e-m/fpv4-sp/hard\libc.a(lib_a-memset.o)
                              c:/ac6/systemworkbench/plugins/fr.ac6.mcu.externaltools.arm-none.win32_1.15.0.201708311556/tools/compiler/bin/../lib/gcc/arm-none-eabi/6.3.1/../../../../arm-none-eabi/lib/thumb/v7e-m/fpv4-sp/hard/crt0.o (memset)
c:/ac6/systemworkbench/plugins/fr.ac6.mcu.externaltools.arm-none.win32_1.15.0.201708311556/tools/compiler/bin/../lib/gcc/arm-none-eabi/6.3.1/../../../../arm-none-eabi/lib/thumb/v7e-m/fpv4-sp/hard\libc.a(lib_a-__call_atexit.o)
                              c:/ac6/systemworkbench/plugins/fr.ac6.mcu.externaltools.arm-none.win32_1.15.0.201708311556/tools/compiler/bin/../lib/gcc/arm-none-eabi/6.3.1/../../../../arm-none-eabi/lib/thumb/v7e-m/fpv4-sp/hard\libc.a(lib_a-exit.o) (__call_exitprocs)
c:/ac6/systemworkbench/plugins/fr.ac6.mcu.externaltools.arm-none.win32_1.15.0.201708311556/tools/compiler/bin/../lib/gcc/arm-none-eabi/6.3.1/../../../../arm-none-eabi/lib/thumb/v7e-m/fpv4-sp/hard\libc.a(lib_a-atexit.o)
                              c:/ac6/systemworkbench/plugins/fr.ac6.mcu.externaltools.arm-none.win32_1.15.0.201708311556/tools/compiler/bin/../lib/gcc/arm-none-eabi/6.3.1/../../../../arm-none-eabi/lib/thumb/v7e-m/fpv4-sp/hard\libc.a(lib_a-__call_atexit.o) (atexit)
c:/ac6/systemworkbench/plugins/fr.ac6.mcu.externaltools.arm-none.win32_1.15.0.201708311556/tools/compiler/bin/../lib/gcc/arm-none-eabi/6.3.1/../../../../arm-none-eabi/lib/thumb/v7e-m/fpv4-sp/hard\libc.a(lib_a-fini.o)
                              c:/ac6/systemworkbench/plugins/fr.ac6.mcu.externaltools.arm-none.win32_1.15.0.201708311556/tools/compiler/bin/../lib/gcc/arm-none-eabi/6.3.1/../../../../arm-none-eabi/lib/thumb/v7e-m/fpv4-sp/hard\libc.a(lib_a-__call_atexit.o) (__libc_fini_array)
c:/ac6/systemworkbench/plugins/fr.ac6.mcu.externaltools.arm-none.win32_1.15.0.201708311556/tools/compiler/bin/../lib/gcc/arm-none-eabi/6.3.1/../../../../arm-none-eabi/lib/thumb/v7e-m/fpv4-sp/hard\libc.a(lib_a-lock.o)
                              c:/ac6/systemworkbench/plugins/fr.ac6.mcu.externaltools.arm-none.win32_1.15.0.201708311556/tools/compiler/bin/../lib/gcc/arm-none-eabi/6.3.1/../../../../arm-none-eabi/lib/thumb/v7e-m/fpv4-sp/hard\libc.a(lib_a-__call_atexit.o) (__retarget_lock_acquire_recursive)
c:/ac6/systemworkbench/plugins/fr.ac6.mcu.externaltools.arm-none.win32_1.15.0.201708311556/tools/compiler/bin/../lib/gcc/arm-none-eabi/6.3.1/../../../../arm-none-eabi/lib/thumb/v7e-m/fpv4-sp/hard\libc.a(lib_a-__atexit.o)
                              c:/ac6/systemworkbench/plugins/fr.ac6.mcu.externaltools.arm-none.win32_1.15.0.201708311556/tools/compiler/bin/../lib/gcc/arm-none-eabi/6.3.1/../../../../arm-none-eabi/lib/thumb/v7e-m/fpv4-sp/hard\libc.a(lib_a-atexit.o) (__register_exitproc)

Allocating common symbols
Common symbol       size              file

__lock___atexit_recursive_mutex
                    0x1               c:/ac6/systemworkbench/plugins/fr.ac6.mcu.externaltools.arm-none.win32_1.15.0.201708311556/tools/compiler/bin/../lib/gcc/arm-none-eabi/6.3.1/../../../../arm-none-eabi/lib/thumb/v7e-m/fpv4-sp/hard\libc.a(lib_a-lock.o)
__lock___arc4random_mutex
                    0x1               c:/ac6/systemworkbench/plugins/fr.ac6.mcu.externaltools.arm-none.win32_1.15.0.201708311556/tools/compiler/bin/../lib/gcc/arm-none-eabi/6.3.1/../../../../arm-none-eabi/lib/thumb/v7e-m/fpv4-sp/hard\libc.a(lib_a-lock.o)
__lock___env_recursive_mutex
                    0x1               c:/ac6/systemworkbench/plugins/fr.ac6.mcu.externaltools.arm-none.win32_1.15.0.201708311556/tools/compiler/bin/../lib/gcc/arm-none-eabi/6.3.1/../../../../arm-none-eabi/lib/thumb/v7e-m/fpv4-sp/hard\libc.a(lib_a-lock.o)
__lock___sinit_recursive_mutex
                    0x1               c:/ac6/systemworkbench/plugins/fr.ac6.mcu.externaltools.arm-none.win32_1.15.0.201708311556/tools/compiler/bin/../lib/gcc/arm-none-eabi/6.3.1/../../../../arm-none-eabi/lib/thumb/v7e-m/fpv4-sp/hard\libc.a(lib_a-lock.o)
__lock___malloc_recursive_mutex
                    0x1               c:/ac6/systemworkbench/plugins/fr.ac6.mcu.externaltools.arm-none.win32_1.15.0.201708311556/tools/compiler/bin/../lib/gcc/arm-none-eabi/6.3.1/../../../../arm-none-eabi/lib/thumb/v7e-m/fpv4-sp/hard\libc.a(lib_a-lock.o)
__lock___at_quick_exit_mutex
                    0x1               c:/ac6/systemworkbench/plugins/fr.ac6.mcu.externaltools.arm-none.win32_1.15.0.201708311556/tools/compiler/bin/../lib/gcc/arm-none-eabi/6.3.1/../../../../arm-none-eabi/lib/thumb/v7e-m/fpv4-sp/hard\libc.a(lib_a-lock.o)
__lock___dd_hash_mutex
                    0x1               c:/ac6/systemworkbench/plugins/fr.ac6.mcu.externaltools.arm-none.win32_1.15.0.201708311556/tools/compiler/bin/../lib/gcc/arm-none-eabi/6.3.1/../../../../arm-none-eabi/lib/thumb/v7e-m/fpv4-sp/hard\libc.a(lib_a-lock.o)
__lock___tz_mutex   0x1               c:/ac6/systemworkbench/plugins/fr.ac6.mcu.externaltools.arm-none.win32_1.15.0.201708311556/tools/compiler/bin/../lib/gcc/arm-none-eabi/6.3.1/../../../../arm-none-eabi/lib/thumb/v7e-m/fpv4-sp/hard\libc.a(lib_a-lock.o)
__lock___sfp_recursive_mutex
                    0x1               c:/ac6/systemworkbench/plugins/fr.ac6.mcu.externaltools.arm-none.win32_1.15.0.201708311556/tools/compiler/bin/../lib/gcc/arm-none-eabi/6.3.1/../../../../arm-none-eabi/lib/thumb/v7e-m/fpv4-sp/hard\libc.a(lib_a-lock.o)

Discarded input sections

 .text          0x00000000        0x0 c:/ac6/systemworkbench/plugins/fr.ac6.mcu.externaltools.arm-none.win32_1.15.0.201708311556/tools/compiler/bin/../lib/gcc/arm-none-eabi/6.3.1/thumb/v7e-m/fpv4-sp/hard/crti.o
 .data          0x00000000        0x0 c:/ac6/systemworkbench/plugins/fr.ac6.mcu.externaltools.arm-none.win32_1.15.0.201708311556/tools/compiler/bin/../lib/gcc/arm-none-eabi/6.3.1/thumb/v7e-m/fpv4-sp/hard/crti.o
 .bss           0x00000000        0x0 c:/ac6/systemworkbench/plugins/fr.ac6.mcu.externaltools.arm-none.win32_1.15.0.201708311556/tools/compiler/bin/../lib/gcc/arm-none-eabi/6.3.1/thumb/v7e-m/fpv4-sp/hard/crti.o
 .data          0x00000000        0x4 c:/ac6/systemworkbench/plugins/fr.ac6.mcu.externaltools.arm-none.win32_1.15.0.201708311556/tools/compiler/bin/../lib/gcc/arm-none-eabi/6.3.1/thumb/v7e-m/fpv4-sp/hard/crtbegin.o
 .text          0x00000000       0x74 c:/ac6/systemworkbench/plugins/fr.ac6.mcu.externaltools.arm-none.win32_1.15.0.201708311556/tools/compiler/bin/../lib/gcc/arm-none-eabi/6.3.1/../../../../arm-none-eabi/lib/thumb/v7e-m/fpv4-sp/hard/crt0.o
 .data          0x00000000        0x0 c:/ac6/systemworkbench/plugins/fr.ac6.mcu.externaltools.arm-none.win32_1.15.0.201708311556/tools/compiler/bin/../lib/gcc/arm-none-eabi/6.3.1/../../../../arm-none-eabi/lib/thumb/v7e-m/fpv4-sp/hard/crt0.o
 .bss           0x00000000        0x0 c:/ac6/systemworkbench/plugins/fr.ac6.mcu.externaltools.arm-none.win32_1.15.0.201708311556/tools/compiler/bin/../lib/gcc/arm-none-eabi/6.3.1/../../../../arm-none-eabi/lib/thumb/v7e-m/fpv4-sp/hard/crt0.o
 .ARM.extab     0x00000000        0x0 c:/ac6/systemworkbench/plugins/fr.ac6.mcu.externaltools.arm-none.win32_1.15.0.201708311556/tools/compiler/bin/../lib/gcc/arm-none-eabi/6.3.1/../../../../arm-none-eabi/lib/thumb/v7e-m/fpv4-sp/hard/crt0.o
 .ARM.exidx     0x00000000        0x8 c:/ac6/systemworkbench/plugins/fr.ac6.mcu.externaltools.arm-none.win32_1.15.0.201708311556/tools/compiler/bin/../lib/gcc/arm-none-eabi/6.3.1/../../../../arm-none-eabi/lib/thumb/v7e-m/fpv4-sp/hard/crt0.o
 .ARM.attributes
                0x00000000       0x20 c:/ac6/systemworkbench/plugins/fr.ac6.mcu.externaltools.arm-none.win32_1.15.0.201708311556/tools/compiler/bin/../lib/gcc/arm-none-eabi/6.3.1/../../../../arm-none-eabi/lib/thumb/v7e-m/fpv4-sp/hard/crt0.o
 .group         0x00000000        0x8 src/interrupt_manager.o
 .group         0x00000000        0x8 src/interrupt_manager.o
 .group         0x00000000        0x8 src/interrupt_manager.o
 .group         0x00000000        0x8 src/interrupt_manager.o
 .group         0x00000000        0x8 src/interrupt_manager.o
 .group         0x00000000        0x8 src/interrupt_manager.o
 .group         0x00000000        0x8 src/interrupt_manager.o
 .group         0x00000000        0x8 src/interrupt_manager.o
 .group         0x00000000        0x8 src/interrupt_manager.o
 .group         0x00000000        0x8 src/interrupt_manager.o
 .group         0x00000000        0x8 src/interrupt_manager.o
 .group         0x00000000        0x8 src/interrupt_manager.o
 .group         0x00000000        0x8 src/interrupt_manager.o
 .group         0x00000000        0x8 src/interrupt_manager.o
 .group         0x00000000        0x8 src/interrupt_manager.o
 .group         0x00000000        0x8 src/interrupt_manager.o
 .group         0x00000000        0x8 src/interrupt_manager.o
 .group         0x00000000        0x8 src/interrupt_manager.o
 .group         0x00000000        0x8 src/interrupt_manager.o
 .group         0x00000000        0x8 src/interrupt_manager.o
 .group         0x00000000        0x8 src/interrupt_manager.o
 .group         0x00000000        0x8 src/interrupt_manager.o
 .group         0x00000000        0x8 src/interrupt_manager.o
 .group         0x00000000        0x8 src/interrupt_manager.o
 .group         0x00000000        0x8 src/interrupt_manager.o
 .group         0x00000000        0x8 src/interrupt_manager.o
 .group         0x00000000        0x8 src/interrupt_manager.o
 .group         0x00000000        0x8 src/interrupt_manager.o
 .group         0x00000000        0x8 src/interrupt_manager.o
 .group         0x00000000        0x8 src/interrupt_manager.o
 .group         0x00000000        0x8 src/interrupt_manager.o
 .group         0x00000000        0x8 src/interrupt_manager.o
 .group         0x00000000        0x8 src/interrupt_manager.o
 .group         0x00000000        0x8 src/interrupt_manager.o
 .group         0x00000000        0x8 src/interrupt_manager.o
 .group         0x00000000        0x8 src/interrupt_manager.o
 .group         0x00000000        0x8 src/interrupt_manager.o
 .group         0x00000000        0x8 src/interrupt_manager.o
 .group         0x00000000        0x8 src/interrupt_manager.o
 .group         0x00000000        0x8 src/interrupt_manager.o
 .group         0x00000000        0x8 src/interrupt_manager.o
 .group         0x00000000        0x8 src/interrupt_manager.o
 .group         0x00000000        0x8 src/interrupt_manager.o
 .group         0x00000000        0x8 src/interrupt_manager.o
 .group         0x00000000        0x8 src/interrupt_manager.o
 .group         0x00000000        0x8 src/interrupt_manager.o
 .group         0x00000000        0x8 src/interrupt_manager.o
 .group         0x00000000        0x8 src/interrupt_manager.o
 .group         0x00000000        0x8 src/interrupt_manager.o
 .group         0x00000000        0x8 src/interrupt_manager.o
 .group         0x00000000        0x8 src/interrupt_manager.o
 .group         0x00000000        0x8 src/interrupt_manager.o
 .group         0x00000000        0x8 src/interrupt_manager.o
 .group         0x00000000        0x8 src/interrupt_manager.o
 .group         0x00000000        0x8 src/interrupt_manager.o
 .group         0x00000000        0x8 src/interrupt_manager.o
 .group         0x00000000        0x8 src/interrupt_manager.o
 .group         0x00000000        0x8 src/interrupt_manager.o
 .group         0x00000000        0x8 src/interrupt_manager.o
 .group         0x00000000        0x8 src/interrupt_manager.o
 .group         0x00000000        0x8 src/interrupt_manager.o
 .group         0x00000000        0x8 src/interrupt_manager.o
 .group         0x00000000        0x8 src/interrupt_manager.o
 .group         0x00000000        0x8 src/interrupt_manager.o
 .group         0x00000000        0x8 src/interrupt_manager.o
 .group         0x00000000        0x8 src/interrupt_manager.o
 .group         0x00000000        0x8 src/interrupt_manager.o
 .group         0x00000000        0x8 src/interrupt_manager.o
 .text          0x00000000        0x0 src/interrupt_manager.o
 .data          0x00000000        0x0 src/interrupt_manager.o
 .text.NMI_Handler
                0x00000000        0x4 src/interrupt_manager.o
 .text.HardFault_Handler
                0x00000000        0x4 src/interrupt_manager.o
 .text.MemManage_Handler
                0x00000000        0x4 src/interrupt_manager.o
 .text.BusFault_Handler
                0x00000000        0x4 src/interrupt_manager.o
 .text.UsageFault_Handler
                0x00000000        0x4 src/interrupt_manager.o
 .text.SVC_Handler
                0x00000000        0x4 src/interrupt_manager.o
 .text.DebugMon_Handler
                0x00000000        0x4 src/interrupt_manager.o
 .text.PendSV_Handler
                0x00000000        0x4 src/interrupt_manager.o
 .group         0x00000000        0x8 src/main.o
 .group         0x00000000        0x8 src/main.o
 .group         0x00000000        0x8 src/main.o
 .group         0x00000000        0x8 src/main.o
 .group         0x00000000        0x8 src/main.o
 .group         0x00000000        0x8 src/main.o
 .group         0x00000000        0x8 src/main.o
 .group         0x00000000        0x8 src/main.o
 .group         0x00000000        0x8 src/main.o
 .group         0x00000000        0x8 src/main.o
 .group         0x00000000        0x8 src/main.o
 .group         0x00000000        0x8 src/main.o
 .group         0x00000000        0x8 src/main.o
 .group         0x00000000        0x8 src/main.o
 .group         0x00000000        0x8 src/main.o
 .group         0x00000000        0x8 src/main.o
 .group         0x00000000        0x8 src/main.o
 .group         0x00000000        0x8 src/main.o
 .group         0x00000000        0x8 src/main.o
 .group         0x00000000        0x8 src/main.o
 .group         0x00000000        0x8 src/main.o
 .group         0x00000000        0x8 src/main.o
 .group         0x00000000        0x8 src/main.o
 .group         0x00000000        0x8 src/main.o
 .group         0x00000000        0x8 src/main.o
 .group         0x00000000        0x8 src/main.o
 .group         0x00000000        0x8 src/main.o
 .group         0x00000000        0x8 src/main.o
 .group         0x00000000        0x8 src/main.o
 .group         0x00000000        0x8 src/main.o
 .group         0x00000000        0x8 src/main.o
 .group         0x00000000        0x8 src/main.o
 .group         0x00000000        0x8 src/main.o
 .group         0x00000000        0x8 src/main.o
 .group         0x00000000        0x8 src/main.o
 .group         0x00000000        0x8 src/main.o
 .group         0x00000000        0x8 src/main.o
 .group         0x00000000        0x8 src/main.o
 .group         0x00000000        0x8 src/main.o
 .group         0x00000000        0x8 src/main.o
 .group         0x00000000        0x8 src/main.o
 .group         0x00000000        0x8 src/main.o
 .group         0x00000000        0x8 src/main.o
 .group         0x00000000        0x8 src/main.o
 .group         0x00000000        0x8 src/main.o
 .group         0x00000000        0x8 src/main.o
 .group         0x00000000        0x8 src/main.o
 .group         0x00000000        0x8 src/main.o
 .group         0x00000000        0x8 src/main.o
 .group         0x00000000        0x8 src/main.o
 .group         0x00000000        0x8 src/main.o
 .group         0x00000000        0x8 src/main.o
 .group         0x00000000        0x8 src/main.o
 .group         0x00000000        0x8 src/main.o
 .group         0x00000000        0x8 src/main.o
 .group         0x00000000        0x8 src/main.o
 .group         0x00000000        0x8 src/main.o
 .group         0x00000000        0x8 src/main.o
 .group         0x00000000        0x8 src/main.o
 .group         0x00000000        0x8 src/main.o
 .group         0x00000000        0x8 src/main.o
 .group         0x00000000        0x8 src/main.o
 .group         0x00000000        0x8 src/main.o
 .group         0x00000000        0x8 src/main.o
 .group         0x00000000        0x8 src/main.o
 .group         0x00000000        0x8 src/main.o
 .group         0x00000000        0x8 src/main.o
 .group         0x00000000        0x8 src/main.o
 .group         0x00000000        0x8 src/main.o
 .group         0x00000000        0x8 src/main.o
 .group         0x00000000        0x8 src/main.o
 .group         0x00000000        0x8 src/main.o
 .group         0x00000000        0x8 src/main.o
 .group         0x00000000        0x8 src/main.o
 .group         0x00000000        0x8 src/main.o
 .group         0x00000000        0x8 src/main.o
 .group         0x00000000        0x8 src/main.o
 .group         0x00000000        0x8 src/main.o
 .group         0x00000000        0x8 src/main.o
 .group         0x00000000        0x8 src/main.o
 .group         0x00000000        0x8 src/main.o
 .group         0x00000000        0x8 src/main.o
 .group         0x00000000        0x8 src/main.o
 .group         0x00000000        0x8 src/main.o
 .group         0x00000000        0x8 src/main.o
 .group         0x00000000        0x8 src/main.o
 .group         0x00000000        0x8 src/main.o
 .group         0x00000000        0x8 src/main.o
 .group         0x00000000        0x8 src/main.o
 .group         0x00000000        0x8 src/main.o
 .group         0x00000000        0x8 src/main.o
 .group         0x00000000        0x8 src/main.o
 .group         0x00000000        0x8 src/main.o
 .group         0x00000000        0x8 src/main.o
 .group         0x00000000        0x8 src/main.o
 .group         0x00000000        0x8 src/main.o
 .group         0x00000000        0x8 src/main.o
 .group         0x00000000        0x8 src/main.o
 .group         0x00000000        0x8 src/main.o
 .group         0x00000000        0x8 src/main.o
 .group         0x00000000        0x8 src/main.o
 .group         0x00000000        0x8 src/main.o
 .group         0x00000000        0x8 src/main.o
 .group         0x00000000        0x8 src/main.o
 .group         0x00000000        0x8 src/main.o
 .group         0x00000000        0x8 src/main.o
 .group         0x00000000        0x8 src/main.o
 .group         0x00000000        0x8 src/main.o
 .group         0x00000000        0x8 src/main.o
 .group         0x00000000        0x8 src/main.o
 .group         0x00000000        0x8 src/main.o
 .group         0x00000000        0x8 src/main.o
 .group         0x00000000        0x8 src/main.o
 .group         0x00000000        0x8 src/main.o
 .group         0x00000000        0x8 src/main.o
 .group         0x00000000        0x8 src/main.o
 .group         0x00000000        0x8 src/main.o
 .group         0x00000000        0x8 src/main.o
 .group         0x00000000        0x8 src/main.o
 .text          0x00000000        0x0 src/main.o
 .data          0x00000000        0x0 src/main.o
 .text._ZN7StaticFIFvvELj12EE12InvokerBoundIZN3mcu9DmaDeviceI14EventQueuePrioI12TimerManagerIS_IS0_Lj20EEES7_ES7_E15enableInterruptEvEUlvE_ED0Ev
                0x00000000        0x4 src/main.o
 .text._ZNK7StaticFIFvvELj12EE12InvokerBoundIZN3mcu9DmaDeviceI14EventQueuePrioI12TimerManagerIS_IS0_Lj20EEES7_ES7_E15enableInterruptEvEUlvE_E4execEv
                0x00000000       0x20 src/main.o
 .text._ZN7StaticFIFvvELj12EE12InvokerBoundIZN3mcu9DmaDeviceI14EventQueuePrioI12TimerManagerIS_IS0_Lj20EEES7_ES7_E15enableInterruptEvEUlvE_E4execEv
                0x00000000       0x20 src/main.o
 .text._ZdlPvj  0x00000000        0x4 src/main.o
 .text._ZSt9terminatev
                0x00000000        0x4 src/main.o
 .text._ZSt24__throw_out_of_range_fmtPKcz
                0x00000000        0x4 src/main.o
 .text._exit    0x00000000        0x4 src/main.o
 .text._kill    0x00000000        0x4 src/main.o
 .text._getpid  0x00000000        0x4 src/main.o
 .text._write   0x00000000        0x4 src/main.o
 .text._close   0x00000000        0x4 src/main.o
 .text._fstat   0x00000000        0x4 src/main.o
 .text._isatty  0x00000000        0x4 src/main.o
 .text._lseek   0x00000000        0x4 src/main.o
 .text._read    0x00000000        0x4 src/main.o
 .text._sbrk    0x00000000        0x4 src/main.o
 .text.__cxa_guard_acquire
                0x00000000        0x4 src/main.o
 .text.__cxa_guard_release
                0x00000000        0x4 src/main.o
 .text.__cxa_pure_virtual
                0x00000000        0x4 src/main.o
 .debug_macro   0x00000000      0x994 src/main.o
 .debug_macro   0x00000000       0x2f src/main.o
 .debug_macro   0x00000000       0x1c src/main.o
 .debug_macro   0x00000000       0x22 src/main.o
 .debug_macro   0x00000000       0x4f src/main.o
 .debug_macro   0x00000000       0x51 src/main.o
 .debug_macro   0x00000000       0xef src/main.o
 .debug_macro   0x00000000       0x6a src/main.o
 .debug_macro   0x00000000      0x1df src/main.o
 .debug_macro   0x00000000       0x35 src/main.o
 .debug_macro   0x00000000       0x50 src/main.o
 .debug_macro   0x00000000      0xe66 src/main.o
 .debug_macro   0x00000000    0x15d08 src/main.o
 .debug_macro   0x00000000      0x143 src/main.o
 .debug_macro   0x00000000       0x10 src/main.o
 .debug_macro   0x00000000      0x3ca src/main.o
 .debug_macro   0x00000000       0x28 src/main.o
 .debug_macro   0x00000000       0x12 src/main.o
 .debug_macro   0x00000000       0x1f src/main.o
 .debug_macro   0x00000000       0x46 src/main.o
 .debug_macro   0x00000000       0x1c src/main.o
 .debug_macro   0x00000000       0x18 src/main.o
 .debug_macro   0x00000000       0x6e src/main.o
 .debug_macro   0x00000000       0x1c src/main.o
 .debug_macro   0x00000000       0x19 src/main.o
 .debug_macro   0x00000000       0x88 src/main.o
 .debug_macro   0x00000000       0x19 src/main.o
 .debug_macro   0x00000000       0x58 src/main.o
 .debug_macro   0x00000000       0x35 src/main.o
 .debug_macro   0x00000000       0x9c src/main.o
 .debug_macro   0x00000000      0x17b src/main.o
 .debug_macro   0x00000000       0x58 src/main.o
 .debug_macro   0x00000000       0x1f src/main.o
 .debug_macro   0x00000000       0x43 src/main.o
 .debug_macro   0x00000000       0x20 src/main.o
 .debug_macro   0x00000000      0x187 src/main.o
 .debug_macro   0x00000000       0x1c src/main.o
 .debug_macro   0x00000000       0x3c src/main.o
 .debug_macro   0x00000000      0x353 src/main.o
 .debug_macro   0x00000000       0x10 src/main.o
 .debug_macro   0x00000000       0x33 src/main.o
 .debug_macro   0x00000000      0x173 src/main.o
 .debug_macro   0x00000000       0x17 src/main.o
 .debug_macro   0x00000000       0x35 src/main.o
 .debug_macro   0x00000000       0x2e src/main.o
 .debug_macro   0x00000000       0x16 src/main.o
 .debug_macro   0x00000000       0x40 src/main.o
 .debug_macro   0x00000000       0x5e src/main.o
 .debug_macro   0x00000000       0x11 src/main.o
 .debug_macro   0x00000000       0x11 src/main.o
 .debug_macro   0x00000000       0x2f src/main.o
 .debug_macro   0x00000000       0x16 src/main.o
 .debug_macro   0x00000000       0x10 src/main.o
 .debug_macro   0x00000000       0x10 src/main.o
 .debug_macro   0x00000000       0x16 src/main.o
 .debug_macro   0x00000000       0x22 src/main.o
 .debug_macro   0x00000000       0xea src/main.o
 .debug_macro   0x00000000       0x1c src/main.o
 .debug_macro   0x00000000       0x10 src/main.o
 .debug_macro   0x00000000       0xb6 src/main.o
 .debug_macro   0x00000000       0x16 src/main.o
 .debug_macro   0x00000000      0x13e src/main.o
 .debug_macro   0x00000000      0x11d src/main.o
 .debug_macro   0x00000000       0x10 src/main.o
 .debug_macro   0x00000000      0x241 src/main.o
 .debug_macro   0x00000000       0x11 src/main.o
 .debug_macro   0x00000000       0x28 src/main.o
 .text          0x00000000       0x14 startup/startup_stm32.o
 .data          0x00000000        0x0 startup/startup_stm32.o
 .bss           0x00000000        0x0 startup/startup_stm32.o
 .text          0x00000000        0x0 c:/ac6/systemworkbench/plugins/fr.ac6.mcu.externaltools.arm-none.win32_1.15.0.201708311556/tools/compiler/bin/../lib/gcc/arm-none-eabi/6.3.1/thumb/v7e-m/fpv4-sp/hard/crtend.o
 .data          0x00000000        0x0 c:/ac6/systemworkbench/plugins/fr.ac6.mcu.externaltools.arm-none.win32_1.15.0.201708311556/tools/compiler/bin/../lib/gcc/arm-none-eabi/6.3.1/thumb/v7e-m/fpv4-sp/hard/crtend.o
 .bss           0x00000000        0x0 c:/ac6/systemworkbench/plugins/fr.ac6.mcu.externaltools.arm-none.win32_1.15.0.201708311556/tools/compiler/bin/../lib/gcc/arm-none-eabi/6.3.1/thumb/v7e-m/fpv4-sp/hard/crtend.o
 .eh_frame      0x00000000        0x4 c:/ac6/systemworkbench/plugins/fr.ac6.mcu.externaltools.arm-none.win32_1.15.0.201708311556/tools/compiler/bin/../lib/gcc/arm-none-eabi/6.3.1/thumb/v7e-m/fpv4-sp/hard/crtend.o
 .jcr           0x00000000        0x4 c:/ac6/systemworkbench/plugins/fr.ac6.mcu.externaltools.arm-none.win32_1.15.0.201708311556/tools/compiler/bin/../lib/gcc/arm-none-eabi/6.3.1/thumb/v7e-m/fpv4-sp/hard/crtend.o
 .ARM.attributes
                0x00000000       0x34 c:/ac6/systemworkbench/plugins/fr.ac6.mcu.externaltools.arm-none.win32_1.15.0.201708311556/tools/compiler/bin/../lib/gcc/arm-none-eabi/6.3.1/thumb/v7e-m/fpv4-sp/hard/crtend.o
 .text          0x00000000        0x0 c:/ac6/systemworkbench/plugins/fr.ac6.mcu.externaltools.arm-none.win32_1.15.0.201708311556/tools/compiler/bin/../lib/gcc/arm-none-eabi/6.3.1/thumb/v7e-m/fpv4-sp/hard/crtn.o
 .data          0x00000000        0x0 c:/ac6/systemworkbench/plugins/fr.ac6.mcu.externaltools.arm-none.win32_1.15.0.201708311556/tools/compiler/bin/../lib/gcc/arm-none-eabi/6.3.1/thumb/v7e-m/fpv4-sp/hard/crtn.o
 .bss           0x00000000        0x0 c:/ac6/systemworkbench/plugins/fr.ac6.mcu.externaltools.arm-none.win32_1.15.0.201708311556/tools/compiler/bin/../lib/gcc/arm-none-eabi/6.3.1/thumb/v7e-m/fpv4-sp/hard/crtn.o
 .text          0x00000000        0x0 c:/ac6/systemworkbench/plugins/fr.ac6.mcu.externaltools.arm-none.win32_1.15.0.201708311556/tools/compiler/bin/../lib/gcc/arm-none-eabi/6.3.1/../../../../arm-none-eabi/lib/thumb/v7e-m/fpv4-sp/hard\libc.a(lib_a-exit.o)
 .data          0x00000000        0x0 c:/ac6/systemworkbench/plugins/fr.ac6.mcu.externaltools.arm-none.win32_1.15.0.201708311556/tools/compiler/bin/../lib/gcc/arm-none-eabi/6.3.1/../../../../arm-none-eabi/lib/thumb/v7e-m/fpv4-sp/hard\libc.a(lib_a-exit.o)
 .bss           0x00000000        0x0 c:/ac6/systemworkbench/plugins/fr.ac6.mcu.externaltools.arm-none.win32_1.15.0.201708311556/tools/compiler/bin/../lib/gcc/arm-none-eabi/6.3.1/../../../../arm-none-eabi/lib/thumb/v7e-m/fpv4-sp/hard\libc.a(lib_a-exit.o)
 .text.exit     0x00000000       0x20 c:/ac6/systemworkbench/plugins/fr.ac6.mcu.externaltools.arm-none.win32_1.15.0.201708311556/tools/compiler/bin/../lib/gcc/arm-none-eabi/6.3.1/../../../../arm-none-eabi/lib/thumb/v7e-m/fpv4-sp/hard\libc.a(lib_a-exit.o)
 .debug_frame   0x00000000       0x28 c:/ac6/systemworkbench/plugins/fr.ac6.mcu.externaltools.arm-none.win32_1.15.0.201708311556/tools/compiler/bin/../lib/gcc/arm-none-eabi/6.3.1/../../../../arm-none-eabi/lib/thumb/v7e-m/fpv4-sp/hard\libc.a(lib_a-exit.o)
 .ARM.attributes
                0x00000000       0x34 c:/ac6/systemworkbench/plugins/fr.ac6.mcu.externaltools.arm-none.win32_1.15.0.201708311556/tools/compiler/bin/../lib/gcc/arm-none-eabi/6.3.1/../../../../arm-none-eabi/lib/thumb/v7e-m/fpv4-sp/hard\libc.a(lib_a-exit.o)
 .text          0x00000000        0x0 c:/ac6/systemworkbench/plugins/fr.ac6.mcu.externaltools.arm-none.win32_1.15.0.201708311556/tools/compiler/bin/../lib/gcc/arm-none-eabi/6.3.1/../../../../arm-none-eabi/lib/thumb/v7e-m/fpv4-sp/hard\libc.a(lib_a-impure.o)
 .data          0x00000000        0x0 c:/ac6/systemworkbench/plugins/fr.ac6.mcu.externaltools.arm-none.win32_1.15.0.201708311556/tools/compiler/bin/../lib/gcc/arm-none-eabi/6.3.1/../../../../arm-none-eabi/lib/thumb/v7e-m/fpv4-sp/hard\libc.a(lib_a-impure.o)
 .bss           0x00000000        0x0 c:/ac6/systemworkbench/plugins/fr.ac6.mcu.externaltools.arm-none.win32_1.15.0.201708311556/tools/compiler/bin/../lib/gcc/arm-none-eabi/6.3.1/../../../../arm-none-eabi/lib/thumb/v7e-m/fpv4-sp/hard\libc.a(lib_a-impure.o)
 .data._impure_ptr
                0x00000000        0x4 c:/ac6/systemworkbench/plugins/fr.ac6.mcu.externaltools.arm-none.win32_1.15.0.201708311556/tools/compiler/bin/../lib/gcc/arm-none-eabi/6.3.1/../../../../arm-none-eabi/lib/thumb/v7e-m/fpv4-sp/hard\libc.a(lib_a-impure.o)
 .ARM.attributes
                0x00000000       0x34 c:/ac6/systemworkbench/plugins/fr.ac6.mcu.externaltools.arm-none.win32_1.15.0.201708311556/tools/compiler/bin/../lib/gcc/arm-none-eabi/6.3.1/../../../../arm-none-eabi/lib/thumb/v7e-m/fpv4-sp/hard\libc.a(lib_a-impure.o)
 .text          0x00000000        0x0 c:/ac6/systemworkbench/plugins/fr.ac6.mcu.externaltools.arm-none.win32_1.15.0.201708311556/tools/compiler/bin/../lib/gcc/arm-none-eabi/6.3.1/../../../../arm-none-eabi/lib/thumb/v7e-m/fpv4-sp/hard\libc.a(lib_a-init.o)
 .data          0x00000000        0x0 c:/ac6/systemworkbench/plugins/fr.ac6.mcu.externaltools.arm-none.win32_1.15.0.201708311556/tools/compiler/bin/../lib/gcc/arm-none-eabi/6.3.1/../../../../arm-none-eabi/lib/thumb/v7e-m/fpv4-sp/hard\libc.a(lib_a-init.o)
 .bss           0x00000000        0x0 c:/ac6/systemworkbench/plugins/fr.ac6.mcu.externaltools.arm-none.win32_1.15.0.201708311556/tools/compiler/bin/../lib/gcc/arm-none-eabi/6.3.1/../../../../arm-none-eabi/lib/thumb/v7e-m/fpv4-sp/hard\libc.a(lib_a-init.o)
 .debug_frame   0x00000000       0x2c c:/ac6/systemworkbench/plugins/fr.ac6.mcu.externaltools.arm-none.win32_1.15.0.201708311556/tools/compiler/bin/../lib/gcc/arm-none-eabi/6.3.1/../../../../arm-none-eabi/lib/thumb/v7e-m/fpv4-sp/hard\libc.a(lib_a-init.o)
 .ARM.attributes
                0x00000000       0x34 c:/ac6/systemworkbench/plugins/fr.ac6.mcu.externaltools.arm-none.win32_1.15.0.201708311556/tools/compiler/bin/../lib/gcc/arm-none-eabi/6.3.1/../../../../arm-none-eabi/lib/thumb/v7e-m/fpv4-sp/hard\libc.a(lib_a-init.o)
 .text          0x00000000        0x0 c:/ac6/systemworkbench/plugins/fr.ac6.mcu.externaltools.arm-none.win32_1.15.0.201708311556/tools/compiler/bin/../lib/gcc/arm-none-eabi/6.3.1/../../../../arm-none-eabi/lib/thumb/v7e-m/fpv4-sp/hard\libc.a(lib_a-memset.o)
 .data          0x00000000        0x0 c:/ac6/systemworkbench/plugins/fr.ac6.mcu.externaltools.arm-none.win32_1.15.0.201708311556/tools/compiler/bin/../lib/gcc/arm-none-eabi/6.3.1/../../../../arm-none-eabi/lib/thumb/v7e-m/fpv4-sp/hard\libc.a(lib_a-memset.o)
 .bss           0x00000000        0x0 c:/ac6/systemworkbench/plugins/fr.ac6.mcu.externaltools.arm-none.win32_1.15.0.201708311556/tools/compiler/bin/../lib/gcc/arm-none-eabi/6.3.1/../../../../arm-none-eabi/lib/thumb/v7e-m/fpv4-sp/hard\libc.a(lib_a-memset.o)
 .debug_frame   0x00000000       0x34 c:/ac6/systemworkbench/plugins/fr.ac6.mcu.externaltools.arm-none.win32_1.15.0.201708311556/tools/compiler/bin/../lib/gcc/arm-none-eabi/6.3.1/../../../../arm-none-eabi/lib/thumb/v7e-m/fpv4-sp/hard\libc.a(lib_a-memset.o)
 .ARM.attributes
                0x00000000       0x34 c:/ac6/systemworkbench/plugins/fr.ac6.mcu.externaltools.arm-none.win32_1.15.0.201708311556/tools/compiler/bin/../lib/gcc/arm-none-eabi/6.3.1/../../../../arm-none-eabi/lib/thumb/v7e-m/fpv4-sp/hard\libc.a(lib_a-memset.o)
 .text          0x00000000        0x0 c:/ac6/systemworkbench/plugins/fr.ac6.mcu.externaltools.arm-none.win32_1.15.0.201708311556/tools/compiler/bin/../lib/gcc/arm-none-eabi/6.3.1/../../../../arm-none-eabi/lib/thumb/v7e-m/fpv4-sp/hard\libc.a(lib_a-__call_atexit.o)
 .data          0x00000000        0x0 c:/ac6/systemworkbench/plugins/fr.ac6.mcu.externaltools.arm-none.win32_1.15.0.201708311556/tools/compiler/bin/../lib/gcc/arm-none-eabi/6.3.1/../../../../arm-none-eabi/lib/thumb/v7e-m/fpv4-sp/hard\libc.a(lib_a-__call_atexit.o)
 .bss           0x00000000        0x0 c:/ac6/systemworkbench/plugins/fr.ac6.mcu.externaltools.arm-none.win32_1.15.0.201708311556/tools/compiler/bin/../lib/gcc/arm-none-eabi/6.3.1/../../../../arm-none-eabi/lib/thumb/v7e-m/fpv4-sp/hard\libc.a(lib_a-__call_atexit.o)
 .text.__call_exitprocs
                0x00000000       0xe8 c:/ac6/systemworkbench/plugins/fr.ac6.mcu.externaltools.arm-none.win32_1.15.0.201708311556/tools/compiler/bin/../lib/gcc/arm-none-eabi/6.3.1/../../../../arm-none-eabi/lib/thumb/v7e-m/fpv4-sp/hard\libc.a(lib_a-__call_atexit.o)
 .debug_frame   0x00000000       0x5c c:/ac6/systemworkbench/plugins/fr.ac6.mcu.externaltools.arm-none.win32_1.15.0.201708311556/tools/compiler/bin/../lib/gcc/arm-none-eabi/6.3.1/../../../../arm-none-eabi/lib/thumb/v7e-m/fpv4-sp/hard\libc.a(lib_a-__call_atexit.o)
 .ARM.attributes
                0x00000000       0x34 c:/ac6/systemworkbench/plugins/fr.ac6.mcu.externaltools.arm-none.win32_1.15.0.201708311556/tools/compiler/bin/../lib/gcc/arm-none-eabi/6.3.1/../../../../arm-none-eabi/lib/thumb/v7e-m/fpv4-sp/hard\libc.a(lib_a-__call_atexit.o)
 .text          0x00000000        0x0 c:/ac6/systemworkbench/plugins/fr.ac6.mcu.externaltools.arm-none.win32_1.15.0.201708311556/tools/compiler/bin/../lib/gcc/arm-none-eabi/6.3.1/../../../../arm-none-eabi/lib/thumb/v7e-m/fpv4-sp/hard\libc.a(lib_a-atexit.o)
 .data          0x00000000        0x0 c:/ac6/systemworkbench/plugins/fr.ac6.mcu.externaltools.arm-none.win32_1.15.0.201708311556/tools/compiler/bin/../lib/gcc/arm-none-eabi/6.3.1/../../../../arm-none-eabi/lib/thumb/v7e-m/fpv4-sp/hard\libc.a(lib_a-atexit.o)
 .bss           0x00000000        0x0 c:/ac6/systemworkbench/plugins/fr.ac6.mcu.externaltools.arm-none.win32_1.15.0.201708311556/tools/compiler/bin/../lib/gcc/arm-none-eabi/6.3.1/../../../../arm-none-eabi/lib/thumb/v7e-m/fpv4-sp/hard\libc.a(lib_a-atexit.o)
 .debug_frame   0x00000000       0x20 c:/ac6/systemworkbench/plugins/fr.ac6.mcu.externaltools.arm-none.win32_1.15.0.201708311556/tools/compiler/bin/../lib/gcc/arm-none-eabi/6.3.1/../../../../arm-none-eabi/lib/thumb/v7e-m/fpv4-sp/hard\libc.a(lib_a-atexit.o)
 .ARM.attributes
                0x00000000       0x34 c:/ac6/systemworkbench/plugins/fr.ac6.mcu.externaltools.arm-none.win32_1.15.0.201708311556/tools/compiler/bin/../lib/gcc/arm-none-eabi/6.3.1/../../../../arm-none-eabi/lib/thumb/v7e-m/fpv4-sp/hard\libc.a(lib_a-atexit.o)
 .text          0x00000000        0x0 c:/ac6/systemworkbench/plugins/fr.ac6.mcu.externaltools.arm-none.win32_1.15.0.201708311556/tools/compiler/bin/../lib/gcc/arm-none-eabi/6.3.1/../../../../arm-none-eabi/lib/thumb/v7e-m/fpv4-sp/hard\libc.a(lib_a-fini.o)
 .data          0x00000000        0x0 c:/ac6/systemworkbench/plugins/fr.ac6.mcu.externaltools.arm-none.win32_1.15.0.201708311556/tools/compiler/bin/../lib/gcc/arm-none-eabi/6.3.1/../../../../arm-none-eabi/lib/thumb/v7e-m/fpv4-sp/hard\libc.a(lib_a-fini.o)
 .bss           0x00000000        0x0 c:/ac6/systemworkbench/plugins/fr.ac6.mcu.externaltools.arm-none.win32_1.15.0.201708311556/tools/compiler/bin/../lib/gcc/arm-none-eabi/6.3.1/../../../../arm-none-eabi/lib/thumb/v7e-m/fpv4-sp/hard\libc.a(lib_a-fini.o)
 .debug_frame   0x00000000       0x34 c:/ac6/systemworkbench/plugins/fr.ac6.mcu.externaltools.arm-none.win32_1.15.0.201708311556/tools/compiler/bin/../lib/gcc/arm-none-eabi/6.3.1/../../../../arm-none-eabi/lib/thumb/v7e-m/fpv4-sp/hard\libc.a(lib_a-fini.o)
 .ARM.attributes
                0x00000000       0x34 c:/ac6/systemworkbench/plugins/fr.ac6.mcu.externaltools.arm-none.win32_1.15.0.201708311556/tools/compiler/bin/../lib/gcc/arm-none-eabi/6.3.1/../../../../arm-none-eabi/lib/thumb/v7e-m/fpv4-sp/hard\libc.a(lib_a-fini.o)
 .text          0x00000000        0x0 c:/ac6/systemworkbench/plugins/fr.ac6.mcu.externaltools.arm-none.win32_1.15.0.201708311556/tools/compiler/bin/../lib/gcc/arm-none-eabi/6.3.1/../../../../arm-none-eabi/lib/thumb/v7e-m/fpv4-sp/hard\libc.a(lib_a-lock.o)
 .data          0x00000000        0x0 c:/ac6/systemworkbench/plugins/fr.ac6.mcu.externaltools.arm-none.win32_1.15.0.201708311556/tools/compiler/bin/../lib/gcc/arm-none-eabi/6.3.1/../../../../arm-none-eabi/lib/thumb/v7e-m/fpv4-sp/hard\libc.a(lib_a-lock.o)
 .bss           0x00000000        0x0 c:/ac6/systemworkbench/plugins/fr.ac6.mcu.externaltools.arm-none.win32_1.15.0.201708311556/tools/compiler/bin/../lib/gcc/arm-none-eabi/6.3.1/../../../../arm-none-eabi/lib/thumb/v7e-m/fpv4-sp/hard\libc.a(lib_a-lock.o)
 .text.__retarget_lock_init
                0x00000000        0x4 c:/ac6/systemworkbench/plugins/fr.ac6.mcu.externaltools.arm-none.win32_1.15.0.201708311556/tools/compiler/bin/../lib/gcc/arm-none-eabi/6.3.1/../../../../arm-none-eabi/lib/thumb/v7e-m/fpv4-sp/hard\libc.a(lib_a-lock.o)
 .text.__retarget_lock_init_recursive
                0x00000000        0x4 c:/ac6/systemworkbench/plugins/fr.ac6.mcu.externaltools.arm-none.win32_1.15.0.201708311556/tools/compiler/bin/../lib/gcc/arm-none-eabi/6.3.1/../../../../arm-none-eabi/lib/thumb/v7e-m/fpv4-sp/hard\libc.a(lib_a-lock.o)
 .text.__retarget_lock_close
                0x00000000        0x4 c:/ac6/systemworkbench/plugins/fr.ac6.mcu.externaltools.arm-none.win32_1.15.0.201708311556/tools/compiler/bin/../lib/gcc/arm-none-eabi/6.3.1/../../../../arm-none-eabi/lib/thumb/v7e-m/fpv4-sp/hard\libc.a(lib_a-lock.o)
 .text.__retarget_lock_close_recursive
                0x00000000        0x4 c:/ac6/systemworkbench/plugins/fr.ac6.mcu.externaltools.arm-none.win32_1.15.0.201708311556/tools/compiler/bin/../lib/gcc/arm-none-eabi/6.3.1/../../../../arm-none-eabi/lib/thumb/v7e-m/fpv4-sp/hard\libc.a(lib_a-lock.o)
 .text.__retarget_lock_acquire
                0x00000000        0x4 c:/ac6/systemworkbench/plugins/fr.ac6.mcu.externaltools.arm-none.win32_1.15.0.201708311556/tools/compiler/bin/../lib/gcc/arm-none-eabi/6.3.1/../../../../arm-none-eabi/lib/thumb/v7e-m/fpv4-sp/hard\libc.a(lib_a-lock.o)
 .text.__retarget_lock_try_acquire
                0x00000000        0x4 c:/ac6/systemworkbench/plugins/fr.ac6.mcu.externaltools.arm-none.win32_1.15.0.201708311556/tools/compiler/bin/../lib/gcc/arm-none-eabi/6.3.1/../../../../arm-none-eabi/lib/thumb/v7e-m/fpv4-sp/hard\libc.a(lib_a-lock.o)
 .text.__retarget_lock_try_acquire_recursive
                0x00000000        0x4 c:/ac6/systemworkbench/plugins/fr.ac6.mcu.externaltools.arm-none.win32_1.15.0.201708311556/tools/compiler/bin/../lib/gcc/arm-none-eabi/6.3.1/../../../../arm-none-eabi/lib/thumb/v7e-m/fpv4-sp/hard\libc.a(lib_a-lock.o)
 .text.__retarget_lock_release
                0x00000000        0x4 c:/ac6/systemworkbench/plugins/fr.ac6.mcu.externaltools.arm-none.win32_1.15.0.201708311556/tools/compiler/bin/../lib/gcc/arm-none-eabi/6.3.1/../../../../arm-none-eabi/lib/thumb/v7e-m/fpv4-sp/hard\libc.a(lib_a-lock.o)
 .debug_frame   0x00000000       0xb0 c:/ac6/systemworkbench/plugins/fr.ac6.mcu.externaltools.arm-none.win32_1.15.0.201708311556/tools/compiler/bin/../lib/gcc/arm-none-eabi/6.3.1/../../../../arm-none-eabi/lib/thumb/v7e-m/fpv4-sp/hard\libc.a(lib_a-lock.o)
 .ARM.attributes
                0x00000000       0x34 c:/ac6/systemworkbench/plugins/fr.ac6.mcu.externaltools.arm-none.win32_1.15.0.201708311556/tools/compiler/bin/../lib/gcc/arm-none-eabi/6.3.1/../../../../arm-none-eabi/lib/thumb/v7e-m/fpv4-sp/hard\libc.a(lib_a-lock.o)
 .text          0x00000000        0x0 c:/ac6/systemworkbench/plugins/fr.ac6.mcu.externaltools.arm-none.win32_1.15.0.201708311556/tools/compiler/bin/../lib/gcc/arm-none-eabi/6.3.1/../../../../arm-none-eabi/lib/thumb/v7e-m/fpv4-sp/hard\libc.a(lib_a-__atexit.o)
 .data          0x00000000        0x0 c:/ac6/systemworkbench/plugins/fr.ac6.mcu.externaltools.arm-none.win32_1.15.0.201708311556/tools/compiler/bin/../lib/gcc/arm-none-eabi/6.3.1/../../../../arm-none-eabi/lib/thumb/v7e-m/fpv4-sp/hard\libc.a(lib_a-__atexit.o)
 .bss           0x00000000        0x0 c:/ac6/systemworkbench/plugins/fr.ac6.mcu.externaltools.arm-none.win32_1.15.0.201708311556/tools/compiler/bin/../lib/gcc/arm-none-eabi/6.3.1/../../../../arm-none-eabi/lib/thumb/v7e-m/fpv4-sp/hard\libc.a(lib_a-__atexit.o)
 .debug_frame   0x00000000       0x34 c:/ac6/systemworkbench/plugins/fr.ac6.mcu.externaltools.arm-none.win32_1.15.0.201708311556/tools/compiler/bin/../lib/gcc/arm-none-eabi/6.3.1/../../../../arm-none-eabi/lib/thumb/v7e-m/fpv4-sp/hard\libc.a(lib_a-__atexit.o)
 .ARM.attributes
                0x00000000       0x34 c:/ac6/systemworkbench/plugins/fr.ac6.mcu.externaltools.arm-none.win32_1.15.0.201708311556/tools/compiler/bin/../lib/gcc/arm-none-eabi/6.3.1/../../../../arm-none-eabi/lib/thumb/v7e-m/fpv4-sp/hard\libc.a(lib_a-__atexit.o)

Memory Configuration

Name             Origin             Length             Attributes
RAM              0x20000000         0x00020000         xrw
ROM              0x08000000         0x00080000         xr
*default*        0x00000000         0xffffffff

Linker script and memory map

LOAD c:/ac6/systemworkbench/plugins/fr.ac6.mcu.externaltools.arm-none.win32_1.15.0.201708311556/tools/compiler/bin/../lib/gcc/arm-none-eabi/6.3.1/thumb/v7e-m/fpv4-sp/hard/crti.o
LOAD c:/ac6/systemworkbench/plugins/fr.ac6.mcu.externaltools.arm-none.win32_1.15.0.201708311556/tools/compiler/bin/../lib/gcc/arm-none-eabi/6.3.1/thumb/v7e-m/fpv4-sp/hard/crtbegin.o
LOAD c:/ac6/systemworkbench/plugins/fr.ac6.mcu.externaltools.arm-none.win32_1.15.0.201708311556/tools/compiler/bin/../lib/gcc/arm-none-eabi/6.3.1/../../../../arm-none-eabi/lib/thumb/v7e-m/fpv4-sp/hard/crt0.o
LOAD src/interrupt_manager.o
LOAD src/main.o
LOAD startup/startup_stm32.o
LOAD c:/ac6/systemworkbench/plugins/fr.ac6.mcu.externaltools.arm-none.win32_1.15.0.201708311556/tools/compiler/bin/../lib/gcc/arm-none-eabi/6.3.1/../../../../arm-none-eabi/lib/thumb/v7e-m/fpv4-sp/hard\libm.a
LOAD c:/ac6/systemworkbench/plugins/fr.ac6.mcu.externaltools.arm-none.win32_1.15.0.201708311556/tools/compiler/bin/../lib/gcc/arm-none-eabi/6.3.1/thumb/v7e-m/fpv4-sp/hard/crtend.o
LOAD c:/ac6/systemworkbench/plugins/fr.ac6.mcu.externaltools.arm-none.win32_1.15.0.201708311556/tools/compiler/bin/../lib/gcc/arm-none-eabi/6.3.1/thumb/v7e-m/fpv4-sp/hard/crtn.o
                0x20020000                _estack = 0x20020000
                0x00000000                _Min_Heap_Size = 0x0
                0x00000400                _Min_Stack_Size = 0x400

.isr_vector     0x08000000      0x188
                0x08000000                . = ALIGN (0x4)
 *(.isr_vector)
 .isr_vector    0x08000000      0x188 startup/startup_stm32.o
                0x08000000                g_pfnVectors
                0x08000188                . = ALIGN (0x4)

.text           0x08000188     0x1674
                0x08000188                . = ALIGN (0x4)
 *(.text)
 .text          0x08000188       0x6c c:/ac6/systemworkbench/plugins/fr.ac6.mcu.externaltools.arm-none.win32_1.15.0.201708311556/tools/compiler/bin/../lib/gcc/arm-none-eabi/6.3.1/thumb/v7e-m/fpv4-sp/hard/crtbegin.o
 *(.text*)
 .text.Default_Handler
                0x080001f4       0x88 src/interrupt_manager.o
                0x080001f4                Default_Handler
 .text.SysTick_Handler
                0x0800027c       0x1c src/interrupt_manager.o
                0x0800027c                SysTick_Handler
 .text.startup._GLOBAL__sub_I_interrupt_dispatcher
                0x08000298       0x1c src/interrupt_manager.o
 .text._ZN7StaticFIFvvELj12EE12InvokerBoundIZN3mcu9DmaDeviceI14EventQueuePrioI12TimerManagerIS_IS0_Lj20EEES7_ES7_E15enableInterruptEvEUlvE0_ED0Ev
                0x080002b4        0x4 src/main.o
                0x080002b4                StaticF<void (), 12u>::InvokerBound<mcu::DmaDevice<EventQueuePrio<TimerManager<StaticF<void (), 20u> >, StaticF<void (), 20u> >, StaticF<void (), 20u> >::enableInterrupt()::{lambda()#2}>::~InvokerBound()
                0x080002b4                StaticF<void (), 12u>::InvokerBound<mcu::DmaDevice<EventQueuePrio<TimerManager<StaticF<void (), 20u> >, StaticF<void (), 20u> >, StaticF<void (), 20u> >::enableInterrupt()::{lambda()#2}>::~InvokerBound()
                0x080002b4                StaticF<void (), 12u>::InvokerBound<mcu::DmaDevice<EventQueuePrio<TimerManager<StaticF<void (), 20u> >, StaticF<void (), 20u> >, StaticF<void (), 20u> >::enableInterrupt()::{lambda()#2}>::~InvokerBound()
 .text._ZNK7StaticFIFvvELj12EE12InvokerBoundIZN3mcu9DmaDeviceI14EventQueuePrioI12TimerManagerIS_IS0_Lj20EEES7_ES7_E15enableInterruptEvEUlvE0_E4execEv
                0x080002b8       0x20 src/main.o
                0x080002b8                StaticF<void (), 12u>::InvokerBound<mcu::DmaDevice<EventQueuePrio<TimerManager<StaticF<void (), 20u> >, StaticF<void (), 20u> >, StaticF<void (), 20u> >::enableInterrupt()::{lambda()#2}>::exec() const
 .text._ZN7StaticFIFvvELj12EE12InvokerBoundIZN3mcu9DmaDeviceI14EventQueuePrioI12TimerManagerIS_IS0_Lj20EEES7_ES7_E15enableInterruptEvEUlvE0_E4execEv
                0x080002d8       0x20 src/main.o
                0x080002d8                StaticF<void (), 12u>::InvokerBound<mcu::DmaDevice<EventQueuePrio<TimerManager<StaticF<void (), 20u> >, StaticF<void (), 20u> >, StaticF<void (), 20u> >::enableInterrupt()::{lambda()#2}>::exec()
 .text._ZN7StaticFIFvvELj20EE12InvokerBoundIZN4OledIN3mcu9SpiDeviceI14EventQueuePrioI12TimerManagerIS1_ES1_ENS4_9DmaDeviceIS9_S1_EENS4_3PinES1_EESC_E7displayEvEUlvE_ED0Ev
                0x080002f8        0x4 src/main.o
                0x080002f8                StaticF<void (), 20u>::InvokerBound<Oled<mcu::SpiDevice<EventQueuePrio<TimerManager<StaticF<void (), 20u> >, StaticF<void (), 20u> >, mcu::DmaDevice<EventQueuePrio<TimerManager<StaticF<void (), 20u> >, StaticF<void (), 20u> >, StaticF<void (), 20u> >, mcu::Pin, StaticF<void (), 20u> >, mcu::Pin>::display()::{lambda()#1}>::~InvokerBound()
                0x080002f8                StaticF<void (), 20u>::InvokerBound<Oled<mcu::SpiDevice<EventQueuePrio<TimerManager<StaticF<void (), 20u> >, StaticF<void (), 20u> >, mcu::DmaDevice<EventQueuePrio<TimerManager<StaticF<void (), 20u> >, StaticF<void (), 20u> >, StaticF<void (), 20u> >, mcu::Pin, StaticF<void (), 20u> >, mcu::Pin>::display()::{lambda()#1}>::~InvokerBound()
                0x080002f8                StaticF<void (), 20u>::InvokerBound<Oled<mcu::SpiDevice<EventQueuePrio<TimerManager<StaticF<void (), 20u> >, StaticF<void (), 20u> >, mcu::DmaDevice<EventQueuePrio<TimerManager<StaticF<void (), 20u> >, StaticF<void (), 20u> >, StaticF<void (), 20u> >, mcu::Pin, StaticF<void (), 20u> >, mcu::Pin>::display()::{lambda()#1}>::~InvokerBound()
 .text._ZNK7StaticFIFvvELj20EE12InvokerBoundIZN4OledIN3mcu9SpiDeviceI14EventQueuePrioI12TimerManagerIS1_ES1_ENS4_9DmaDeviceIS9_S1_EENS4_3PinES1_EESC_E7displayEvEUlvE_E4execEv
                0x080002fc       0x10 src/main.o
                0x080002fc                StaticF<void (), 20u>::InvokerBound<Oled<mcu::SpiDevice<EventQueuePrio<TimerManager<StaticF<void (), 20u> >, StaticF<void (), 20u> >, mcu::DmaDevice<EventQueuePrio<TimerManager<StaticF<void (), 20u> >, StaticF<void (), 20u> >, StaticF<void (), 20u> >, mcu::Pin, StaticF<void (), 20u> >, mcu::Pin>::display()::{lambda()#1}>::exec() const
 .text._ZN7StaticFIFvvELj20EE12InvokerBoundIZN4OledIN3mcu9SpiDeviceI14EventQueuePrioI12TimerManagerIS1_ES1_ENS4_9DmaDeviceIS9_S1_EENS4_3PinES1_EESC_E7displayEvEUlvE_E4execEv
                0x0800030c       0x10 src/main.o
                0x0800030c                StaticF<void (), 20u>::InvokerBound<Oled<mcu::SpiDevice<EventQueuePrio<TimerManager<StaticF<void (), 20u> >, StaticF<void (), 20u> >, mcu::DmaDevice<EventQueuePrio<TimerManager<StaticF<void (), 20u> >, StaticF<void (), 20u> >, StaticF<void (), 20u> >, mcu::Pin, StaticF<void (), 20u> >, mcu::Pin>::display()::{lambda()#1}>::exec()
 .text._ZN7StaticFIFvvELj12EE12InvokerBoundIZN12TimerManagerIS_IS0_Lj20EEEC4EvEUlvE_ED0Ev
                0x0800031c        0x4 src/main.o
                0x0800031c                StaticF<void (), 12u>::InvokerBound<TimerManager<StaticF<void (), 20u> >::TimerManager()::{lambda()#1}>::~InvokerBound()
                0x0800031c                StaticF<void (), 12u>::InvokerBound<TimerManager<StaticF<void (), 20u> >::TimerManager()::{lambda()#1}>::~InvokerBound()
                0x0800031c                StaticF<void (), 12u>::InvokerBound<TimerManager<StaticF<void (), 20u> >::TimerManager()::{lambda()#1}>::~InvokerBound()
 .text._ZN7StaticFIFvvELj12EE12InvokerBoundIZN12TimerManagerIS_IS0_Lj20EEEC4EvEUlvE_E4execEv
                0x08000320       0x48 src/main.o
                0x08000320                StaticF<void (), 12u>::InvokerBound<TimerManager<StaticF<void (), 20u> >::TimerManager()::{lambda()#1}>::exec()
 .text._ZN7StaticFIFvvELj20EE12InvokerBoundIZN14EventQueuePrioI12TimerManagerIS1_ES1_E14rec_post_in_msIZ4mainEUlvE0_EEvT_NSt6chrono8durationIxSt5ratioILx1ELx1000EEEEhEUlvE_ED0Ev
                0x08000368        0x4 src/main.o
 .text._ZN7StaticFIFvvELj20EE12InvokerBoundIZN14EventQueuePrioI12TimerManagerIS1_ES1_E14rec_post_in_msIZ4mainEUlvE0_EEvT_NSt6chrono8durationIxSt5ratioILx1ELx1000EEEEhEUlvE_E4execEv
                0x0800036c       0x68 src/main.o
 .text._ZN7StaticFIFvvELj20EE12InvokerBoundIZ4mainEUlvE0_ED0Ev
                0x080003d4        0x4 src/main.o
 .text._ZN7StaticFIFvvELj20EE12InvokerBoundIZ4mainEUlvE0_E4execEv
                0x080003d8       0x18 src/main.o
 .text._ZN7StaticFIFvvELj20EE12InvokerBoundIZN14EventQueuePrioI12TimerManagerIS1_ES1_E14rec_post_in_msIZ4mainEUlvE_EEvT_NSt6chrono8durationIxSt5ratioILx1ELx1000EEEEhEUlvE_ED0Ev
                0x080003f0        0x4 src/main.o
 .text._ZN7StaticFIFvvELj20EE12InvokerBoundIZN14EventQueuePrioI12TimerManagerIS1_ES1_E14rec_post_in_msIZ4mainEUlvE_EEvT_NSt6chrono8durationIxSt5ratioILx1ELx1000EEEEhEUlvE_E4execEv
                0x080003f4       0x68 src/main.o
 .text._ZN7StaticFIFvvELj20EE12InvokerBoundIZ4mainEUlvE_ED0Ev
                0x0800045c        0x4 src/main.o
 .text._ZN7StaticFIFvvELj20EE12InvokerBoundIZN4OledIN3mcu9SpiDeviceI14EventQueuePrioI12TimerManagerIS1_ES1_ENS4_9DmaDeviceIS9_S1_EENS4_3PinES1_EESC_E4initEvEUlvE_ED0Ev
                0x08000460        0x4 src/main.o
                0x08000460                StaticF<void (), 20u>::InvokerBound<Oled<mcu::SpiDevice<EventQueuePrio<TimerManager<StaticF<void (), 20u> >, StaticF<void (), 20u> >, mcu::DmaDevice<EventQueuePrio<TimerManager<StaticF<void (), 20u> >, StaticF<void (), 20u> >, StaticF<void (), 20u> >, mcu::Pin, StaticF<void (), 20u> >, mcu::Pin>::init()::{lambda()#1}>::~InvokerBound()
                0x08000460                StaticF<void (), 20u>::InvokerBound<Oled<mcu::SpiDevice<EventQueuePrio<TimerManager<StaticF<void (), 20u> >, StaticF<void (), 20u> >, mcu::DmaDevice<EventQueuePrio<TimerManager<StaticF<void (), 20u> >, StaticF<void (), 20u> >, StaticF<void (), 20u> >, mcu::Pin, StaticF<void (), 20u> >, mcu::Pin>::init()::{lambda()#1}>::~InvokerBound()
                0x08000460                StaticF<void (), 20u>::InvokerBound<Oled<mcu::SpiDevice<EventQueuePrio<TimerManager<StaticF<void (), 20u> >, StaticF<void (), 20u> >, mcu::DmaDevice<EventQueuePrio<TimerManager<StaticF<void (), 20u> >, StaticF<void (), 20u> >, StaticF<void (), 20u> >, mcu::Pin, StaticF<void (), 20u> >, mcu::Pin>::init()::{lambda()#1}>::~InvokerBound()
 .text._ZNK7StaticFIFvvELj20EE12InvokerBoundIZN4OledIN3mcu9SpiDeviceI14EventQueuePrioI12TimerManagerIS1_ES1_ENS4_9DmaDeviceIS9_S1_EENS4_3PinES1_EESC_E4initEvEUlvE_E4execEv
                0x08000464       0x10 src/main.o
                0x08000464                StaticF<void (), 20u>::InvokerBound<Oled<mcu::SpiDevice<EventQueuePrio<TimerManager<StaticF<void (), 20u> >, StaticF<void (), 20u> >, mcu::DmaDevice<EventQueuePrio<TimerManager<StaticF<void (), 20u> >, StaticF<void (), 20u> >, StaticF<void (), 20u> >, mcu::Pin, StaticF<void (), 20u> >, mcu::Pin>::init()::{lambda()#1}>::exec() const
 .text._ZN7StaticFIFvvELj20EE12InvokerBoundIZN4OledIN3mcu9SpiDeviceI14EventQueuePrioI12TimerManagerIS1_ES1_ENS4_9DmaDeviceIS9_S1_EENS4_3PinES1_EESC_E4initEvEUlvE_E4execEv
                0x08000474       0x10 src/main.o
                0x08000474                StaticF<void (), 20u>::InvokerBound<Oled<mcu::SpiDevice<EventQueuePrio<TimerManager<StaticF<void (), 20u> >, StaticF<void (), 20u> >, mcu::DmaDevice<EventQueuePrio<TimerManager<StaticF<void (), 20u> >, StaticF<void (), 20u> >, StaticF<void (), 20u> >, mcu::Pin, StaticF<void (), 20u> >, mcu::Pin>::init()::{lambda()#1}>::exec()
 .text._ZN7StaticFIFvvELj20EE12InvokerBoundIZN3mcu9SpiDeviceI14EventQueuePrioI12TimerManagerIS1_ES1_ENS3_9DmaDeviceIS8_S1_EENS3_3PinES1_EC4ERKS8_RSA_NSC_10Instance_tENSC_7Speed_tESB_SB_NSC_6MorS_tENSC_6Mode_tEEUlvE_ED0Ev
                0x08000484        0x4 src/main.o
                0x08000484                StaticF<void (), 20u>::InvokerBound<mcu::SpiDevice<EventQueuePrio<TimerManager<StaticF<void (), 20u> >, StaticF<void (), 20u> >, mcu::DmaDevice<EventQueuePrio<TimerManager<StaticF<void (), 20u> >, StaticF<void (), 20u> >, StaticF<void (), 20u> >, mcu::Pin, StaticF<void (), 20u> >::SpiDevice(EventQueuePrio<TimerManager<StaticF<void (), 20u> >, StaticF<void (), 20u> > const&, mcu::DmaDevice<EventQueuePrio<TimerManager<StaticF<void (), 20u> >, StaticF<void (), 20u> >, StaticF<void (), 20u> >&, mcu::SpiDevice<EventQueuePrio<TimerManager<StaticF<void (), 20u> >, StaticF<void (), 20u> >, mcu::DmaDevice<EventQueuePrio<TimerManager<StaticF<void (), 20u> >, StaticF<void (), 20u> >, StaticF<void (), 20u> >, mcu::Pin, StaticF<void (), 20u> >::Instance_t, mcu::SpiDevice<EventQueuePrio<TimerManager<StaticF<void (), 20u> >, StaticF<void (), 20u> >, mcu::DmaDevice<EventQueuePrio<TimerManager<StaticF<void (), 20u> >, StaticF<void (), 20u> >, StaticF<void (), 20u> >, mcu::Pin, StaticF<void (), 20u> >::Speed_t, mcu::Pin, mcu::Pin, mcu::SpiDevice<EventQueuePrio<TimerManager<StaticF<void (), 20u> >, StaticF<void (), 20u> >, mcu::DmaDevice<EventQueuePrio<TimerManager<StaticF<void (), 20u> >, StaticF<void (), 20u> >, StaticF<void (), 20u> >, mcu::Pin, StaticF<void (), 20u> >::MorS_t, mcu::SpiDevice<EventQueuePrio<TimerManager<StaticF<void (), 20u> >, StaticF<void (), 20u> >, mcu::DmaDevice<EventQueuePrio<TimerManager<StaticF<void (), 20u> >, StaticF<void (), 20u> >, StaticF<void (), 20u> >, mcu::Pin, StaticF<void (), 20u> >::Mode_t)::{lambda()#1}>::~InvokerBound()
                0x08000484                StaticF<void (), 20u>::InvokerBound<mcu::SpiDevice<EventQueuePrio<TimerManager<StaticF<void (), 20u> >, StaticF<void (), 20u> >, mcu::DmaDevice<EventQueuePrio<TimerManager<StaticF<void (), 20u> >, StaticF<void (), 20u> >, StaticF<void (), 20u> >, mcu::Pin, StaticF<void (), 20u> >::SpiDevice(EventQueuePrio<TimerManager<StaticF<void (), 20u> >, StaticF<void (), 20u> > const&, mcu::DmaDevice<EventQueuePrio<TimerManager<StaticF<void (), 20u> >, StaticF<void (), 20u> >, StaticF<void (), 20u> >&, mcu::SpiDevice<EventQueuePrio<TimerManager<StaticF<void (), 20u> >, StaticF<void (), 20u> >, mcu::DmaDevice<EventQueuePrio<TimerManager<StaticF<void (), 20u> >, StaticF<void (), 20u> >, StaticF<void (), 20u> >, mcu::Pin, StaticF<void (), 20u> >::Instance_t, mcu::SpiDevice<EventQueuePrio<TimerManager<StaticF<void (), 20u> >, StaticF<void (), 20u> >, mcu::DmaDevice<EventQueuePrio<TimerManager<StaticF<void (), 20u> >, StaticF<void (), 20u> >, StaticF<void (), 20u> >, mcu::Pin, StaticF<void (), 20u> >::Speed_t, mcu::Pin, mcu::Pin, mcu::SpiDevice<EventQueuePrio<TimerManager<StaticF<void (), 20u> >, StaticF<void (), 20u> >, mcu::DmaDevice<EventQueuePrio<TimerManager<StaticF<void (), 20u> >, StaticF<void (), 20u> >, StaticF<void (), 20u> >, mcu::Pin, StaticF<void (), 20u> >::MorS_t, mcu::SpiDevice<EventQueuePrio<TimerManager<StaticF<void (), 20u> >, StaticF<void (), 20u> >, mcu::DmaDevice<EventQueuePrio<TimerManager<StaticF<void (), 20u> >, StaticF<void (), 20u> >, StaticF<void (), 20u> >, mcu::Pin, StaticF<void (), 20u> >::Mode_t)::{lambda()#1}>::~InvokerBound()
                0x08000484                StaticF<void (), 20u>::InvokerBound<mcu::SpiDevice<EventQueuePrio<TimerManager<StaticF<void (), 20u> >, StaticF<void (), 20u> >, mcu::DmaDevice<EventQueuePrio<TimerManager<StaticF<void (), 20u> >, StaticF<void (), 20u> >, StaticF<void (), 20u> >, mcu::Pin, StaticF<void (), 20u> >::SpiDevice(EventQueuePrio<TimerManager<StaticF<void (), 20u> >, StaticF<void (), 20u> > const&, mcu::DmaDevice<EventQueuePrio<TimerManager<StaticF<void (), 20u> >, StaticF<void (), 20u> >, StaticF<void (), 20u> >&, mcu::SpiDevice<EventQueuePrio<TimerManager<StaticF<void (), 20u> >, StaticF<void (), 20u> >, mcu::DmaDevice<EventQueuePrio<TimerManager<StaticF<void (), 20u> >, StaticF<void (), 20u> >, StaticF<void (), 20u> >, mcu::Pin, StaticF<void (), 20u> >::Instance_t, mcu::SpiDevice<EventQueuePrio<TimerManager<StaticF<void (), 20u> >, StaticF<void (), 20u> >, mcu::DmaDevice<EventQueuePrio<TimerManager<StaticF<void (), 20u> >, StaticF<void (), 20u> >, StaticF<void (), 20u> >, mcu::Pin, StaticF<void (), 20u> >::Speed_t, mcu::Pin, mcu::Pin, mcu::SpiDevice<EventQueuePrio<TimerManager<StaticF<void (), 20u> >, StaticF<void (), 20u> >, mcu::DmaDevice<EventQueuePrio<TimerManager<StaticF<void (), 20u> >, StaticF<void (), 20u> >, StaticF<void (), 20u> >, mcu::Pin, StaticF<void (), 20u> >::MorS_t, mcu::SpiDevice<EventQueuePrio<TimerManager<StaticF<void (), 20u> >, StaticF<void (), 20u> >, mcu::DmaDevice<EventQueuePrio<TimerManager<StaticF<void (), 20u> >, StaticF<void (), 20u> >, StaticF<void (), 20u> >, mcu::Pin, StaticF<void (), 20u> >::Mode_t)::{lambda()#1}>::~InvokerBound()
 .text._ZNK7StaticFIFvvELj20EE12InvokerBoundIZN3mcu9SpiDeviceI14EventQueuePrioI12TimerManagerIS1_ES1_ENS3_9DmaDeviceIS8_S1_EENS3_3PinES1_EC4ERKS8_RSA_NSC_10Instance_tENSC_7Speed_tESB_SB_NSC_6MorS_tENSC_6Mode_tEEUlvE_E4execEv
                0x08000488       0x24 src/main.o
                0x08000488                StaticF<void (), 20u>::InvokerBound<mcu::SpiDevice<EventQueuePrio<TimerManager<StaticF<void (), 20u> >, StaticF<void (), 20u> >, mcu::DmaDevice<EventQueuePrio<TimerManager<StaticF<void (), 20u> >, StaticF<void (), 20u> >, StaticF<void (), 20u> >, mcu::Pin, StaticF<void (), 20u> >::SpiDevice(EventQueuePrio<TimerManager<StaticF<void (), 20u> >, StaticF<void (), 20u> > const&, mcu::DmaDevice<EventQueuePrio<TimerManager<StaticF<void (), 20u> >, StaticF<void (), 20u> >, StaticF<void (), 20u> >&, mcu::SpiDevice<EventQueuePrio<TimerManager<StaticF<void (), 20u> >, StaticF<void (), 20u> >, mcu::DmaDevice<EventQueuePrio<TimerManager<StaticF<void (), 20u> >, StaticF<void (), 20u> >, StaticF<void (), 20u> >, mcu::Pin, StaticF<void (), 20u> >::Instance_t, mcu::SpiDevice<EventQueuePrio<TimerManager<StaticF<void (), 20u> >, StaticF<void (), 20u> >, mcu::DmaDevice<EventQueuePrio<TimerManager<StaticF<void (), 20u> >, StaticF<void (), 20u> >, StaticF<void (), 20u> >, mcu::Pin, StaticF<void (), 20u> >::Speed_t, mcu::Pin, mcu::Pin, mcu::SpiDevice<EventQueuePrio<TimerManager<StaticF<void (), 20u> >, StaticF<void (), 20u> >, mcu::DmaDevice<EventQueuePrio<TimerManager<StaticF<void (), 20u> >, StaticF<void (), 20u> >, StaticF<void (), 20u> >, mcu::Pin, StaticF<void (), 20u> >::MorS_t, mcu::SpiDevice<EventQueuePrio<TimerManager<StaticF<void (), 20u> >, StaticF<void (), 20u> >, mcu::DmaDevice<EventQueuePrio<TimerManager<StaticF<void (), 20u> >, StaticF<void (), 20u> >, StaticF<void (), 20u> >, mcu::Pin, StaticF<void (), 20u> >::Mode_t)::{lambda()#1}>::exec() const
 .text._ZN7StaticFIFvvELj20EE12InvokerBoundIZN3mcu9SpiDeviceI14EventQueuePrioI12TimerManagerIS1_ES1_ENS3_9DmaDeviceIS8_S1_EENS3_3PinES1_EC4ERKS8_RSA_NSC_10Instance_tENSC_7Speed_tESB_SB_NSC_6MorS_tENSC_6Mode_tEEUlvE_E4execEv
                0x080004ac       0x24 src/main.o
                0x080004ac                StaticF<void (), 20u>::InvokerBound<mcu::SpiDevice<EventQueuePrio<TimerManager<StaticF<void (), 20u> >, StaticF<void (), 20u> >, mcu::DmaDevice<EventQueuePrio<TimerManager<StaticF<void (), 20u> >, StaticF<void (), 20u> >, StaticF<void (), 20u> >, mcu::Pin, StaticF<void (), 20u> >::SpiDevice(EventQueuePrio<TimerManager<StaticF<void (), 20u> >, StaticF<void (), 20u> > const&, mcu::DmaDevice<EventQueuePrio<TimerManager<StaticF<void (), 20u> >, StaticF<void (), 20u> >, StaticF<void (), 20u> >&, mcu::SpiDevice<EventQueuePrio<TimerManager<StaticF<void (), 20u> >, StaticF<void (), 20u> >, mcu::DmaDevice<EventQueuePrio<TimerManager<StaticF<void (), 20u> >, StaticF<void (), 20u> >, StaticF<void (), 20u> >, mcu::Pin, StaticF<void (), 20u> >::Instance_t, mcu::SpiDevice<EventQueuePrio<TimerManager<StaticF<void (), 20u> >, StaticF<void (), 20u> >, mcu::DmaDevice<EventQueuePrio<TimerManager<StaticF<void (), 20u> >, StaticF<void (), 20u> >, StaticF<void (), 20u> >, mcu::Pin, StaticF<void (), 20u> >::Speed_t, mcu::Pin, mcu::Pin, mcu::SpiDevice<EventQueuePrio<TimerManager<StaticF<void (), 20u> >, StaticF<void (), 20u> >, mcu::DmaDevice<EventQueuePrio<TimerManager<StaticF<void (), 20u> >, StaticF<void (), 20u> >, StaticF<void (), 20u> >, mcu::Pin, StaticF<void (), 20u> >::MorS_t, mcu::SpiDevice<EventQueuePrio<TimerManager<StaticF<void (), 20u> >, StaticF<void (), 20u> >, mcu::DmaDevice<EventQueuePrio<TimerManager<StaticF<void (), 20u> >, StaticF<void (), 20u> >, StaticF<void (), 20u> >, mcu::Pin, StaticF<void (), 20u> >::Mode_t)::{lambda()#1}>::exec()
 .text._ZNK7StaticFIFvvELj12EE12InvokerBoundIZN12TimerManagerIS_IS0_Lj20EEEC4EvEUlvE_E4execEv
                0x080004d0       0x48 src/main.o
                0x080004d0                StaticF<void (), 12u>::InvokerBound<TimerManager<StaticF<void (), 20u> >::TimerManager()::{lambda()#1}>::exec() const
 .text.SystemInit
                0x08000518        0x4 src/main.o
                0x08000518                SystemInit
 .text._ZN12TimerManagerI7StaticFIFvvELj20EEEC2Ev
                0x0800051c       0x8c src/main.o
                0x0800051c                TimerManager<StaticF<void (), 20u> >::TimerManager()
                0x0800051c                TimerManager<StaticF<void (), 20u> >::TimerManager()
 .text._ZN14EventQueuePrioI12TimerManagerI7StaticFIFvvELj20EEES3_E3runEv
                0x080005a8      0x138 src/main.o
                0x080005a8                EventQueuePrio<TimerManager<StaticF<void (), 20u> >, StaticF<void (), 20u> >::run()
 .text._ZN3mcu9SpiDeviceI14EventQueuePrioI12TimerManagerI7StaticFIFvvELj20EEES5_ENS_9DmaDeviceIS7_S5_EENS_3PinES5_E4sendEmm
                0x080006e0       0x74 src/main.o
                0x080006e0                mcu::SpiDevice<EventQueuePrio<TimerManager<StaticF<void (), 20u> >, StaticF<void (), 20u> >, mcu::DmaDevice<EventQueuePrio<TimerManager<StaticF<void (), 20u> >, StaticF<void (), 20u> >, StaticF<void (), 20u> >, mcu::Pin, StaticF<void (), 20u> >::send(unsigned long, unsigned long)
 .text._ZN4OledIN3mcu9SpiDeviceI14EventQueuePrioI12TimerManagerI7StaticFIFvvELj20EEES6_ENS0_9DmaDeviceIS8_S6_EENS0_3PinES6_EESB_E4initEv
                0x08000754       0xb0 src/main.o
                0x08000754                Oled<mcu::SpiDevice<EventQueuePrio<TimerManager<StaticF<void (), 20u> >, StaticF<void (), 20u> >, mcu::DmaDevice<EventQueuePrio<TimerManager<StaticF<void (), 20u> >, StaticF<void (), 20u> >, StaticF<void (), 20u> >, mcu::Pin, StaticF<void (), 20u> >, mcu::Pin>::init()
 .text._ZN3gsl7details13span_iteratorINS_4spanIKcLin1EEELb0EEC2EPKS4_i
                0x08000804       0x14 src/main.o
                0x08000804                gsl::details::span_iterator<gsl::span<char const, -1>, false>::span_iterator(gsl::span<char const, -1> const*, int)
                0x08000804                gsl::details::span_iterator<gsl::span<char const, -1>, false>::span_iterator(gsl::span<char const, -1> const*, int)
 .text._ZN3GfxI4OledIN3mcu9SpiDeviceI14EventQueuePrioI12TimerManagerI7StaticFIFvvELj20EEES7_ENS1_9DmaDeviceIS9_S7_EENS1_3PinES7_EESC_EE4textEN3gsl17basic_string_spanIKcLin1EEERNSF_6CursorE
                0x08000818      0x13c src/main.o
                0x08000818                Gfx<Oled<mcu::SpiDevice<EventQueuePrio<TimerManager<StaticF<void (), 20u> >, StaticF<void (), 20u> >, mcu::DmaDevice<EventQueuePrio<TimerManager<StaticF<void (), 20u> >, StaticF<void (), 20u> >, StaticF<void (), 20u> >, mcu::Pin, StaticF<void (), 20u> >, mcu::Pin> >::text(gsl::basic_string_span<char const, -1>, Gfx<Oled<mcu::SpiDevice<EventQueuePrio<TimerManager<StaticF<void (), 20u> >, StaticF<void (), 20u> >, mcu::DmaDevice<EventQueuePrio<TimerManager<StaticF<void (), 20u> >, StaticF<void (), 20u> >, StaticF<void (), 20u> >, mcu::Pin, StaticF<void (), 20u> >, mcu::Pin> >::Cursor&)
 .text.startup.main
                0x08000954      0x3f4 src/main.o
                0x08000954                main
 .text._ZN7StaticFIFvvELj20EE12InvokerBoundIZ4mainEUlvE_E4execEv
                0x08000d48      0x840 src/main.o
 .text.Reset_Handler
                0x08001588       0x50 startup/startup_stm32.o
                0x08001588                Reset_Handler
 .text.__libc_init_array
                0x080015d8       0x50 c:/ac6/systemworkbench/plugins/fr.ac6.mcu.externaltools.arm-none.win32_1.15.0.201708311556/tools/compiler/bin/../lib/gcc/arm-none-eabi/6.3.1/../../../../arm-none-eabi/lib/thumb/v7e-m/fpv4-sp/hard\libc.a(lib_a-init.o)
                0x080015d8                __libc_init_array
 .text.memset   0x08001628       0x9c c:/ac6/systemworkbench/plugins/fr.ac6.mcu.externaltools.arm-none.win32_1.15.0.201708311556/tools/compiler/bin/../lib/gcc/arm-none-eabi/6.3.1/../../../../arm-none-eabi/lib/thumb/v7e-m/fpv4-sp/hard\libc.a(lib_a-memset.o)
                0x08001628                memset
 .text.startup.register_fini
                0x080016c4       0x14 c:/ac6/systemworkbench/plugins/fr.ac6.mcu.externaltools.arm-none.win32_1.15.0.201708311556/tools/compiler/bin/../lib/gcc/arm-none-eabi/6.3.1/../../../../arm-none-eabi/lib/thumb/v7e-m/fpv4-sp/hard\libc.a(lib_a-__call_atexit.o)
 .text.atexit   0x080016d8        0xc c:/ac6/systemworkbench/plugins/fr.ac6.mcu.externaltools.arm-none.win32_1.15.0.201708311556/tools/compiler/bin/../lib/gcc/arm-none-eabi/6.3.1/../../../../arm-none-eabi/lib/thumb/v7e-m/fpv4-sp/hard\libc.a(lib_a-atexit.o)
                0x080016d8                atexit
 .text.__libc_fini_array
                0x080016e4       0x34 c:/ac6/systemworkbench/plugins/fr.ac6.mcu.externaltools.arm-none.win32_1.15.0.201708311556/tools/compiler/bin/../lib/gcc/arm-none-eabi/6.3.1/../../../../arm-none-eabi/lib/thumb/v7e-m/fpv4-sp/hard\libc.a(lib_a-fini.o)
                0x080016e4                __libc_fini_array
 .text.__retarget_lock_acquire_recursive
                0x08001718        0x4 c:/ac6/systemworkbench/plugins/fr.ac6.mcu.externaltools.arm-none.win32_1.15.0.201708311556/tools/compiler/bin/../lib/gcc/arm-none-eabi/6.3.1/../../../../arm-none-eabi/lib/thumb/v7e-m/fpv4-sp/hard\libc.a(lib_a-lock.o)
                0x08001718                __retarget_lock_acquire_recursive
 .text.__retarget_lock_release_recursive
                0x0800171c        0x4 c:/ac6/systemworkbench/plugins/fr.ac6.mcu.externaltools.arm-none.win32_1.15.0.201708311556/tools/compiler/bin/../lib/gcc/arm-none-eabi/6.3.1/../../../../arm-none-eabi/lib/thumb/v7e-m/fpv4-sp/hard\libc.a(lib_a-lock.o)
                0x0800171c                __retarget_lock_release_recursive
 .text.__register_exitproc
                0x08001720       0xc4 c:/ac6/systemworkbench/plugins/fr.ac6.mcu.externaltools.arm-none.win32_1.15.0.201708311556/tools/compiler/bin/../lib/gcc/arm-none-eabi/6.3.1/../../../../arm-none-eabi/lib/thumb/v7e-m/fpv4-sp/hard\libc.a(lib_a-__atexit.o)
                0x08001720                __register_exitproc
 *(.glue_7)
 .glue_7        0x080017e4        0x0 linker stubs
 *(.glue_7t)
 .glue_7t       0x080017e4        0x0 linker stubs
 *(.eh_frame)
 .eh_frame      0x080017e4        0x0 c:/ac6/systemworkbench/plugins/fr.ac6.mcu.externaltools.arm-none.win32_1.15.0.201708311556/tools/compiler/bin/../lib/gcc/arm-none-eabi/6.3.1/thumb/v7e-m/fpv4-sp/hard/crtbegin.o
 *(.init)
 .init          0x080017e4        0x4 c:/ac6/systemworkbench/plugins/fr.ac6.mcu.externaltools.arm-none.win32_1.15.0.201708311556/tools/compiler/bin/../lib/gcc/arm-none-eabi/6.3.1/thumb/v7e-m/fpv4-sp/hard/crti.o
                0x080017e4                _init
 .init          0x080017e8        0x8 c:/ac6/systemworkbench/plugins/fr.ac6.mcu.externaltools.arm-none.win32_1.15.0.201708311556/tools/compiler/bin/../lib/gcc/arm-none-eabi/6.3.1/thumb/v7e-m/fpv4-sp/hard/crtn.o
 *(.fini)
 .fini          0x080017f0        0x4 c:/ac6/systemworkbench/plugins/fr.ac6.mcu.externaltools.arm-none.win32_1.15.0.201708311556/tools/compiler/bin/../lib/gcc/arm-none-eabi/6.3.1/thumb/v7e-m/fpv4-sp/hard/crti.o
                0x080017f0                _fini
 .fini          0x080017f4        0x8 c:/ac6/systemworkbench/plugins/fr.ac6.mcu.externaltools.arm-none.win32_1.15.0.201708311556/tools/compiler/bin/../lib/gcc/arm-none-eabi/6.3.1/thumb/v7e-m/fpv4-sp/hard/crtn.o
                0x080017fc                . = ALIGN (0x4)
                0x080017fc                _etext = .

.vfp11_veneer   0x080017fc        0x0
 .vfp11_veneer  0x080017fc        0x0 linker stubs

.v4_bx          0x080017fc        0x0
 .v4_bx         0x080017fc        0x0 linker stubs

.iplt           0x080017fc        0x0
 .iplt          0x080017fc        0x0 c:/ac6/systemworkbench/plugins/fr.ac6.mcu.externaltools.arm-none.win32_1.15.0.201708311556/tools/compiler/bin/../lib/gcc/arm-none-eabi/6.3.1/thumb/v7e-m/fpv4-sp/hard/crtbegin.o

.rodata         0x080017fc      0x69c
                0x080017fc                . = ALIGN (0x4)
 *(.rodata)
 .rodata        0x080017fc      0x5b8 src/main.o
 *(.rodata*)
 .rodata._ZTVN7StaticFIFvvELj20EE12InvokerBoundIZN3mcu9SpiDeviceI14EventQueuePrioI12TimerManagerIS1_ES1_ENS3_9DmaDeviceIS8_S1_EENS3_3PinES1_EC4ERKS8_RSA_NSC_10Instance_tENSC_7Speed_tESB_SB_NSC_6MorS_tENSC_6Mode_tEEUlvE_EE
                0x08001db4       0x18 src/main.o
                0x08001db4                vtable for StaticF<void (), 20u>::InvokerBound<mcu::SpiDevice<EventQueuePrio<TimerManager<StaticF<void (), 20u> >, StaticF<void (), 20u> >, mcu::DmaDevice<EventQueuePrio<TimerManager<StaticF<void (), 20u> >, StaticF<void (), 20u> >, StaticF<void (), 20u> >, mcu::Pin, StaticF<void (), 20u> >::SpiDevice(EventQueuePrio<TimerManager<StaticF<void (), 20u> >, StaticF<void (), 20u> > const&, mcu::DmaDevice<EventQueuePrio<TimerManager<StaticF<void (), 20u> >, StaticF<void (), 20u> >, StaticF<void (), 20u> >&, mcu::SpiDevice<EventQueuePrio<TimerManager<StaticF<void (), 20u> >, StaticF<void (), 20u> >, mcu::DmaDevice<EventQueuePrio<TimerManager<StaticF<void (), 20u> >, StaticF<void (), 20u> >, StaticF<void (), 20u> >, mcu::Pin, StaticF<void (), 20u> >::Instance_t, mcu::SpiDevice<EventQueuePrio<TimerManager<StaticF<void (), 20u> >, StaticF<void (), 20u> >, mcu::DmaDevice<EventQueuePrio<TimerManager<StaticF<void (), 20u> >, StaticF<void (), 20u> >, StaticF<void (), 20u> >, mcu::Pin, StaticF<void (), 20u> >::Speed_t, mcu::Pin, mcu::Pin, mcu::SpiDevice<EventQueuePrio<TimerManager<StaticF<void (), 20u> >, StaticF<void (), 20u> >, mcu::DmaDevice<EventQueuePrio<TimerManager<StaticF<void (), 20u> >, StaticF<void (), 20u> >, StaticF<void (), 20u> >, mcu::Pin, StaticF<void (), 20u> >::MorS_t, mcu::SpiDevice<EventQueuePrio<TimerManager<StaticF<void (), 20u> >, StaticF<void (), 20u> >, mcu::DmaDevice<EventQueuePrio<TimerManager<StaticF<void (), 20u> >, StaticF<void (), 20u> >, StaticF<void (), 20u> >, mcu::Pin, StaticF<void (), 20u> >::Mode_t)::{lambda()#1}>
 .rodata._ZTVN7StaticFIFvvELj20EE12InvokerBoundIZN4OledIN3mcu9SpiDeviceI14EventQueuePrioI12TimerManagerIS1_ES1_ENS4_9DmaDeviceIS9_S1_EENS4_3PinES1_EESC_E4initEvEUlvE_EE
                0x08001dcc       0x18 src/main.o
                0x08001dcc                vtable for StaticF<void (), 20u>::InvokerBound<Oled<mcu::SpiDevice<EventQueuePrio<TimerManager<StaticF<void (), 20u> >, StaticF<void (), 20u> >, mcu::DmaDevice<EventQueuePrio<TimerManager<StaticF<void (), 20u> >, StaticF<void (), 20u> >, StaticF<void (), 20u> >, mcu::Pin, StaticF<void (), 20u> >, mcu::Pin>::init()::{lambda()#1}>
 .rodata._ZTVN7StaticFIFvvELj12EE12InvokerBoundIZN12TimerManagerIS_IS0_Lj20EEEC4EvEUlvE_EE
                0x08001de4       0x18 src/main.o
                0x08001de4                vtable for StaticF<void (), 12u>::InvokerBound<TimerManager<StaticF<void (), 20u> >::TimerManager()::{lambda()#1}>
 .rodata._ZTVN7StaticFIFvvELj20EE12InvokerBoundIZN4OledIN3mcu9SpiDeviceI14EventQueuePrioI12TimerManagerIS1_ES1_ENS4_9DmaDeviceIS9_S1_EENS4_3PinES1_EESC_E7displayEvEUlvE_EE
                0x08001dfc       0x18 src/main.o
                0x08001dfc                vtable for StaticF<void (), 20u>::InvokerBound<Oled<mcu::SpiDevice<EventQueuePrio<TimerManager<StaticF<void (), 20u> >, StaticF<void (), 20u> >, mcu::DmaDevice<EventQueuePrio<TimerManager<StaticF<void (), 20u> >, StaticF<void (), 20u> >, StaticF<void (), 20u> >, mcu::Pin, StaticF<void (), 20u> >, mcu::Pin>::display()::{lambda()#1}>
 .rodata._ZTVN7StaticFIFvvELj12EE12InvokerBoundIZN3mcu9DmaDeviceI14EventQueuePrioI12TimerManagerIS_IS0_Lj20EEES7_ES7_E15enableInterruptEvEUlvE0_EE
                0x08001e14       0x18 src/main.o
                0x08001e14                vtable for StaticF<void (), 12u>::InvokerBound<mcu::DmaDevice<EventQueuePrio<TimerManager<StaticF<void (), 20u> >, StaticF<void (), 20u> >, StaticF<void (), 20u> >::enableInterrupt()::{lambda()#2}>
 .rodata.str1.4
                0x08001e2c       0x68 src/main.o
                                 0x65 (size before relaxing)
 .rodata._global_impure_ptr
                0x08001e94        0x4 c:/ac6/systemworkbench/plugins/fr.ac6.mcu.externaltools.arm-none.win32_1.15.0.201708311556/tools/compiler/bin/../lib/gcc/arm-none-eabi/6.3.1/../../../../arm-none-eabi/lib/thumb/v7e-m/fpv4-sp/hard\libc.a(lib_a-impure.o)
                0x08001e94                _global_impure_ptr
                0x08001e98                . = ALIGN (0x4)

.rel.dyn        0x08001e98        0x0
 .rel.iplt      0x08001e98        0x0 c:/ac6/systemworkbench/plugins/fr.ac6.mcu.externaltools.arm-none.win32_1.15.0.201708311556/tools/compiler/bin/../lib/gcc/arm-none-eabi/6.3.1/thumb/v7e-m/fpv4-sp/hard/crtbegin.o

.ARM.extab      0x08001e98        0x0
                0x08001e98                . = ALIGN (0x4)
 *(.ARM.extab* .gnu.linkonce.armextab.*)
                0x08001e98                . = ALIGN (0x4)

.ARM            0x08001e98        0x0
                0x08001e98                . = ALIGN (0x4)
                0x08001e98                __exidx_start = .
 *(.ARM.exidx*)
                0x08001e98                __exidx_end = .
                0x08001e98                . = ALIGN (0x4)

.preinit_array  0x08001e98        0x0
                0x08001e98                . = ALIGN (0x4)
                0x08001e98                PROVIDE (__preinit_array_start, .)
 *(.preinit_array*)
                0x08001e98                PROVIDE (__preinit_array_end, .)
                0x08001e98                . = ALIGN (0x4)

.init_array     0x08001e98        0xc
                0x08001e98                . = ALIGN (0x4)
                0x08001e98                PROVIDE (__init_array_start, .)
 *(SORT(.init_array.*))
 .init_array.00000
                0x08001e98        0x4 c:/ac6/systemworkbench/plugins/fr.ac6.mcu.externaltools.arm-none.win32_1.15.0.201708311556/tools/compiler/bin/../lib/gcc/arm-none-eabi/6.3.1/../../../../arm-none-eabi/lib/thumb/v7e-m/fpv4-sp/hard\libc.a(lib_a-__call_atexit.o)
 *(.init_array*)
 .init_array    0x08001e9c        0x4 c:/ac6/systemworkbench/plugins/fr.ac6.mcu.externaltools.arm-none.win32_1.15.0.201708311556/tools/compiler/bin/../lib/gcc/arm-none-eabi/6.3.1/thumb/v7e-m/fpv4-sp/hard/crtbegin.o
 .init_array    0x08001ea0        0x4 src/interrupt_manager.o
                0x08001ea4                PROVIDE (__init_array_end, .)
                0x08001ea4                . = ALIGN (0x4)

.fini_array     0x08001ea4        0x4
                0x08001ea4                . = ALIGN (0x4)
                0x08001ea4                PROVIDE (__fini_array_start, .)
 *(SORT(.fini_array.*))
 *(.fini_array*)
 .fini_array    0x08001ea4        0x4 c:/ac6/systemworkbench/plugins/fr.ac6.mcu.externaltools.arm-none.win32_1.15.0.201708311556/tools/compiler/bin/../lib/gcc/arm-none-eabi/6.3.1/thumb/v7e-m/fpv4-sp/hard/crtbegin.o
                0x08001ea8                PROVIDE (__fini_array_end, .)
                0x08001ea8                . = ALIGN (0x4)
                0x08001ea8                _sidata = LOADADDR (.data)

.data           0x20000000      0x42c load address 0x08001ea8
                0x20000000                . = ALIGN (0x4)
                0x20000000                _sdata = .
 *(.data)
 *(.data*)
 .data.impure_data
                0x20000000      0x428 c:/ac6/systemworkbench/plugins/fr.ac6.mcu.externaltools.arm-none.win32_1.15.0.201708311556/tools/compiler/bin/../lib/gcc/arm-none-eabi/6.3.1/../../../../arm-none-eabi/lib/thumb/v7e-m/fpv4-sp/hard\libc.a(lib_a-impure.o)
 .data.__atexit_recursive_mutex
                0x20000428        0x4 c:/ac6/systemworkbench/plugins/fr.ac6.mcu.externaltools.arm-none.win32_1.15.0.201708311556/tools/compiler/bin/../lib/gcc/arm-none-eabi/6.3.1/../../../../arm-none-eabi/lib/thumb/v7e-m/fpv4-sp/hard\libc.a(lib_a-__call_atexit.o)
                0x20000428                __atexit_recursive_mutex
                0x2000042c                . = ALIGN (0x4)
                0x2000042c                _edata = .

.jcr            0x2000042c        0x0 load address 0x080022d4
 .jcr           0x2000042c        0x0 c:/ac6/systemworkbench/plugins/fr.ac6.mcu.externaltools.arm-none.win32_1.15.0.201708311556/tools/compiler/bin/../lib/gcc/arm-none-eabi/6.3.1/thumb/v7e-m/fpv4-sp/hard/crtbegin.o

.igot.plt       0x2000042c        0x0 load address 0x080022d4
 .igot.plt      0x2000042c        0x0 c:/ac6/systemworkbench/plugins/fr.ac6.mcu.externaltools.arm-none.win32_1.15.0.201708311556/tools/compiler/bin/../lib/gcc/arm-none-eabi/6.3.1/thumb/v7e-m/fpv4-sp/hard/crtbegin.o
                0x2000042c                . = ALIGN (0x4)

.bss            0x2000042c      0x760 load address 0x080022d4
                0x2000042c                _sbss = .
                0x2000042c                __bss_start__ = _sbss
 *(.bss)
 .bss           0x2000042c       0x1c c:/ac6/systemworkbench/plugins/fr.ac6.mcu.externaltools.arm-none.win32_1.15.0.201708311556/tools/compiler/bin/../lib/gcc/arm-none-eabi/6.3.1/thumb/v7e-m/fpv4-sp/hard/crtbegin.o
 .bss           0x20000448      0x71c src/interrupt_manager.o
                0x20000448                interrupt_dispatcher
 .bss           0x20000b64        0x4 src/main.o
 *(.bss*)
 *(COMMON)
 COMMON         0x20000b68       0x21 c:/ac6/systemworkbench/plugins/fr.ac6.mcu.externaltools.arm-none.win32_1.15.0.201708311556/tools/compiler/bin/../lib/gcc/arm-none-eabi/6.3.1/../../../../arm-none-eabi/lib/thumb/v7e-m/fpv4-sp/hard\libc.a(lib_a-lock.o)
                0x20000b68                __lock___atexit_recursive_mutex
                0x20000b6c                __lock___arc4random_mutex
                0x20000b70                __lock___env_recursive_mutex
                0x20000b74                __lock___sinit_recursive_mutex
                0x20000b78                __lock___malloc_recursive_mutex
                0x20000b7c                __lock___at_quick_exit_mutex
                0x20000b80                __lock___dd_hash_mutex
                0x20000b84                __lock___tz_mutex
                0x20000b88                __lock___sfp_recursive_mutex
                0x20000b8c                . = ALIGN (0x4)
 *fill*         0x20000b89        0x3 
                0x20000b8c                _ebss = .
                0x20000b8c                __bss_end__ = _ebss

._user_heap_stack
                0x20000b8c      0x404 load address 0x080022d4
                0x20000b90                . = ALIGN (0x8)
 *fill*         0x20000b8c        0x4 
                [!provide]                PROVIDE (end, .)
                [!provide]                PROVIDE (_end, .)
                0x20000b90                . = (. + _Min_Heap_Size)
                0x20000f90                . = (. + _Min_Stack_Size)
 *fill*         0x20000b90      0x400 
                0x20000f90                . = ALIGN (0x8)

/DISCARD/
 libc.a(*)
 libm.a(*)
 libgcc.a(*)

.ARM.attributes
                0x00000000       0x30
 *(.ARM.attributes)
 .ARM.attributes
                0x00000000       0x22 c:/ac6/systemworkbench/plugins/fr.ac6.mcu.externaltools.arm-none.win32_1.15.0.201708311556/tools/compiler/bin/../lib/gcc/arm-none-eabi/6.3.1/thumb/v7e-m/fpv4-sp/hard/crti.o
 .ARM.attributes
                0x00000022       0x34 c:/ac6/systemworkbench/plugins/fr.ac6.mcu.externaltools.arm-none.win32_1.15.0.201708311556/tools/compiler/bin/../lib/gcc/arm-none-eabi/6.3.1/thumb/v7e-m/fpv4-sp/hard/crtbegin.o
 .ARM.attributes
                0x00000056       0x39 src/interrupt_manager.o
 .ARM.attributes
                0x0000008f       0x39 src/main.o
 .ARM.attributes
                0x000000c8       0x21 startup/startup_stm32.o
 .ARM.attributes
                0x000000e9       0x22 c:/ac6/systemworkbench/plugins/fr.ac6.mcu.externaltools.arm-none.win32_1.15.0.201708311556/tools/compiler/bin/../lib/gcc/arm-none-eabi/6.3.1/thumb/v7e-m/fpv4-sp/hard/crtn.o
OUTPUT(Microcontroller_interface.elf elf32-littlearm)

.debug_info     0x00000000    0x16514
 .debug_info    0x00000000     0x3967 src/interrupt_manager.o
 .debug_info    0x00003967    0x12b30 src/main.o
 .debug_info    0x00016497       0x7d startup/startup_stm32.o

.debug_abbrev   0x00000000     0x17c3
 .debug_abbrev  0x00000000      0x7fe src/interrupt_manager.o
 .debug_abbrev  0x000007fe      0xfb1 src/main.o
 .debug_abbrev  0x000017af       0x14 startup/startup_stm32.o

.debug_loc      0x00000000     0x4f51
 .debug_loc     0x00000000      0x115 src/interrupt_manager.o
 .debug_loc     0x00000115     0x4e3c src/main.o

.debug_aranges  0x00000000      0x1f0
 .debug_aranges
                0x00000000       0x70 src/interrupt_manager.o
 .debug_aranges
                0x00000070      0x160 src/main.o
 .debug_aranges
                0x000001d0       0x20 startup/startup_stm32.o

.debug_ranges   0x00000000     0x12c8
 .debug_ranges  0x00000000       0xf0 src/interrupt_manager.o
 .debug_ranges  0x000000f0     0x11d8 src/main.o

.debug_macro    0x00000000    0x1aa9b
 .debug_macro   0x00000000      0x527 src/interrupt_manager.o
 .debug_macro   0x00000527      0x994 src/interrupt_manager.o
 .debug_macro   0x00000ebb       0x2f src/interrupt_manager.o
 .debug_macro   0x00000eea       0x1c src/interrupt_manager.o
 .debug_macro   0x00000f06       0x22 src/interrupt_manager.o
 .debug_macro   0x00000f28       0x4f src/interrupt_manager.o
 .debug_macro   0x00000f77       0x51 src/interrupt_manager.o
 .debug_macro   0x00000fc8       0xef src/interrupt_manager.o
 .debug_macro   0x000010b7       0x6a src/interrupt_manager.o
 .debug_macro   0x00001121      0x1df src/interrupt_manager.o
 .debug_macro   0x00001300       0x35 src/interrupt_manager.o
 .debug_macro   0x00001335       0x50 src/interrupt_manager.o
 .debug_macro   0x00001385      0xe66 src/interrupt_manager.o
 .debug_macro   0x000021eb    0x15d08 src/interrupt_manager.o
 .debug_macro   0x00017ef3      0x143 src/interrupt_manager.o
 .debug_macro   0x00018036       0x10 src/interrupt_manager.o
 .debug_macro   0x00018046      0x3ca src/interrupt_manager.o
 .debug_macro   0x00018410       0x2d src/interrupt_manager.o
 .debug_macro   0x0001843d       0x28 src/interrupt_manager.o
 .debug_macro   0x00018465       0x12 src/interrupt_manager.o
 .debug_macro   0x00018477       0x1f src/interrupt_manager.o
 .debug_macro   0x00018496       0x28 src/interrupt_manager.o
 .debug_macro   0x000184be      0x17b src/interrupt_manager.o
 .debug_macro   0x00018639       0x46 src/interrupt_manager.o
 .debug_macro   0x0001867f       0x1c src/interrupt_manager.o
 .debug_macro   0x0001869b       0x18 src/interrupt_manager.o
 .debug_macro   0x000186b3       0x6e src/interrupt_manager.o
 .debug_macro   0x00018721       0x1c src/interrupt_manager.o
 .debug_macro   0x0001873d       0x19 src/interrupt_manager.o
 .debug_macro   0x00018756       0x88 src/interrupt_manager.o
 .debug_macro   0x000187de       0x19 src/interrupt_manager.o
 .debug_macro   0x000187f7       0x58 src/interrupt_manager.o
 .debug_macro   0x0001884f       0x35 src/interrupt_manager.o
 .debug_macro   0x00018884       0x9c src/interrupt_manager.o
 .debug_macro   0x00018920       0x58 src/interrupt_manager.o
 .debug_macro   0x00018978       0x1f src/interrupt_manager.o
 .debug_macro   0x00018997       0x43 src/interrupt_manager.o
 .debug_macro   0x000189da       0x20 src/interrupt_manager.o
 .debug_macro   0x000189fa      0x187 src/interrupt_manager.o
 .debug_macro   0x00018b81       0x1c src/interrupt_manager.o
 .debug_macro   0x00018b9d       0x3c src/interrupt_manager.o
 .debug_macro   0x00018bd9      0x353 src/interrupt_manager.o
 .debug_macro   0x00018f2c       0x10 src/interrupt_manager.o
 .debug_macro   0x00018f3c       0x33 src/interrupt_manager.o
 .debug_macro   0x00018f6f      0x173 src/interrupt_manager.o
 .debug_macro   0x000190e2       0x17 src/interrupt_manager.o
 .debug_macro   0x000190f9       0x35 src/interrupt_manager.o
 .debug_macro   0x0001912e       0x2e src/interrupt_manager.o
 .debug_macro   0x0001915c       0x16 src/interrupt_manager.o
 .debug_macro   0x00019172       0x40 src/interrupt_manager.o
 .debug_macro   0x000191b2       0x5e src/interrupt_manager.o
 .debug_macro   0x00019210       0x11 src/interrupt_manager.o
 .debug_macro   0x00019221       0x11 src/interrupt_manager.o
 .debug_macro   0x00019232       0x2f src/interrupt_manager.o
 .debug_macro   0x00019261       0x16 src/interrupt_manager.o
 .debug_macro   0x00019277       0x10 src/interrupt_manager.o
 .debug_macro   0x00019287       0x10 src/interrupt_manager.o
 .debug_macro   0x00019297       0x16 src/interrupt_manager.o
 .debug_macro   0x000192ad       0x22 src/interrupt_manager.o
 .debug_macro   0x000192cf       0xea src/interrupt_manager.o
 .debug_macro   0x000193b9       0x1c src/interrupt_manager.o
 .debug_macro   0x000193d5       0x10 src/interrupt_manager.o
 .debug_macro   0x000193e5       0xb6 src/interrupt_manager.o
 .debug_macro   0x0001949b       0x16 src/interrupt_manager.o
 .debug_macro   0x000194b1      0x13e src/interrupt_manager.o
 .debug_macro   0x000195ef      0x11d src/interrupt_manager.o
 .debug_macro   0x0001970c       0x10 src/interrupt_manager.o
 .debug_macro   0x0001971c      0x241 src/interrupt_manager.o
 .debug_macro   0x0001995d       0x11 src/interrupt_manager.o
 .debug_macro   0x0001996e      0x896 src/main.o
 .debug_macro   0x0001a204       0x33 src/main.o
 .debug_macro   0x0001a237       0x10 src/main.o
 .debug_macro   0x0001a247       0x20 src/main.o
 .debug_macro   0x0001a267       0xf6 src/main.o
 .debug_macro   0x0001a35d       0x16 src/main.o
 .debug_macro   0x0001a373       0x10 src/main.o
 .debug_macro   0x0001a383       0x10 src/main.o
 .debug_macro   0x0001a393       0x2e src/main.o
 .debug_macro   0x0001a3c1       0x40 src/main.o
 .debug_macro   0x0001a401       0xd7 src/main.o
 .debug_macro   0x0001a4d8      0x3d3 src/main.o
 .debug_macro   0x0001a8ab       0x40 src/main.o
 .debug_macro   0x0001a8eb       0x10 src/main.o
 .debug_macro   0x0001a8fb       0x10 src/main.o
 .debug_macro   0x0001a90b       0x10 src/main.o
 .debug_macro   0x0001a91b       0x76 src/main.o
 .debug_macro   0x0001a991       0x16 src/main.o
 .debug_macro   0x0001a9a7       0x11 src/main.o
 .debug_macro   0x0001a9b8       0x1d src/main.o
 .debug_macro   0x0001a9d5       0x11 src/main.o
 .debug_macro   0x0001a9e6       0x16 src/main.o
 .debug_macro   0x0001a9fc       0x8e src/main.o
 .debug_macro   0x0001aa8a       0x11 src/main.o

.debug_line     0x00000000     0x2cb7
 .debug_line    0x00000000      0xd80 src/interrupt_manager.o
 .debug_line    0x00000d80     0x1ece src/main.o
 .debug_line    0x00002c4e       0x69 startup/startup_stm32.o

.debug_str      0x00000000    0x9fe07
 .debug_str     0x00000000    0x8c738 src/interrupt_manager.o
                              0x8cd92 (size before relaxing)
 .debug_str     0x0008c738    0x136cf src/main.o
                              0xa0532 (size before relaxing)

.comment        0x00000000       0x7f
 .comment       0x00000000       0x7f src/interrupt_manager.o
                                 0x80 (size before relaxing)
 .comment       0x0000007f       0x80 src/main.o

.debug_frame    0x00000000      0x518
 .debug_frame   0x00000000       0xd0 src/interrupt_manager.o
 .debug_frame   0x000000d0      0x448 src/main.o
