Archive member included to satisfy reference by file (symbol)

c:/ac6/systemworkbench/plugins/fr.ac6.mcu.externaltools.arm-none.win32_1.15.0.201708311556/tools/compiler/bin/../lib/gcc/arm-none-eabi/6.3.1/../../../../arm-none-eabi/lib/thumb/v7e-m/fpv4-sp/hard\libc.a(lib_a-exit.o)
                              c:/ac6/systemworkbench/plugins/fr.ac6.mcu.externaltools.arm-none.win32_1.15.0.201708311556/tools/compiler/bin/../lib/gcc/arm-none-eabi/6.3.1/../../../../arm-none-eabi/lib/thumb/v7e-m/fpv4-sp/hard/crt0.o (exit)
c:/ac6/systemworkbench/plugins/fr.ac6.mcu.externaltools.arm-none.win32_1.15.0.201708311556/tools/compiler/bin/../lib/gcc/arm-none-eabi/6.3.1/../../../../arm-none-eabi/lib/thumb/v7e-m/fpv4-sp/hard\libc.a(lib_a-impure.o)
                              c:/ac6/systemworkbench/plugins/fr.ac6.mcu.externaltools.arm-none.win32_1.15.0.201708311556/tools/compiler/bin/../lib/gcc/arm-none-eabi/6.3.1/../../../../arm-none-eabi/lib/thumb/v7e-m/fpv4-sp/hard\libc.a(lib_a-exit.o) (_global_impure_ptr)
c:/ac6/systemworkbench/plugins/fr.ac6.mcu.externaltools.arm-none.win32_1.15.0.201708311556/tools/compiler/bin/../lib/gcc/arm-none-eabi/6.3.1/../../../../arm-none-eabi/lib/thumb/v7e-m/fpv4-sp/hard\libc.a(lib_a-init.o)
                              c:/ac6/systemworkbench/plugins/fr.ac6.mcu.externaltools.arm-none.win32_1.15.0.201708311556/tools/compiler/bin/../lib/gcc/arm-none-eabi/6.3.1/../../../../arm-none-eabi/lib/thumb/v7e-m/fpv4-sp/hard/crt0.o (__libc_init_array)
c:/ac6/systemworkbench/plugins/fr.ac6.mcu.externaltools.arm-none.win32_1.15.0.201708311556/tools/compiler/bin/../lib/gcc/arm-none-eabi/6.3.1/../../../../arm-none-eabi/lib/thumb/v7e-m/fpv4-sp/hard\libc.a(lib_a-memset.o)
                              c:/ac6/systemworkbench/plugins/fr.ac6.mcu.externaltools.arm-none.win32_1.15.0.201708311556/tools/compiler/bin/../lib/gcc/arm-none-eabi/6.3.1/../../../../arm-none-eabi/lib/thumb/v7e-m/fpv4-sp/hard/crt0.o (memset)
c:/ac6/systemworkbench/plugins/fr.ac6.mcu.externaltools.arm-none.win32_1.15.0.201708311556/tools/compiler/bin/../lib/gcc/arm-none-eabi/6.3.1/../../../../arm-none-eabi/lib/thumb/v7e-m/fpv4-sp/hard\libc.a(lib_a-__call_atexit.o)
                              c:/ac6/systemworkbench/plugins/fr.ac6.mcu.externaltools.arm-none.win32_1.15.0.201708311556/tools/compiler/bin/../lib/gcc/arm-none-eabi/6.3.1/../../../../arm-none-eabi/lib/thumb/v7e-m/fpv4-sp/hard\libc.a(lib_a-exit.o) (__call_exitprocs)
c:/ac6/systemworkbench/plugins/fr.ac6.mcu.externaltools.arm-none.win32_1.15.0.201708311556/tools/compiler/bin/../lib/gcc/arm-none-eabi/6.3.1/../../../../arm-none-eabi/lib/thumb/v7e-m/fpv4-sp/hard\libc.a(lib_a-atexit.o)
                              c:/ac6/systemworkbench/plugins/fr.ac6.mcu.externaltools.arm-none.win32_1.15.0.201708311556/tools/compiler/bin/../lib/gcc/arm-none-eabi/6.3.1/../../../../arm-none-eabi/lib/thumb/v7e-m/fpv4-sp/hard\libc.a(lib_a-__call_atexit.o) (atexit)
c:/ac6/systemworkbench/plugins/fr.ac6.mcu.externaltools.arm-none.win32_1.15.0.201708311556/tools/compiler/bin/../lib/gcc/arm-none-eabi/6.3.1/../../../../arm-none-eabi/lib/thumb/v7e-m/fpv4-sp/hard\libc.a(lib_a-fini.o)
                              c:/ac6/systemworkbench/plugins/fr.ac6.mcu.externaltools.arm-none.win32_1.15.0.201708311556/tools/compiler/bin/../lib/gcc/arm-none-eabi/6.3.1/../../../../arm-none-eabi/lib/thumb/v7e-m/fpv4-sp/hard\libc.a(lib_a-__call_atexit.o) (__libc_fini_array)
c:/ac6/systemworkbench/plugins/fr.ac6.mcu.externaltools.arm-none.win32_1.15.0.201708311556/tools/compiler/bin/../lib/gcc/arm-none-eabi/6.3.1/../../../../arm-none-eabi/lib/thumb/v7e-m/fpv4-sp/hard\libc.a(lib_a-lock.o)
                              c:/ac6/systemworkbench/plugins/fr.ac6.mcu.externaltools.arm-none.win32_1.15.0.201708311556/tools/compiler/bin/../lib/gcc/arm-none-eabi/6.3.1/../../../../arm-none-eabi/lib/thumb/v7e-m/fpv4-sp/hard\libc.a(lib_a-__call_atexit.o) (__retarget_lock_acquire_recursive)
c:/ac6/systemworkbench/plugins/fr.ac6.mcu.externaltools.arm-none.win32_1.15.0.201708311556/tools/compiler/bin/../lib/gcc/arm-none-eabi/6.3.1/../../../../arm-none-eabi/lib/thumb/v7e-m/fpv4-sp/hard\libc.a(lib_a-__atexit.o)
                              c:/ac6/systemworkbench/plugins/fr.ac6.mcu.externaltools.arm-none.win32_1.15.0.201708311556/tools/compiler/bin/../lib/gcc/arm-none-eabi/6.3.1/../../../../arm-none-eabi/lib/thumb/v7e-m/fpv4-sp/hard\libc.a(lib_a-atexit.o) (__register_exitproc)

Allocating common symbols
Common symbol       size              file

__lock___atexit_recursive_mutex
                    0x1               c:/ac6/systemworkbench/plugins/fr.ac6.mcu.externaltools.arm-none.win32_1.15.0.201708311556/tools/compiler/bin/../lib/gcc/arm-none-eabi/6.3.1/../../../../arm-none-eabi/lib/thumb/v7e-m/fpv4-sp/hard\libc.a(lib_a-lock.o)
__lock___arc4random_mutex
[...]
Memory Configuration

Name             Origin             Length             Attributes
RAM              0x20000000         0x00020000         xrw
ROM              0x08000000         0x00080000         xr
*default*        0x00000000         0xffffffff

Linker script and memory map

LOAD c:/ac6/systemworkbench/plugins/fr.ac6.mcu.externaltools.arm-none.win32_1.15.0.201708311556/tools/compiler/bin/../lib/gcc/arm-none-eabi/6.3.1/thumb/v7e-m/fpv4-sp/hard/crti.o
LOAD c:/ac6/systemworkbench/plugins/fr.ac6.mcu.externaltools.arm-none.win32_1.15.0.201708311556/tools/compiler/bin/../lib/gcc/arm-none-eabi/6.3.1/thumb/v7e-m/fpv4-sp/hard/crtbegin.o
LOAD c:/ac6/systemworkbench/plugins/fr.ac6.mcu.externaltools.arm-none.win32_1.15.0.201708311556/tools/compiler/bin/../lib/gcc/arm-none-eabi/6.3.1/../../../../arm-none-eabi/lib/thumb/v7e-m/fpv4-sp/hard/crt0.o
LOAD src/interrupt_manager.o
LOAD src/main.o
LOAD startup/startup_stm32.o
LOAD c:/ac6/systemworkbench/plugins/fr.ac6.mcu.externaltools.arm-none.win32_1.15.0.201708311556/tools/compiler/bin/../lib/gcc/arm-none-eabi/6.3.1/../../../../arm-none-eabi/lib/thumb/v7e-m/fpv4-sp/hard\libm.a
LOAD c:/ac6/systemworkbench/plugins/fr.ac6.mcu.externaltools.arm-none.win32_1.15.0.201708311556/tools/compiler/bin/../lib/gcc/arm-none-eabi/6.3.1/thumb/v7e-m/fpv4-sp/hard/crtend.o
LOAD c:/ac6/systemworkbench/plugins/fr.ac6.mcu.externaltools.arm-none.win32_1.15.0.201708311556/tools/compiler/bin/../lib/gcc/arm-none-eabi/6.3.1/thumb/v7e-m/fpv4-sp/hard/crtn.o
                0x20020000                _estack = 0x20020000
                0x00000000                _Min_Heap_Size = 0x0
                0x00000400                _Min_Stack_Size = 0x400

.isr_vector     0x08000000      0x188
                0x08000000                . = ALIGN (0x4)
 *(.isr_vector)
 .isr_vector    0x08000000      0x188 startup/startup_stm32.o
                0x08000000                g_pfnVectors
                0x08000188                . = ALIGN (0x4)

.text           0x08000188     0x2f30
                0x08000188                . = ALIGN (0x4)
 *(.text)
 .text          0x08000188       0x6c c:/ac6/systemworkbench/plugins/fr.ac6.mcu.externaltools.arm-none.win32_1.15.0.201708311556/tools/compiler/bin/../lib/gcc/arm-none-eabi/6.3.1/thumb/v7e-m/fpv4-sp/hard/crtbegin.o
 *(.text*)
 .text.NVIC_GetActive
                0x080001f4       0x38 src/interrupt_manager.o
 .text._ZN19InterruptDispatcher11getInstanceEv
                0x0800022c       0x14 src/interrupt_manager.o
                0x0800022c                InterruptDispatcher::getInstance()
 .text._ZN19InterruptDispatcher8dispatchEj
                0x08000240       0x24 src/interrupt_manager.o
                0x08000240                InterruptDispatcher::dispatch(unsigned int)
 .text._ZN19InterruptDispatcher9onSysTickEv
                0x08000264       0x1c src/interrupt_manager.o
                0x08000264                InterruptDispatcher::onSysTick()
 .text._ZNSt5arrayI7StaticFIFvvELj12EELj90EEC2Ev
                0x08000280       0x28 src/interrupt_manager.o
                0x08000280                std::array<StaticF<void (), 12u>, 90u>::array()
                0x08000280                std::array<StaticF<void (), 12u>, 90u>::array()
 .text._ZN19InterruptDispatcherC2Ev
                0x080002a8       0x26 src/interrupt_manager.o
                0x080002a8                InterruptDispatcher::InterruptDispatcher()
                0x080002a8                InterruptDispatcher::InterruptDispatcher()
 .text._ZN3mcu3PinC2ENS0_4PortEmNS0_9DirectionENS0_5AfselENS0_4PupdE
                0x080002ce       0x68 src/interrupt_manager.o
                0x080002ce                mcu::Pin::Pin(mcu::Pin::Port, unsigned long, mcu::Pin::Direction, mcu::Pin::Afsel, mcu::Pin::Pupd)
                0x080002ce                mcu::Pin::Pin(mcu::Pin::Port, unsigned long, mcu::Pin::Direction, mcu::Pin::Afsel, mcu::Pin::Pupd)
 .text._ZNK3mcu3Pin3setEv
                0x08000336       0x24 src/interrupt_manager.o
                0x08000336                mcu::Pin::set() const
 .text._ZNK3mcu3Pin3clrEv
                0x0800035a       0x26 src/interrupt_manager.o
                0x0800035a                mcu::Pin::clr() const
 .text._ZNK3mcu3Pin3tglEv
                0x08000380       0x3e src/interrupt_manager.o
                0x08000380                mcu::Pin::tgl() const
 *fill*         0x080003be        0x2 
 .text._ZNK3mcu3Pin11enableClockEv
                0x080003c0       0x9c src/interrupt_manager.o
                0x080003c0                mcu::Pin::enableClock() const
 .text._ZNK3mcu3Pin20setAlternateFunctionENS0_5AfselE
                0x0800045c       0x56 src/interrupt_manager.o
                0x0800045c                mcu::Pin::setAlternateFunction(mcu::Pin::Afsel) const
 *fill*         0x080004b2        0x2 
 .text.Default_Handler
                0x080004b4       0x74 src/interrupt_manager.o
                0x080004b4                Default_Handler
 .text.SysTick_Handler
                0x08000528       0x14 src/interrupt_manager.o
                0x08000528                SysTick_Handler
 .text._ZNSt14__array_traitsI7StaticFIFvvELj12EELj90EE6_S_refERA90_KS2_j
                0x0800053c       0x24 src/interrupt_manager.o
                0x0800053c                std::__array_traits<StaticF<void (), 12u>, 90u>::_S_ref(StaticF<void (), 12u> const (&) [90], unsigned int)
 .text._ZNSt5arrayI7StaticFIFvvELj12EELj90EE2atEj
                0x08000560       0x34 src/interrupt_manager.o
                0x08000560                std::array<StaticF<void (), 12u>, 90u>::at(unsigned int)
 .text._ZN7StaticFIFvvELj12EEclEv
                0x08000594       0x26 src/interrupt_manager.o
                0x08000594                StaticF<void (), 12u>::operator()()
 .text._ZN7StaticFIFvvELj12EEC2Ev
                0x080005ba       0x1c src/interrupt_manager.o
                0x080005ba                StaticF<void (), 12u>::StaticF()
                0x080005ba                StaticF<void (), 12u>::StaticF()
 *fill*         0x080005d6        0x2 
 .text._Z41__static_initialization_and_destruction_0ii
                0x080005d8       0x2c src/interrupt_manager.o
 .text._GLOBAL__sub_I_interrupt_dispatcher
                0x08000604       0x10 src/interrupt_manager.o
 .text.NVIC_EnableIRQ
                0x08000614       0x34 src/main.o
 .text.NVIC_SetPriority
                0x08000648       0x5c src/main.o
 .text.SysTick_Config
                0x080006a4       0x44 src/main.o
 .text._ZnwjPv  0x080006e8       0x18 src/main.o
                0x080006e8                operator new(unsigned int, void*)
 .text._ZN7IntLockC2Ev
                0x08000700       0x2e src/main.o
                0x08000700                IntLock::IntLock()
                0x08000700                IntLock::IntLock()
 .text._ZN7IntLockD2Ev
                0x0800072e       0x28 src/main.o
                0x0800072e                IntLock::~IntLock()
                0x0800072e                IntLock::~IntLock()
 .text._ZN5delay6cyclesEm
                0x08000756       0x2e src/main.o
                0x08000756                delay::cycles(unsigned long)
 .text._ZN5delay2msEm
                0x08000784       0x20 src/main.o
                0x08000784                delay::ms(unsigned long)
 .text._ZZ4mainENKUlvE_clEv
                0x080007a4      0x1fc src/main.o
 .text._ZNSt6chrono8durationIxSt5ratioILx1ELx1000EEEC1IxvEERKT_
                0x080009a0       0x22 src/main.o
                0x080009a0                std::chrono::duration<long long, std::ratio<1ll, 1000ll> >::duration<long long, void>(long long const&)
 *fill*         0x080009c2        0x2 
 .text._ZNSt8literals15chrono_literals16__check_overflowINSt6chrono8durationIxSt5ratioILx1ELx1000EEEEJLc49ELc48ELc48ELc48EEEET_v
                0x080009c4       0x1c src/main.o
                0x080009c4                std::chrono::duration<long long, std::ratio<1ll, 1000ll> > std::literals::chrono_literals::__check_overflow<std::chrono::duration<long long, std::ratio<1ll, 1000ll> >, (char)49, (char)48, (char)48, (char)48>()
 .text._ZNSt8literals15chrono_literalsli2msIJLc49ELc48ELc48ELc48EEEENSt6chrono8durationIxSt5ratioILx1ELx1000EEEEv
                0x080009e0       0x18 src/main.o
                0x080009e0                std::chrono::duration<long long, std::ratio<1ll, 1000ll> > std::literals::chrono_literals::operator"" ms<(char)49, (char)48, (char)48, (char)48>()
 .text._ZZ4mainENKUlvE0_clEv
                0x080009f8       0x1a src/main.o
 *fill*         0x08000a12        0x2 
 .text._ZNSt8literals15chrono_literals16__check_overflowINSt6chrono8durationIxSt5ratioILx1ELx1000EEEEJLc50ELc53ELc48EEEET_v
                0x08000a14       0x1c src/main.o
                0x08000a14                std::chrono::duration<long long, std::ratio<1ll, 1000ll> > std::literals::chrono_literals::__check_overflow<std::chrono::duration<long long, std::ratio<1ll, 1000ll> >, (char)50, (char)53, (char)48>()
 .text._ZNSt8literals15chrono_literalsli2msIJLc50ELc53ELc48EEEENSt6chrono8durationIxSt5ratioILx1ELx1000EEEEv
                0x08000a30       0x18 src/main.o
                0x08000a30                std::chrono::duration<long long, std::ratio<1ll, 1000ll> > std::literals::chrono_literals::operator"" ms<(char)50, (char)53, (char)48>()
 .text.main     0x08000a48      0x23c src/main.o
                0x08000a48                main
 .text._ZdlPvj  0x08000c84       0x16 src/main.o
                0x08000c84                operator delete(void*, unsigned int)
 .text._ZSt24__throw_out_of_range_fmtPKcz
                0x08000c9a        0x8 src/main.o
                0x08000c9a                std::__throw_out_of_range_fmt(char const*, ...)
 .text.SystemInit
                0x08000ca2       0x10 src/main.o
                0x08000ca2                SystemInit
 .text.__cxa_pure_virtual
                0x08000cb2        0x6 src/main.o
                0x08000cb2                __cxa_pure_virtual
 .text._ZN12TimerManagerI7StaticFIFvvELj20EEE4TaskIjS2_EC2Ev
                0x08000cb8       0x1c src/main.o
                0x08000cb8                TimerManager<StaticF<void (), 20u> >::Task<unsigned int, StaticF<void (), 20u> >::Task()
                0x08000cb8                TimerManager<StaticF<void (), 20u> >::Task<unsigned int, StaticF<void (), 20u> >::Task()
 .text._ZNSt5arrayIN12TimerManagerI7StaticFIFvvELj20EEE4TaskIjS3_EELj128EEC2Ev
                0x08000cd4       0x28 src/main.o
                0x08000cd4                std::array<TimerManager<StaticF<void (), 20u> >::Task<unsigned int, StaticF<void (), 20u> >, 128u>::array()
                0x08000cd4                std::array<TimerManager<StaticF<void (), 20u> >::Task<unsigned int, StaticF<void (), 20u> >, 128u>::array()
 .text._ZZN12TimerManagerI7StaticFIFvvELj20EEEC4EvENKUlvE_clEv
                0x08000cfc       0x1a src/main.o
                0x08000cfc                TimerManager<StaticF<void (), 20u> >::TimerManager()::{lambda()#1}::operator()() const
 .text._ZN12TimerManagerI7StaticFIFvvELj20EEEC2Ev
                0x08000d16       0x74 src/main.o
                0x08000d16                TimerManager<StaticF<void (), 20u> >::TimerManager()
                0x08000d16                TimerManager<StaticF<void (), 20u> >::TimerManager()
 .text._ZN14EventQueuePrioI12TimerManagerI7StaticFIFvvELj20EEES3_E6Task_tC2Ev
                0x08000d8a       0x1c src/main.o
                0x08000d8a                EventQueuePrio<TimerManager<StaticF<void (), 20u> >, StaticF<void (), 20u> >::Task_t::Task_t()
                0x08000d8a                EventQueuePrio<TimerManager<StaticF<void (), 20u> >, StaticF<void (), 20u> >::Task_t::Task_t()
 .text._ZNSt5arrayIN14EventQueuePrioI12TimerManagerI7StaticFIFvvELj20EEES4_E6Task_tELj200EEC2Ev
                0x08000da6       0x28 src/main.o
                0x08000da6                std::array<EventQueuePrio<TimerManager<StaticF<void (), 20u> >, StaticF<void (), 20u> >::Task_t, 200u>::array()
                0x08000da6                std::array<EventQueuePrio<TimerManager<StaticF<void (), 20u> >, StaticF<void (), 20u> >::Task_t, 200u>::array()
 .text._ZN14EventQueuePrioI12TimerManagerI7StaticFIFvvELj20EEES3_EC2ERS4_
                0x08000dce       0x3e src/main.o
                0x08000dce                EventQueuePrio<TimerManager<StaticF<void (), 20u> >, StaticF<void (), 20u> >::EventQueuePrio(TimerManager<StaticF<void (), 20u> >&)
                0x08000dce                EventQueuePrio<TimerManager<StaticF<void (), 20u> >, StaticF<void (), 20u> >::EventQueuePrio(TimerManager<StaticF<void (), 20u> >&)
 .text._ZN3mcu9DmaDeviceI14EventQueuePrioI12TimerManagerI7StaticFIFvvELj20EEES5_ES5_EC2ERKS7_NS8_8InstanceENS8_6StreamENS8_7ChannelEmb
                0x08000e0c       0xcc src/main.o
                0x08000e0c                mcu::DmaDevice<EventQueuePrio<TimerManager<StaticF<void (), 20u> >, StaticF<void (), 20u> >, StaticF<void (), 20u> >::DmaDevice(EventQueuePrio<TimerManager<StaticF<void (), 20u> >, StaticF<void (), 20u> > const&, mcu::DmaDevice<EventQueuePrio<TimerManager<StaticF<void (), 20u> >, StaticF<void (), 20u> >, StaticF<void (), 20u> >::Instance, mcu::DmaDevice<EventQueuePrio<TimerManager<StaticF<void (), 20u> >, StaticF<void (), 20u> >, StaticF<void (), 20u> >::Stream, mcu::DmaDevice<EventQueuePrio<TimerManager<StaticF<void (), 20u> >, StaticF<void (), 20u> >, StaticF<void (), 20u> >::Channel, unsigned long, bool)
                0x08000e0c                mcu::DmaDevice<EventQueuePrio<TimerManager<StaticF<void (), 20u> >, StaticF<void (), 20u> >, StaticF<void (), 20u> >::DmaDevice(EventQueuePrio<TimerManager<StaticF<void (), 20u> >, StaticF<void (), 20u> > const&, mcu::DmaDevice<EventQueuePrio<TimerManager<StaticF<void (), 20u> >, StaticF<void (), 20u> >, StaticF<void (), 20u> >::Instance, mcu::DmaDevice<EventQueuePrio<TimerManager<StaticF<void (), 20u> >, StaticF<void (), 20u> >, StaticF<void (), 20u> >::Stream, mcu::DmaDevice<EventQueuePrio<TimerManager<StaticF<void (), 20u> >, StaticF<void (), 20u> >, StaticF<void (), 20u> >::Channel, unsigned long, bool)
 .text._ZZN3mcu9SpiDeviceI14EventQueuePrioI12TimerManagerI7StaticFIFvvELj20EEES5_ENS_9DmaDeviceIS7_S5_EENS_3PinES5_EC4ERKS7_RS9_NSB_10Instance_tENSB_7Speed_tESA_SA_NSB_6MorS_tENSB_6Mode_tEENKUlvE_clEv
                0x08000ed8       0x1a src/main.o
                0x08000ed8                mcu::SpiDevice<EventQueuePrio<TimerManager<StaticF<void (), 20u> >, StaticF<void (), 20u> >, mcu::DmaDevice<EventQueuePrio<TimerManager<StaticF<void (), 20u> >, StaticF<void (), 20u> >, StaticF<void (), 20u> >, mcu::Pin, StaticF<void (), 20u> >::SpiDevice(EventQueuePrio<TimerManager<StaticF<void (), 20u> >, StaticF<void (), 20u> > const&, mcu::DmaDevice<EventQueuePrio<TimerManager<StaticF<void (), 20u> >, StaticF<void (), 20u> >, StaticF<void (), 20u> >&, mcu::SpiDevice<EventQueuePrio<TimerManager<StaticF<void (), 20u> >, StaticF<void (), 20u> >, mcu::DmaDevice<EventQueuePrio<TimerManager<StaticF<void (), 20u> >, StaticF<void (), 20u> >, StaticF<void (), 20u> >, mcu::Pin, StaticF<void (), 20u> >::Instance_t, mcu::SpiDevice<EventQueuePrio<TimerManager<StaticF<void (), 20u> >, StaticF<void (), 20u> >, mcu::DmaDevice<EventQueuePrio<TimerManager<StaticF<void (), 20u> >, StaticF<void (), 20u> >, StaticF<void (), 20u> >, mcu::Pin, StaticF<void (), 20u> >::Speed_t, mcu::Pin, mcu::Pin, mcu::SpiDevice<EventQueuePrio<TimerManager<StaticF<void (), 20u> >, StaticF<void (), 20u> >, mcu::DmaDevice<EventQueuePrio<TimerManager<StaticF<void (), 20u> >, StaticF<void (), 20u> >, StaticF<void (), 20u> >, mcu::Pin, StaticF<void (), 20u> >::MorS_t, mcu::SpiDevice<EventQueuePrio<TimerManager<StaticF<void (), 20u> >, StaticF<void (), 20u> >, mcu::DmaDevice<EventQueuePrio<TimerManager<StaticF<void (), 20u> >, StaticF<void (), 20u> >, StaticF<void (), 20u> >, mcu::Pin, StaticF<void (), 20u> >::Mode_t)::{lambda()#1}::operator()() const
 .text._ZN3mcu9SpiDeviceI14EventQueuePrioI12TimerManagerI7StaticFIFvvELj20EEES5_ENS_9DmaDeviceIS7_S5_EENS_3PinES5_EC2ERKS7_RS9_NSB_10Instance_tENSB_7Speed_tESA_SA_NSB_6MorS_tENSB_6Mode_tE
                0x08000ef2      0x112 src/main.o
                0x08000ef2                mcu::SpiDevice<EventQueuePrio<TimerManager<StaticF<void (), 20u> >, StaticF<void (), 20u> >, mcu::DmaDevice<EventQueuePrio<TimerManager<StaticF<void (), 20u> >, StaticF<void (), 20u> >, StaticF<void (), 20u> >, mcu::Pin, StaticF<void (), 20u> >::SpiDevice(EventQueuePrio<TimerManager<StaticF<void (), 20u> >, StaticF<void (), 20u> > const&, mcu::DmaDevice<EventQueuePrio<TimerManager<StaticF<void (), 20u> >, StaticF<void (), 20u> >, StaticF<void (), 20u> >&, mcu::SpiDevice<EventQueuePrio<TimerManager<StaticF<void (), 20u> >, StaticF<void (), 20u> >, mcu::DmaDevice<EventQueuePrio<TimerManager<StaticF<void (), 20u> >, StaticF<void (), 20u> >, StaticF<void (), 20u> >, mcu::Pin, StaticF<void (), 20u> >::Instance_t, mcu::SpiDevice<EventQueuePrio<TimerManager<StaticF<void (), 20u> >, StaticF<void (), 20u> >, mcu::DmaDevice<EventQueuePrio<TimerManager<StaticF<void (), 20u> >, StaticF<void (), 20u> >, StaticF<void (), 20u> >, mcu::Pin, StaticF<void (), 20u> >::Speed_t, mcu::Pin, mcu::Pin, mcu::SpiDevice<EventQueuePrio<TimerManager<StaticF<void (), 20u> >, StaticF<void (), 20u> >, mcu::DmaDevice<EventQueuePrio<TimerManager<StaticF<void (), 20u> >, StaticF<void (), 20u> >, StaticF<void (), 20u> >, mcu::Pin, StaticF<void (), 20u> >::MorS_t, mcu::SpiDevice<EventQueuePrio<TimerManager<StaticF<void (), 20u> >, StaticF<void (), 20u> >, mcu::DmaDevice<EventQueuePrio<TimerManager<StaticF<void (), 20u> >, StaticF<void (), 20u> >, StaticF<void (), 20u> >, mcu::Pin, StaticF<void (), 20u> >::Mode_t)
                0x08000ef2                mcu::SpiDevice<EventQueuePrio<TimerManager<StaticF<void (), 20u> >, StaticF<void (), 20u> >, mcu::DmaDevice<EventQueuePrio<TimerManager<StaticF<void (), 20u> >, StaticF<void (), 20u> >, StaticF<void (), 20u> >, mcu::Pin, StaticF<void (), 20u> >::SpiDevice(EventQueuePrio<TimerManager<StaticF<void (), 20u> >, StaticF<void (), 20u> > const&, mcu::DmaDevice<EventQueuePrio<TimerManager<StaticF<void (), 20u> >, StaticF<void (), 20u> >, StaticF<void (), 20u> >&, mcu::SpiDevice<EventQueuePrio<TimerManager<StaticF<void (), 20u> >, StaticF<void (), 20u> >, mcu::DmaDevice<EventQueuePrio<TimerManager<StaticF<void (), 20u> >, StaticF<void (), 20u> >, StaticF<void (), 20u> >, mcu::Pin, StaticF<void (), 20u> >::Instance_t, mcu::SpiDevice<EventQueuePrio<TimerManager<StaticF<void (), 20u> >, StaticF<void (), 20u> >, mcu::DmaDevice<EventQueuePrio<TimerManager<StaticF<void (), 20u> >, StaticF<void (), 20u> >, StaticF<void (), 20u> >, mcu::Pin, StaticF<void (), 20u> >::Speed_t, mcu::Pin, mcu::Pin, mcu::SpiDevice<EventQueuePrio<TimerManager<StaticF<void (), 20u> >, StaticF<void (), 20u> >, mcu::DmaDevice<EventQueuePrio<TimerManager<StaticF<void (), 20u> >, StaticF<void (), 20u> >, StaticF<void (), 20u> >, mcu::Pin, StaticF<void (), 20u> >::MorS_t, mcu::SpiDevice<EventQueuePrio<TimerManager<StaticF<void (), 20u> >, StaticF<void (), 20u> >, mcu::DmaDevice<EventQueuePrio<TimerManager<StaticF<void (), 20u> >, StaticF<void (), 20u> >, StaticF<void (), 20u> >, mcu::Pin, StaticF<void (), 20u> >::Mode_t)
 .text._ZN4OledIN3mcu9SpiDeviceI14EventQueuePrioI12TimerManagerI7StaticFIFvvELj20EEES6_ENS0_9DmaDeviceIS8_S6_EENS0_3PinES6_EESB_EC2ERSC_SB_SB_SB_
                0x08001004       0x56 src/main.o
                0x08001004                Oled<mcu::SpiDevice<EventQueuePrio<TimerManager<StaticF<void (), 20u> >, StaticF<void (), 20u> >, mcu::DmaDevice<EventQueuePrio<TimerManager<StaticF<void (), 20u> >, StaticF<void (), 20u> >, StaticF<void (), 20u> >, mcu::Pin, StaticF<void (), 20u> >, mcu::Pin>::Oled(mcu::SpiDevice<EventQueuePrio<TimerManager<StaticF<void (), 20u> >, StaticF<void (), 20u> >, mcu::DmaDevice<EventQueuePrio<TimerManager<StaticF<void (), 20u> >, StaticF<void (), 20u> >, StaticF<void (), 20u> >, mcu::Pin, StaticF<void (), 20u> >&, mcu::Pin, mcu::Pin, mcu::Pin)
                0x08001004                Oled<mcu::SpiDevice<EventQueuePrio<TimerManager<StaticF<void (), 20u> >, StaticF<void (), 20u> >, mcu::DmaDevice<EventQueuePrio<TimerManager<StaticF<void (), 20u> >, StaticF<void (), 20u> >, StaticF<void (), 20u> >, mcu::Pin, StaticF<void (), 20u> >, mcu::Pin>::Oled(mcu::SpiDevice<EventQueuePrio<TimerManager<StaticF<void (), 20u> >, StaticF<void (), 20u> >, mcu::DmaDevice<EventQueuePrio<TimerManager<StaticF<void (), 20u> >, StaticF<void (), 20u> >, StaticF<void (), 20u> >, mcu::Pin, StaticF<void (), 20u> >&, mcu::Pin, mcu::Pin, mcu::Pin)
 .text._ZZN4OledIN3mcu9SpiDeviceI14EventQueuePrioI12TimerManagerI7StaticFIFvvELj20EEES6_ENS0_9DmaDeviceIS8_S6_EENS0_3PinES6_EESB_E4initEvENKUlvE_clEv
                0x0800105a       0x1a src/main.o
                0x0800105a                Oled<mcu::SpiDevice<EventQueuePrio<TimerManager<StaticF<void (), 20u> >, StaticF<void (), 20u> >, mcu::DmaDevice<EventQueuePrio<TimerManager<StaticF<void (), 20u> >, StaticF<void (), 20u> >, StaticF<void (), 20u> >, mcu::Pin, StaticF<void (), 20u> >, mcu::Pin>::init()::{lambda()#1}::operator()() const
 .text._ZN4OledIN3mcu9SpiDeviceI14EventQueuePrioI12TimerManagerI7StaticFIFvvELj20EEES6_ENS0_9DmaDeviceIS8_S6_EENS0_3PinES6_EESB_E4initEv
                0x08001074       0xb4 src/main.o
                0x08001074                Oled<mcu::SpiDevice<EventQueuePrio<TimerManager<StaticF<void (), 20u> >, StaticF<void (), 20u> >, mcu::DmaDevice<EventQueuePrio<TimerManager<StaticF<void (), 20u> >, StaticF<void (), 20u> >, StaticF<void (), 20u> >, mcu::Pin, StaticF<void (), 20u> >, mcu::Pin>::init()
 .text._ZN3GfxI4OledIN3mcu9SpiDeviceI14EventQueuePrioI12TimerManagerI7StaticFIFvvELj20EEES7_ENS1_9DmaDeviceIS9_S7_EENS1_3PinES7_EESC_EEC2ERSE_
                0x08001128       0x2a src/main.o
                0x08001128                Gfx<Oled<mcu::SpiDevice<EventQueuePrio<TimerManager<StaticF<void (), 20u> >, StaticF<void (), 20u> >, mcu::DmaDevice<EventQueuePrio<TimerManager<StaticF<void (), 20u> >, StaticF<void (), 20u> >, StaticF<void (), 20u> >, mcu::Pin, StaticF<void (), 20u> >, mcu::Pin> >::Gfx(Oled<mcu::SpiDevice<EventQueuePrio<TimerManager<StaticF<void (), 20u> >, StaticF<void (), 20u> >, mcu::DmaDevice<EventQueuePrio<TimerManager<StaticF<void (), 20u> >, StaticF<void (), 20u> >, StaticF<void (), 20u> >, mcu::Pin, StaticF<void (), 20u> >, mcu::Pin>&)
                0x08001128                Gfx<Oled<mcu::SpiDevice<EventQueuePrio<TimerManager<StaticF<void (), 20u> >, StaticF<void (), 20u> >, mcu::DmaDevice<EventQueuePrio<TimerManager<StaticF<void (), 20u> >, StaticF<void (), 20u> >, StaticF<void (), 20u> >, mcu::Pin, StaticF<void (), 20u> >, mcu::Pin> >::Gfx(Oled<mcu::SpiDevice<EventQueuePrio<TimerManager<StaticF<void (), 20u> >, StaticF<void (), 20u> >, mcu::DmaDevice<EventQueuePrio<TimerManager<StaticF<void (), 20u> >, StaticF<void (), 20u> >, StaticF<void (), 20u> >, mcu::Pin, StaticF<void (), 20u> >, mcu::Pin>&)
 .text._ZN3GfxI4OledIN3mcu9SpiDeviceI14EventQueuePrioI12TimerManagerI7StaticFIFvvELj20EEES7_ENS1_9DmaDeviceIS9_S7_EENS1_3PinES7_EESC_EE5clearEv
                0x08001152       0x26 src/main.o
                0x08001152                Gfx<Oled<mcu::SpiDevice<EventQueuePrio<TimerManager<StaticF<void (), 20u> >, StaticF<void (), 20u> >, mcu::DmaDevice<EventQueuePrio<TimerManager<StaticF<void (), 20u> >, StaticF<void (), 20u> >, StaticF<void (), 20u> >, mcu::Pin, StaticF<void (), 20u> >, mcu::Pin> >::clear()
 .text._ZN3GfxI4OledIN3mcu9SpiDeviceI14EventQueuePrioI12TimerManagerI7StaticFIFvvELj20EEES7_ENS1_9DmaDeviceIS9_S7_EENS1_3PinES7_EESC_EElsEPKc
                0x08001178       0x24 src/main.o
                0x08001178                Gfx<Oled<mcu::SpiDevice<EventQueuePrio<TimerManager<StaticF<void (), 20u> >, StaticF<void (), 20u> >, mcu::DmaDevice<EventQueuePrio<TimerManager<StaticF<void (), 20u> >, StaticF<void (), 20u> >, StaticF<void (), 20u> >, mcu::Pin, StaticF<void (), 20u> >, mcu::Pin> >::operator<<(char const*)
 .text._ZN3GfxI4OledIN3mcu9SpiDeviceI14EventQueuePrioI12TimerManagerI7StaticFIFvvELj20EEES7_ENS1_9DmaDeviceIS9_S7_EENS1_3PinES7_EESC_EE7displayEv
                0x0800119c       0x1a src/main.o
                0x0800119c                Gfx<Oled<mcu::SpiDevice<EventQueuePrio<TimerManager<StaticF<void (), 20u> >, StaticF<void (), 20u> >, mcu::DmaDevice<EventQueuePrio<TimerManager<StaticF<void (), 20u> >, StaticF<void (), 20u> >, StaticF<void (), 20u> >, mcu::Pin, StaticF<void (), 20u> >, mcu::Pin> >::display()
 .text._ZN3GfxI4OledIN3mcu9SpiDeviceI14EventQueuePrioI12TimerManagerI7StaticFIFvvELj20EEES7_ENS1_9DmaDeviceIS9_S7_EENS1_3PinES7_EESC_EElsEi
                0x080011b6       0x36 src/main.o
                0x080011b6                Gfx<Oled<mcu::SpiDevice<EventQueuePrio<TimerManager<StaticF<void (), 20u> >, StaticF<void (), 20u> >, mcu::DmaDevice<EventQueuePrio<TimerManager<StaticF<void (), 20u> >, StaticF<void (), 20u> >, StaticF<void (), 20u> >, mcu::Pin, StaticF<void (), 20u> >, mcu::Pin> >::operator<<(int)
 .text._ZN3GfxI4OledIN3mcu9SpiDeviceI14EventQueuePrioI12TimerManagerI7StaticFIFvvELj20EEES7_ENS1_9DmaDeviceIS9_S7_EENS1_3PinES7_EESC_EE4rectEiiii
                0x080011ec       0x94 src/main.o
                0x080011ec                Gfx<Oled<mcu::SpiDevice<EventQueuePrio<TimerManager<StaticF<void (), 20u> >, StaticF<void (), 20u> >, mcu::DmaDevice<EventQueuePrio<TimerManager<StaticF<void (), 20u> >, StaticF<void (), 20u> >, StaticF<void (), 20u> >, mcu::Pin, StaticF<void (), 20u> >, mcu::Pin> >::rect(int, int, int, int)
 .text._ZZN14EventQueuePrioI12TimerManagerI7StaticFIFvvELj20EEES3_E14rec_post_in_msIZ4mainEUlvE_EEvT_NSt6chrono8durationIxSt5ratioILx1ELx1000EEEEhENKUlvE_clEv
                0x08001280       0x22 src/main.o
 .text._ZNKSt6chrono8durationIxSt5ratioILx1ELx1000EEE5countEv
                0x080012a2       0x1a src/main.o
                0x080012a2                std::chrono::duration<long long, std::ratio<1ll, 1000ll> >::count() const
 .text._ZN14EventQueuePrioI12TimerManagerI7StaticFIFvvELj20EEES3_E14rec_post_in_msIZ4mainEUlvE_EEvT_NSt6chrono8durationIxSt5ratioILx1ELx1000EEEEh
                0x080012bc       0x5c src/main.o
 .text._ZZN14EventQueuePrioI12TimerManagerI7StaticFIFvvELj20EEES3_E14rec_post_in_msIZ4mainEUlvE0_EEvT_NSt6chrono8durationIxSt5ratioILx1ELx1000EEEEhENKUlvE_clEv
                0x08001318       0x22 src/main.o
 .text._ZN14EventQueuePrioI12TimerManagerI7StaticFIFvvELj20EEES3_E14rec_post_in_msIZ4mainEUlvE0_EEvT_NSt6chrono8durationIxSt5ratioILx1ELx1000EEEEh
                0x0800133a       0x5c src/main.o
 *fill*         0x08001396        0x2 
 .text._ZN14EventQueuePrioI12TimerManagerI7StaticFIFvvELj20EEES3_E3runEv
                0x08001398      0x1f4 src/main.o
                0x08001398                EventQueuePrio<TimerManager<StaticF<void (), 20u> >, StaticF<void (), 20u> >::run()
 .text._ZN7StaticFIFvvELj20EEC2Ev
                0x0800158c       0x1c src/main.o
                0x0800158c                StaticF<void (), 20u>::StaticF()
                0x0800158c                StaticF<void (), 20u>::StaticF()
 .text._ZNSt5arrayIN12TimerManagerI7StaticFIFvvELj20EEE4TaskIjS3_EELj128EE4fillERKS6_
                0x080015a8       0x2c src/main.o
                0x080015a8                std::array<TimerManager<StaticF<void (), 20u> >::Task<unsigned int, StaticF<void (), 20u> >, 128u>::fill(TimerManager<StaticF<void (), 20u> >::Task<unsigned int, StaticF<void (), 20u> > const&)
 .text._ZN12TimerManagerI7StaticFIFvvELj20EEE4tickEv
                0x080015d4       0x8a src/main.o
                0x080015d4                TimerManager<StaticF<void (), 20u> >::tick()
 .text._ZN19InterruptDispatcher25register_systick_callbackIZN12TimerManagerI7StaticFIFvvELj20EEEC4EvEUlvE_EEvT_
                0x0800165e       0x38 src/main.o
                0x0800165e                void InterruptDispatcher::register_systick_callback<TimerManager<StaticF<void (), 20u> >::TimerManager()::{lambda()#1}>(TimerManager<StaticF<void (), 20u> >::TimerManager()::{lambda()#1})
 *fill*         0x08001696        0x2 
 .text._ZNK3mcu9DmaDeviceI14EventQueuePrioI12TimerManagerI7StaticFIFvvELj20EEES5_ES5_E11enableClockEv
                0x08001698       0x50 src/main.o
                0x08001698                mcu::DmaDevice<EventQueuePrio<TimerManager<StaticF<void (), 20u> >, StaticF<void (), 20u> >, StaticF<void (), 20u> >::enableClock() const
 .text._ZZN3mcu9DmaDeviceI14EventQueuePrioI12TimerManagerI7StaticFIFvvELj20EEES5_ES5_E15enableInterruptEvENKUlvE_clEv
                0x080016e8       0x1a src/main.o
                0x080016e8                mcu::DmaDevice<EventQueuePrio<TimerManager<StaticF<void (), 20u> >, StaticF<void (), 20u> >, StaticF<void (), 20u> >::enableInterrupt()::{lambda()#1}::operator()() const
 .text._ZZN3mcu9DmaDeviceI14EventQueuePrioI12TimerManagerI7StaticFIFvvELj20EEES5_ES5_E15enableInterruptEvENKUlvE0_clEv
                0x08001702       0x1a src/main.o
                0x08001702                mcu::DmaDevice<EventQueuePrio<TimerManager<StaticF<void (), 20u> >, StaticF<void (), 20u> >, StaticF<void (), 20u> >::enableInterrupt()::{lambda()#2}::operator()() const
 .text._ZN3mcu9DmaDeviceI14EventQueuePrioI12TimerManagerI7StaticFIFvvELj20EEES5_ES5_E15enableInterruptEv
                0x0800171c       0x90 src/main.o
                0x0800171c                mcu::DmaDevice<EventQueuePrio<TimerManager<StaticF<void (), 20u> >, StaticF<void (), 20u> >, StaticF<void (), 20u> >::enableInterrupt()
 .text._ZNK3mcu9SpiDeviceI14EventQueuePrioI12TimerManagerI7StaticFIFvvELj20EEES5_ENS_9DmaDeviceIS7_S5_EENS_3PinES5_E11enableClockEv
                0x080017ac       0x50 src/main.o
                0x080017ac                mcu::SpiDevice<EventQueuePrio<TimerManager<StaticF<void (), 20u> >, StaticF<void (), 20u> >, mcu::DmaDevice<EventQueuePrio<TimerManager<StaticF<void (), 20u> >, StaticF<void (), 20u> >, StaticF<void (), 20u> >, mcu::Pin, StaticF<void (), 20u> >::enableClock() const
 .text._ZNK3mcu9DmaDeviceI14EventQueuePrioI12TimerManagerI7StaticFIFvvELj20EEES5_ES5_E20setPeripheralAddressEm
                0x080017fc       0x1e src/main.o
                0x080017fc                mcu::DmaDevice<EventQueuePrio<TimerManager<StaticF<void (), 20u> >, StaticF<void (), 20u> >, StaticF<void (), 20u> >::setPeripheralAddress(unsigned long) const
 .text._ZN3mcu9SpiDeviceI14EventQueuePrioI12TimerManagerI7StaticFIFvvELj20EEES5_ENS_9DmaDeviceIS7_S5_EENS_3PinES5_E18onTransferCompleteEv
                0x0800181a       0x3c src/main.o
                0x0800181a                mcu::SpiDevice<EventQueuePrio<TimerManager<StaticF<void (), 20u> >, StaticF<void (), 20u> >, mcu::DmaDevice<EventQueuePrio<TimerManager<StaticF<void (), 20u> >, StaticF<void (), 20u> >, StaticF<void (), 20u> >, mcu::Pin, StaticF<void (), 20u> >::onTransferComplete()
 .text._ZSt7forwardIZN3mcu9SpiDeviceI14EventQueuePrioI12TimerManagerI7StaticFIFvvELj20EEES6_ENS0_9DmaDeviceIS8_S6_EENS0_3PinES6_EC4ERKS8_RSA_NSC_10Instance_tENSC_7Speed_tESB_SB_NSC_6MorS_tENSC_6Mode_tEEUlvE_EOT_RNSt16remove_referenceISL_E4typeE
                0x08001856       0x16 src/main.o
                0x08001856                mcu::SpiDevice<EventQueuePrio<TimerManager<StaticF<void (), 20u> >, StaticF<void (), 20u> >, mcu::DmaDevice<EventQueuePrio<TimerManager<StaticF<void (), 20u> >, StaticF<void (), 20u> >, StaticF<void (), 20u> >, mcu::Pin, StaticF<void (), 20u> >::SpiDevice(EventQueuePrio<TimerManager<StaticF<void (), 20u> >, StaticF<void (), 20u> > const&, mcu::DmaDevice<EventQueuePrio<TimerManager<StaticF<void (), 20u> >, StaticF<void (), 20u> >, StaticF<void (), 20u> >&, mcu::SpiDevice<EventQueuePrio<TimerManager<StaticF<void (), 20u> >, StaticF<void (), 20u> >, mcu::DmaDevice<EventQueuePrio<TimerManager<StaticF<void (), 20u> >, StaticF<void (), 20u> >, StaticF<void (), 20u> >, mcu::Pin, StaticF<void (), 20u> >::Instance_t, mcu::SpiDevice<EventQueuePrio<TimerManager<StaticF<void (), 20u> >, StaticF<void (), 20u> >, mcu::DmaDevice<EventQueuePrio<TimerManager<StaticF<void (), 20u> >, StaticF<void (), 20u> >, StaticF<void (), 20u> >, mcu::Pin, StaticF<void (), 20u> >::Speed_t, mcu::Pin, mcu::Pin, mcu::SpiDevice<EventQueuePrio<TimerManager<StaticF<void (), 20u> >, StaticF<void (), 20u> >, mcu::DmaDevice<EventQueuePrio<TimerManager<StaticF<void (), 20u> >, StaticF<void (), 20u> >, StaticF<void (), 20u> >, mcu::Pin, StaticF<void (), 20u> >::MorS_t, mcu::SpiDevice<EventQueuePrio<TimerManager<StaticF<void (), 20u> >, StaticF<void (), 20u> >, mcu::DmaDevice<EventQueuePrio<TimerManager<StaticF<void (), 20u> >, StaticF<void (), 20u> >, StaticF<void (), 20u> >, mcu::Pin, StaticF<void (), 20u> >::Mode_t)::{lambda()#1}&& std::forward<mcu::SpiDevice<EventQueuePrio<TimerManager<StaticF<void (), 20u> >, StaticF<void (), 20u> >, mcu::DmaDevice<EventQueuePrio<TimerManager<StaticF<void (), 20u> >, StaticF<void (), 20u> >, StaticF<void (), 20u> >, mcu::Pin, StaticF<void (), 20u> >::SpiDevice(EventQueuePrio<TimerManager<StaticF<void (), 20u> >, StaticF<void (), 20u> > const&, mcu::DmaDevice<EventQueuePrio<TimerManager<StaticF<void (), 20u> >, StaticF<void (), 20u> >, StaticF<void (), 20u> >&, mcu::SpiDevice<EventQueuePrio<TimerManager<StaticF<void (), 20u> >, StaticF<void (), 20u> >, mcu::DmaDevice<EventQueuePrio<TimerManager<StaticF<void (), 20u> >, StaticF<void (), 20u> >, StaticF<void (), 20u> >, mcu::Pin, StaticF<void (), 20u> >::Instance_t, mcu::SpiDevice<EventQueuePrio<TimerManager<StaticF<void (), 20u> >, StaticF<void (), 20u> >, mcu::DmaDevice<EventQueuePrio<TimerManager<StaticF<void (), 20u> >, StaticF<void (), 20u> >, StaticF<void (), 20u> >, mcu::Pin, StaticF<void (), 20u> >::Speed_t, mcu::Pin, mcu::Pin, mcu::SpiDevice<EventQueuePrio<TimerManager<StaticF<void (), 20u> >, StaticF<void (), 20u> >, mcu::DmaDevice<EventQueuePrio<TimerManager<StaticF<void (), 20u> >, StaticF<void (), 20u> >, StaticF<void (), 20u> >, mcu::Pin, StaticF<void (), 20u> >::MorS_t, mcu::SpiDevice<EventQueuePrio<TimerManager<StaticF<void (), 20u> >, StaticF<void (), 20u> >, mcu::DmaDevice<EventQueuePrio<TimerManager<StaticF<void (), 20u> >, StaticF<void (), 20u> >, StaticF<void (), 20u> >, mcu::Pin, StaticF<void (), 20u> >::Mode_t)::{lambda()#1}>(std::remove_reference<mcu::SpiDevice<EventQueuePrio<TimerManager<StaticF<void (), 20u> >, StaticF<void (), 20u> >, mcu::DmaDevice<EventQueuePrio<TimerManager<StaticF<void (), 20u> >, StaticF<void (), 20u> >, StaticF<void (), 20u> >, mcu::Pin, StaticF<void (), 20u> >::SpiDevice(EventQueuePrio<TimerManager<StaticF<void (), 20u> >, StaticF<void (), 20u> > const&, mcu::DmaDevice<EventQueuePrio<TimerManager<StaticF<void (), 20u> >, StaticF<void (), 20u> >, StaticF<void (), 20u> >&, mcu::SpiDevice<EventQueuePrio<TimerManager<StaticF<void (), 20u> >, StaticF<void (), 20u> >, mcu::DmaDevice<EventQueuePrio<TimerManager<StaticF<void (), 20u> >, StaticF<void (), 20u> >, StaticF<void (), 20u> >, mcu::Pin, StaticF<void (), 20u> >::Instance_t, mcu::SpiDevice<EventQueuePrio<TimerManager<StaticF<void (), 20u> >, StaticF<void (), 20u> >, mcu::DmaDevice<EventQueuePrio<TimerManager<StaticF<void (), 20u> >, StaticF<void (), 20u> >, StaticF<void (), 20u> >, mcu::Pin, StaticF<void (), 20u> >::Speed_t, mcu::Pin, mcu::Pin, mcu::SpiDevice<EventQueuePrio<TimerManager<StaticF<void (), 20u> >, StaticF<void (), 20u> >, mcu::DmaDevice<EventQueuePrio<TimerManager<StaticF<void (), 20u> >, StaticF<void (), 20u> >, StaticF<void (), 20u> >, mcu::Pin, StaticF<void (), 20u> >::MorS_t, mcu::SpiDevice<EventQueuePrio<TimerManager<StaticF<void (), 20u> >, StaticF<void (), 20u> >, mcu::DmaDevice<EventQueuePrio<TimerManager<StaticF<void (), 20u> >, StaticF<void (), 20u> >, StaticF<void (), 20u> >, mcu::Pin, StaticF<void (), 20u> >::Mode_t)::{lambda()#1}>::type&)
 .text._ZN3mcu9DmaDeviceI14EventQueuePrioI12TimerManagerI7StaticFIFvvELj20EEES5_ES5_E27setTransferCompleteCallbackIZNS_9SpiDeviceIS7_S8_NS_3PinES5_EC4ERKS7_RS8_NSC_10Instance_tENSC_7Speed_tESB_SB_NSC_6MorS_tENSC_6Mode_tEEUlvE_EEvOT_
                0x0800186c       0x28 src/main.o
                0x0800186c                void mcu::DmaDevice<EventQueuePrio<TimerManager<StaticF<void (), 20u> >, StaticF<void (), 20u> >, StaticF<void (), 20u> >::setTransferCompleteCallback<mcu::SpiDevice<EventQueuePrio<TimerManager<StaticF<void (), 20u> >, StaticF<void (), 20u> >, mcu::DmaDevice<EventQueuePrio<TimerManager<StaticF<void (), 20u> >, StaticF<void (), 20u> >, StaticF<void (), 20u> >, mcu::Pin, StaticF<void (), 20u> >::SpiDevice(EventQueuePrio<TimerManager<StaticF<void (), 20u> >, StaticF<void (), 20u> > const&, mcu::DmaDevice<EventQueuePrio<TimerManager<StaticF<void (), 20u> >, StaticF<void (), 20u> >, StaticF<void (), 20u> >&, mcu::SpiDevice<EventQueuePrio<TimerManager<StaticF<void (), 20u> >, StaticF<void (), 20u> >, mcu::DmaDevice<EventQueuePrio<TimerManager<StaticF<void (), 20u> >, StaticF<void (), 20u> >, StaticF<void (), 20u> >, mcu::Pin, StaticF<void (), 20u> >::Instance_t, mcu::SpiDevice<EventQueuePrio<TimerManager<StaticF<void (), 20u> >, StaticF<void (), 20u> >, mcu::DmaDevice<EventQueuePrio<TimerManager<StaticF<void (), 20u> >, StaticF<void (), 20u> >, StaticF<void (), 20u> >, mcu::Pin, StaticF<void (), 20u> >::Speed_t, mcu::Pin, mcu::Pin, mcu::SpiDevice<EventQueuePrio<TimerManager<StaticF<void (), 20u> >, StaticF<void (), 20u> >, mcu::DmaDevice<EventQueuePrio<TimerManager<StaticF<void (), 20u> >, StaticF<void (), 20u> >, StaticF<void (), 20u> >, mcu::Pin, StaticF<void (), 20u> >::MorS_t, mcu::SpiDevice<EventQueuePrio<TimerManager<StaticF<void (), 20u> >, StaticF<void (), 20u> >, mcu::DmaDevice<EventQueuePrio<TimerManager<StaticF<void (), 20u> >, StaticF<void (), 20u> >, StaticF<void (), 20u> >, mcu::Pin, StaticF<void (), 20u> >::Mode_t)::{lambda()#1}>(mcu::SpiDevice<EventQueuePrio<TimerManager<StaticF<void (), 20u> >, StaticF<void (), 20u> >, mcu::DmaDevice<EventQueuePrio<TimerManager<StaticF<void (), 20u> >, StaticF<void (), 20u> >, StaticF<void (), 20u> >, mcu::Pin, StaticF<void (), 20u> >::SpiDevice(EventQueuePrio<TimerManager<StaticF<void (), 20u> >, StaticF<void (), 20u> > const&, mcu::DmaDevice<EventQueuePrio<TimerManager<StaticF<void (), 20u> >, StaticF<void (), 20u> >, StaticF<void (), 20u> >&, mcu::SpiDevice<EventQueuePrio<TimerManager<StaticF<void (), 20u> >, StaticF<void (), 20u> >, mcu::DmaDevice<EventQueuePrio<TimerManager<StaticF<void (), 20u> >, StaticF<void (), 20u> >, StaticF<void (), 20u> >, mcu::Pin, StaticF<void (), 20u> >::Instance_t, mcu::SpiDevice<EventQueuePrio<TimerManager<StaticF<void (), 20u> >, StaticF<void (), 20u> >, mcu::DmaDevice<EventQueuePrio<TimerManager<StaticF<void (), 20u> >, StaticF<void (), 20u> >, StaticF<void (), 20u> >, mcu::Pin, StaticF<void (), 20u> >::Speed_t, mcu::Pin, mcu::Pin, mcu::SpiDevice<EventQueuePrio<TimerManager<StaticF<void (), 20u> >, StaticF<void (), 20u> >, mcu::DmaDevice<EventQueuePrio<TimerManager<StaticF<void (), 20u> >, StaticF<void (), 20u> >, StaticF<void (), 20u> >, mcu::Pin, StaticF<void (), 20u> >::MorS_t, mcu::SpiDevice<EventQueuePrio<TimerManager<StaticF<void (), 20u> >, StaticF<void (), 20u> >, mcu::DmaDevice<EventQueuePrio<TimerManager<StaticF<void (), 20u> >, StaticF<void (), 20u> >, StaticF<void (), 20u> >, mcu::Pin, StaticF<void (), 20u> >::Mode_t)::{lambda()#1}&&)
 .text._ZNK3mcu9SpiDeviceI14EventQueuePrioI12TimerManagerI7StaticFIFvvELj20EEES5_ENS_9DmaDeviceIS7_S5_EENS_3PinES5_E6enableEv
                0x08001894       0x24 src/main.o
                0x08001894                mcu::SpiDevice<EventQueuePrio<TimerManager<StaticF<void (), 20u> >, StaticF<void (), 20u> >, mcu::DmaDevice<EventQueuePrio<TimerManager<StaticF<void (), 20u> >, StaticF<void (), 20u> >, StaticF<void (), 20u> >, mcu::Pin, StaticF<void (), 20u> >::enable() const
 .text._ZNK4OledIN3mcu9SpiDeviceI14EventQueuePrioI12TimerManagerI7StaticFIFvvELj20EEES6_ENS0_9DmaDeviceIS8_S6_EENS0_3PinES6_EESB_E8deselectEv
                0x080018b8       0x1a src/main.o
                0x080018b8                Oled<mcu::SpiDevice<EventQueuePrio<TimerManager<StaticF<void (), 20u> >, StaticF<void (), 20u> >, mcu::DmaDevice<EventQueuePrio<TimerManager<StaticF<void (), 20u> >, StaticF<void (), 20u> >, StaticF<void (), 20u> >, mcu::Pin, StaticF<void (), 20u> >, mcu::Pin>::deselect() const
 .text._ZSt7forwardIZN4OledIN3mcu9SpiDeviceI14EventQueuePrioI12TimerManagerI7StaticFIFvvELj20EEES7_ENS1_9DmaDeviceIS9_S7_EENS1_3PinES7_EESC_E4initEvEUlvE_EOT_RNSt16remove_referenceISG_E4typeE
                0x080018d2       0x16 src/main.o
                0x080018d2                Oled<mcu::SpiDevice<EventQueuePrio<TimerManager<StaticF<void (), 20u> >, StaticF<void (), 20u> >, mcu::DmaDevice<EventQueuePrio<TimerManager<StaticF<void (), 20u> >, StaticF<void (), 20u> >, StaticF<void (), 20u> >, mcu::Pin, StaticF<void (), 20u> >, mcu::Pin>::init()::{lambda()#1}&& std::forward<Oled<mcu::SpiDevice<EventQueuePrio<TimerManager<StaticF<void (), 20u> >, StaticF<void (), 20u> >, mcu::DmaDevice<EventQueuePrio<TimerManager<StaticF<void (), 20u> >, StaticF<void (), 20u> >, StaticF<void (), 20u> >, mcu::Pin, StaticF<void (), 20u> >, mcu::Pin>::init()::{lambda()#1}>(std::remove_reference<Oled<mcu::SpiDevice<EventQueuePrio<TimerManager<StaticF<void (), 20u> >, StaticF<void (), 20u> >, mcu::DmaDevice<EventQueuePrio<TimerManager<StaticF<void (), 20u> >, StaticF<void (), 20u> >, StaticF<void (), 20u> >, mcu::Pin, StaticF<void (), 20u> >, mcu::Pin>::init()::{lambda()#1}>::type&)
 .text._ZN3mcu9SpiDeviceI14EventQueuePrioI12TimerManagerI7StaticFIFvvELj20EEES5_ENS_9DmaDeviceIS7_S5_EENS_3PinES5_E27setTransferCompleteCallbackIZN4OledISB_SA_E4initEvEUlvE_EEvT_
                0x080018e8       0x38 src/main.o
                0x080018e8                void mcu::SpiDevice<EventQueuePrio<TimerManager<StaticF<void (), 20u> >, StaticF<void (), 20u> >, mcu::DmaDevice<EventQueuePrio<TimerManager<StaticF<void (), 20u> >, StaticF<void (), 20u> >, StaticF<void (), 20u> >, mcu::Pin, StaticF<void (), 20u> >::setTransferCompleteCallback<Oled<mcu::SpiDevice<EventQueuePrio<TimerManager<StaticF<void (), 20u> >, StaticF<void (), 20u> >, mcu::DmaDevice<EventQueuePrio<TimerManager<StaticF<void (), 20u> >, StaticF<void (), 20u> >, StaticF<void (), 20u> >, mcu::Pin, StaticF<void (), 20u> >, mcu::Pin>::init()::{lambda()#1}>(Oled<mcu::SpiDevice<EventQueuePrio<TimerManager<StaticF<void (), 20u> >, StaticF<void (), 20u> >, mcu::DmaDevice<EventQueuePrio<TimerManager<StaticF<void (), 20u> >, StaticF<void (), 20u> >, StaticF<void (), 20u> >, mcu::Pin, StaticF<void (), 20u> >, mcu::Pin>::init()::{lambda()#1})
 .text._ZNK4OledIN3mcu9SpiDeviceI14EventQueuePrioI12TimerManagerI7StaticFIFvvELj20EEES6_ENS0_9DmaDeviceIS8_S6_EENS0_3PinES6_EESB_E6selectEv
                0x08001920       0x1a src/main.o
                0x08001920                Oled<mcu::SpiDevice<EventQueuePrio<TimerManager<StaticF<void (), 20u> >, StaticF<void (), 20u> >, mcu::DmaDevice<EventQueuePrio<TimerManager<StaticF<void (), 20u> >, StaticF<void (), 20u> >, StaticF<void (), 20u> >, mcu::Pin, StaticF<void (), 20u> >, mcu::Pin>::select() const
 .text._ZNK4OledIN3mcu9SpiDeviceI14EventQueuePrioI12TimerManagerI7StaticFIFvvELj20EEES6_ENS0_9DmaDeviceIS8_S6_EENS0_3PinES6_EESB_E8mode_cmdEv
                0x0800193a       0x1a src/main.o
                0x0800193a                Oled<mcu::SpiDevice<EventQueuePrio<TimerManager<StaticF<void (), 20u> >, StaticF<void (), 20u> >, mcu::DmaDevice<EventQueuePrio<TimerManager<StaticF<void (), 20u> >, StaticF<void (), 20u> >, StaticF<void (), 20u> >, mcu::Pin, StaticF<void (), 20u> >, mcu::Pin>::mode_cmd() const
 .text._ZNSt14__array_traitsIhLj1024EE6_S_refERA1024_Khj
                0x08001954       0x1c src/main.o
                0x08001954                std::__array_traits<unsigned char, 1024u>::_S_ref(unsigned char const (&) [1024], unsigned int)
 .text._ZNSt5arrayIhLj1024EEixEj
                0x08001970       0x1e src/main.o
                0x08001970                std::array<unsigned char, 1024u>::operator[](unsigned int)
 .text._ZN3mcu9SpiDeviceI14EventQueuePrioI12TimerManagerI7StaticFIFvvELj20EEES5_ENS_9DmaDeviceIS7_S5_EENS_3PinES5_E4sendEmm
                0x0800198e       0xc6 src/main.o
                0x0800198e                mcu::SpiDevice<EventQueuePrio<TimerManager<StaticF<void (), 20u> >, StaticF<void (), 20u> >, mcu::DmaDevice<EventQueuePrio<TimerManager<StaticF<void (), 20u> >, StaticF<void (), 20u> >, StaticF<void (), 20u> >, mcu::Pin, StaticF<void (), 20u> >::send(unsigned long, unsigned long)
 .text._ZN4OledIN3mcu9SpiDeviceI14EventQueuePrioI12TimerManagerI7StaticFIFvvELj20EEES6_ENS0_9DmaDeviceIS8_S6_EENS0_3PinES6_EESB_E5clearEv
                0x08001a54       0x24 src/main.o
                0x08001a54                Oled<mcu::SpiDevice<EventQueuePrio<TimerManager<StaticF<void (), 20u> >, StaticF<void (), 20u> >, mcu::DmaDevice<EventQueuePrio<TimerManager<StaticF<void (), 20u> >, StaticF<void (), 20u> >, StaticF<void (), 20u> >, mcu::Pin, StaticF<void (), 20u> >, mcu::Pin>::clear()
 .text._ZN3GfxI4OledIN3mcu9SpiDeviceI14EventQueuePrioI12TimerManagerI7StaticFIFvvELj20EEES7_ENS1_9DmaDeviceIS9_S7_EENS1_3PinES7_EESC_EE4textEjjPKc
                0x08001a78       0x9c src/main.o
                0x08001a78                Gfx<Oled<mcu::SpiDevice<EventQueuePrio<TimerManager<StaticF<void (), 20u> >, StaticF<void (), 20u> >, mcu::DmaDevice<EventQueuePrio<TimerManager<StaticF<void (), 20u> >, StaticF<void (), 20u> >, StaticF<void (), 20u> >, mcu::Pin, StaticF<void (), 20u> >, mcu::Pin> >::text(unsigned int, unsigned int, char const*)
 .text._ZZN4OledIN3mcu9SpiDeviceI14EventQueuePrioI12TimerManagerI7StaticFIFvvELj20EEES6_ENS0_9DmaDeviceIS8_S6_EENS0_3PinES6_EESB_E7displayEvENKUlvE_clEv
                0x08001b14       0x1a src/main.o
                0x08001b14                Oled<mcu::SpiDevice<EventQueuePrio<TimerManager<StaticF<void (), 20u> >, StaticF<void (), 20u> >, mcu::DmaDevice<EventQueuePrio<TimerManager<StaticF<void (), 20u> >, StaticF<void (), 20u> >, StaticF<void (), 20u> >, mcu::Pin, StaticF<void (), 20u> >, mcu::Pin>::display()::{lambda()#1}::operator()() const
 .text._ZN4OledIN3mcu9SpiDeviceI14EventQueuePrioI12TimerManagerI7StaticFIFvvELj20EEES6_ENS0_9DmaDeviceIS8_S6_EENS0_3PinES6_EESB_E7displayEv
                0x08001b2e       0x3c src/main.o
                0x08001b2e                Oled<mcu::SpiDevice<EventQueuePrio<TimerManager<StaticF<void (), 20u> >, StaticF<void (), 20u> >, mcu::DmaDevice<EventQueuePrio<TimerManager<StaticF<void (), 20u> >, StaticF<void (), 20u> >, StaticF<void (), 20u> >, mcu::Pin, StaticF<void (), 20u> >, mcu::Pin>::display()
 *fill*         0x08001b6a        0x2 
 .text._ZN3GfxI4OledIN3mcu9SpiDeviceI14EventQueuePrioI12TimerManagerI7StaticFIFvvELj20EEES7_ENS1_9DmaDeviceIS9_S7_EENS1_3PinES7_EESC_EE9intToTextEiPc
                0x08001b6c       0xe4 src/main.o
                0x08001b6c                Gfx<Oled<mcu::SpiDevice<EventQueuePrio<TimerManager<StaticF<void (), 20u> >, StaticF<void (), 20u> >, mcu::DmaDevice<EventQueuePrio<TimerManager<StaticF<void (), 20u> >, StaticF<void (), 20u> >, StaticF<void (), 20u> >, mcu::Pin, StaticF<void (), 20u> >, mcu::Pin> >::intToText(int, char*)
 .text._ZN4OledIN3mcu9SpiDeviceI14EventQueuePrioI12TimerManagerI7StaticFIFvvELj20EEES6_ENS0_9DmaDeviceIS8_S6_EENS0_3PinES6_EESB_E9drawPointEjj
                0x08001c50       0x54 src/main.o
                0x08001c50                Oled<mcu::SpiDevice<EventQueuePrio<TimerManager<StaticF<void (), 20u> >, StaticF<void (), 20u> >, mcu::DmaDevice<EventQueuePrio<TimerManager<StaticF<void (), 20u> >, StaticF<void (), 20u> >, StaticF<void (), 20u> >, mcu::Pin, StaticF<void (), 20u> >, mcu::Pin>::drawPoint(unsigned int, unsigned int)
 .text._ZSt7forwardIRKZ4mainEUlvE_EOT_RNSt16remove_referenceIS3_E4typeE
                0x08001ca4       0x16 src/main.o
 .text._ZN14EventQueuePrioI12TimerManagerI7StaticFIFvvELj20EEES3_E4postIRKZ4mainEUlvE_EEvOT_h
                0x08001cba       0xa6 src/main.o
 .text._ZN12TimerManagerI7StaticFIFvvELj20EEE13rec_run_in_msIZN14EventQueuePrioIS3_S2_E14rec_post_in_msIZ4mainEUlvE_EEvT_NSt6chrono8durationIxSt5ratioILx1ELx1000EEEEhEUlvE_EEbS9_j
                0x08001d60       0x8a src/main.o
 .text._ZSt7forwardIRKZ4mainEUlvE0_EOT_RNSt16remove_referenceIS3_E4typeE
                0x08001dea       0x16 src/main.o
 .text._ZN14EventQueuePrioI12TimerManagerI7StaticFIFvvELj20EEES3_E4postIRKZ4mainEUlvE0_EEvOT_h
                0x08001e00       0xa6 src/main.o
 .text._ZN12TimerManagerI7StaticFIFvvELj20EEE13rec_run_in_msIZN14EventQueuePrioIS3_S2_E14rec_post_in_msIZ4mainEUlvE0_EEvT_NSt6chrono8durationIxSt5ratioILx1ELx1000EEEEhEUlvE_EEbS9_j
                0x08001ea6       0x8a src/main.o
 .text._ZNSt14__array_traitsIN14EventQueuePrioI12TimerManagerI7StaticFIFvvELj20EEES4_E6Task_tELj200EE6_S_refERA200_KS7_j
                0x08001f30       0x1e src/main.o
                0x08001f30                std::__array_traits<EventQueuePrio<TimerManager<StaticF<void (), 20u> >, StaticF<void (), 20u> >::Task_t, 200u>::_S_ref(EventQueuePrio<TimerManager<StaticF<void (), 20u> >, StaticF<void (), 20u> >::Task_t const (&) [200], unsigned int)
 *fill*         0x08001f4e        0x2 
 .text._ZNSt5arrayIN14EventQueuePrioI12TimerManagerI7StaticFIFvvELj20EEES4_E6Task_tELj200EE2atEj
                0x08001f50       0x34 src/main.o
                0x08001f50                std::array<EventQueuePrio<TimerManager<StaticF<void (), 20u> >, StaticF<void (), 20u> >::Task_t, 200u>::at(unsigned int)
 .text._ZN7StaticFIFvvELj20EEclEv
                0x08001f84       0x26 src/main.o
                0x08001f84                StaticF<void (), 20u>::operator()()
 .text._ZNSt5arrayIN12TimerManagerI7StaticFIFvvELj20EEE4TaskIjS3_EELj128EE5beginEv
                0x08001faa       0x18 src/main.o
                0x08001faa                std::array<TimerManager<StaticF<void (), 20u> >::Task<unsigned int, StaticF<void (), 20u> >, 128u>::begin()
 .text._ZNKSt5arrayIN12TimerManagerI7StaticFIFvvELj20EEE4TaskIjS3_EELj128EE4sizeEv
                0x08001fc2       0x16 src/main.o
                0x08001fc2                std::array<TimerManager<StaticF<void (), 20u> >::Task<unsigned int, StaticF<void (), 20u> >, 128u>::size() const
 .text._ZSt6fill_nIPN12TimerManagerI7StaticFIFvvELj20EEE4TaskIjS3_EEjS6_ET_S8_T0_RKT1_
                0x08001fd8       0x28 src/main.o
                0x08001fd8                TimerManager<StaticF<void (), 20u> >::Task<unsigned int, StaticF<void (), 20u> >* std::fill_n<TimerManager<StaticF<void (), 20u> >::Task<unsigned int, StaticF<void (), 20u> >*, unsigned int, TimerManager<StaticF<void (), 20u> >::Task<unsigned int, StaticF<void (), 20u> > >(TimerManager<StaticF<void (), 20u> >::Task<unsigned int, StaticF<void (), 20u> >*, unsigned int, TimerManager<StaticF<void (), 20u> >::Task<unsigned int, StaticF<void (), 20u> > const&)
 .text._ZNSt5arrayIN12TimerManagerI7StaticFIFvvELj20EEE4TaskIjS3_EELj128EE3endEv
                0x08002000       0x1c src/main.o
                0x08002000                std::array<TimerManager<StaticF<void (), 20u> >::Task<unsigned int, StaticF<void (), 20u> >, 128u>::end()
 .text._ZSt7forwardIRZN12TimerManagerI7StaticFIFvvELj20EEEC4EvEUlvE_EOT_RNSt16remove_referenceIS7_E4typeE
                0x0800201c       0x16 src/main.o
                0x0800201c                TimerManager<StaticF<void (), 20u> >::TimerManager()::{lambda()#1}& std::forward<TimerManager<StaticF<void (), 20u> >::TimerManager()::{lambda()#1}&>(std::remove_reference<TimerManager<StaticF<void (), 20u> >::TimerManager()::{lambda()#1}&>::type&)
 .text._ZN7StaticFIFvvELj12EEC2IRZN12TimerManagerIS_IS0_Lj20EEEC4EvEUlvE_EEOT_
                0x08002032       0x2a src/main.o
                0x08002032                StaticF<void (), 12u>::StaticF<TimerManager<StaticF<void (), 20u> >::TimerManager()::{lambda()#1}&>(TimerManager<StaticF<void (), 20u> >::TimerManager()::{lambda()#1}&)
                0x08002032                StaticF<void (), 12u>::StaticF<TimerManager<StaticF<void (), 20u> >::TimerManager()::{lambda()#1}&>(TimerManager<StaticF<void (), 20u> >::TimerManager()::{lambda()#1}&)
 .text._ZN3mcu9DmaDeviceI14EventQueuePrioI12TimerManagerI7StaticFIFvvELj20EEES5_ES5_E11onInterruptEv
                0x0800205c       0x20 src/main.o
                0x0800205c                mcu::DmaDevice<EventQueuePrio<TimerManager<StaticF<void (), 20u> >, StaticF<void (), 20u> >, StaticF<void (), 20u> >::onInterrupt()
 .text._ZN19InterruptDispatcher17register_callbackIZN3mcu9DmaDeviceI14EventQueuePrioI12TimerManagerI7StaticFIFvvELj20EEES7_ES7_E15enableInterruptEvEUlvE_EEvT_9IRQn_Type
                0x0800207c       0x4a src/main.o
                0x0800207c                void InterruptDispatcher::register_callback<mcu::DmaDevice<EventQueuePrio<TimerManager<StaticF<void (), 20u> >, StaticF<void (), 20u> >, StaticF<void (), 20u> >::enableInterrupt()::{lambda()#1}>(mcu::DmaDevice<EventQueuePrio<TimerManager<StaticF<void (), 20u> >, StaticF<void (), 20u> >, StaticF<void (), 20u> >::enableInterrupt()::{lambda()#1}, IRQn_Type)
 .text._ZN19InterruptDispatcher17register_callbackIZN3mcu9DmaDeviceI14EventQueuePrioI12TimerManagerI7StaticFIFvvELj20EEES7_ES7_E15enableInterruptEvEUlvE0_EEvT_9IRQn_Type
                0x080020c6       0x4a src/main.o
                0x080020c6                void InterruptDispatcher::register_callback<mcu::DmaDevice<EventQueuePrio<TimerManager<StaticF<void (), 20u> >, StaticF<void (), 20u> >, StaticF<void (), 20u> >::enableInterrupt()::{lambda()#2}>(mcu::DmaDevice<EventQueuePrio<TimerManager<StaticF<void (), 20u> >, StaticF<void (), 20u> >, StaticF<void (), 20u> >::enableInterrupt()::{lambda()#2}, IRQn_Type)
 .text._ZN7StaticFIFvvELj20EE13assignHandlerIZN3mcu9SpiDeviceI14EventQueuePrioI12TimerManagerIS1_ES1_ENS3_9DmaDeviceIS8_S1_EENS3_3PinES1_EC4ERKS8_RSA_NSC_10Instance_tENSC_7Speed_tESB_SB_NSC_6MorS_tENSC_6Mode_tEEUlvE_EEvOT_
                0x08002110       0x38 src/main.o
                0x08002110                void StaticF<void (), 20u>::assignHandler<mcu::SpiDevice<EventQueuePrio<TimerManager<StaticF<void (), 20u> >, StaticF<void (), 20u> >, mcu::DmaDevice<EventQueuePrio<TimerManager<StaticF<void (), 20u> >, StaticF<void (), 20u> >, StaticF<void (), 20u> >, mcu::Pin, StaticF<void (), 20u> >::SpiDevice(EventQueuePrio<TimerManager<StaticF<void (), 20u> >, StaticF<void (), 20u> > const&, mcu::DmaDevice<EventQueuePrio<TimerManager<StaticF<void (), 20u> >, StaticF<void (), 20u> >, StaticF<void (), 20u> >&, mcu::SpiDevice<EventQueuePrio<TimerManager<StaticF<void (), 20u> >, StaticF<void (), 20u> >, mcu::DmaDevice<EventQueuePrio<TimerManager<StaticF<void (), 20u> >, StaticF<void (), 20u> >, StaticF<void (), 20u> >, mcu::Pin, StaticF<void (), 20u> >::Instance_t, mcu::SpiDevice<EventQueuePrio<TimerManager<StaticF<void (), 20u> >, StaticF<void (), 20u> >, mcu::DmaDevice<EventQueuePrio<TimerManager<StaticF<void (), 20u> >, StaticF<void (), 20u> >, StaticF<void (), 20u> >, mcu::Pin, StaticF<void (), 20u> >::Speed_t, mcu::Pin, mcu::Pin, mcu::SpiDevice<EventQueuePrio<TimerManager<StaticF<void (), 20u> >, StaticF<void (), 20u> >, mcu::DmaDevice<EventQueuePrio<TimerManager<StaticF<void (), 20u> >, StaticF<void (), 20u> >, StaticF<void (), 20u> >, mcu::Pin, StaticF<void (), 20u> >::MorS_t, mcu::SpiDevice<EventQueuePrio<TimerManager<StaticF<void (), 20u> >, StaticF<void (), 20u> >, mcu::DmaDevice<EventQueuePrio<TimerManager<StaticF<void (), 20u> >, StaticF<void (), 20u> >, StaticF<void (), 20u> >, mcu::Pin, StaticF<void (), 20u> >::Mode_t)::{lambda()#1}>(mcu::SpiDevice<EventQueuePrio<TimerManager<StaticF<void (), 20u> >, StaticF<void (), 20u> >, mcu::DmaDevice<EventQueuePrio<TimerManager<StaticF<void (), 20u> >, StaticF<void (), 20u> >, StaticF<void (), 20u> >, mcu::Pin, StaticF<void (), 20u> >::SpiDevice(EventQueuePrio<TimerManager<StaticF<void (), 20u> >, StaticF<void (), 20u> > const&, mcu::DmaDevice<EventQueuePrio<TimerManager<StaticF<void (), 20u> >, StaticF<void (), 20u> >, StaticF<void (), 20u> >&, mcu::SpiDevice<EventQueuePrio<TimerManager<StaticF<void (), 20u> >, StaticF<void (), 20u> >, mcu::DmaDevice<EventQueuePrio<TimerManager<StaticF<void (), 20u> >, StaticF<void (), 20u> >, StaticF<void (), 20u> >, mcu::Pin, StaticF<void (), 20u> >::Instance_t, mcu::SpiDevice<EventQueuePrio<TimerManager<StaticF<void (), 20u> >, StaticF<void (), 20u> >, mcu::DmaDevice<EventQueuePrio<TimerManager<StaticF<void (), 20u> >, StaticF<void (), 20u> >, StaticF<void (), 20u> >, mcu::Pin, StaticF<void (), 20u> >::Speed_t, mcu::Pin, mcu::Pin, mcu::SpiDevice<EventQueuePrio<TimerManager<StaticF<void (), 20u> >, StaticF<void (), 20u> >, mcu::DmaDevice<EventQueuePrio<TimerManager<StaticF<void (), 20u> >, StaticF<void (), 20u> >, StaticF<void (), 20u> >, mcu::Pin, StaticF<void (), 20u> >::MorS_t, mcu::SpiDevice<EventQueuePrio<TimerManager<StaticF<void (), 20u> >, StaticF<void (), 20u> >, mcu::DmaDevice<EventQueuePrio<TimerManager<StaticF<void (), 20u> >, StaticF<void (), 20u> >, StaticF<void (), 20u> >, mcu::Pin, StaticF<void (), 20u> >::Mode_t)::{lambda()#1}&&)
 .text._ZN7StaticFIFvvELj20EE13assignHandlerIZN4OledIN3mcu9SpiDeviceI14EventQueuePrioI12TimerManagerIS1_ES1_ENS4_9DmaDeviceIS9_S1_EENS4_3PinES1_EESC_E4initEvEUlvE_EEvOT_
                0x08002148       0x38 src/main.o
                0x08002148                void StaticF<void (), 20u>::assignHandler<Oled<mcu::SpiDevice<EventQueuePrio<TimerManager<StaticF<void (), 20u> >, StaticF<void (), 20u> >, mcu::DmaDevice<EventQueuePrio<TimerManager<StaticF<void (), 20u> >, StaticF<void (), 20u> >, StaticF<void (), 20u> >, mcu::Pin, StaticF<void (), 20u> >, mcu::Pin>::init()::{lambda()#1}>(Oled<mcu::SpiDevice<EventQueuePrio<TimerManager<StaticF<void (), 20u> >, StaticF<void (), 20u> >, mcu::DmaDevice<EventQueuePrio<TimerManager<StaticF<void (), 20u> >, StaticF<void (), 20u> >, StaticF<void (), 20u> >, mcu::Pin, StaticF<void (), 20u> >, mcu::Pin>::init()::{lambda()#1}&&)
 .text._ZNK3mcu9DmaDeviceI14EventQueuePrioI12TimerManagerI7StaticFIFvvELj20EEES5_ES5_E5startEmm
                0x08002180       0x48 src/main.o
                0x08002180                mcu::DmaDevice<EventQueuePrio<TimerManager<StaticF<void (), 20u> >, StaticF<void (), 20u> >, StaticF<void (), 20u> >::start(unsigned long, unsigned long) const
 .text._ZNKSt5arrayIhLj1024EE4sizeEv
                0x080021c8       0x18 src/main.o
                0x080021c8                std::array<unsigned char, 1024u>::size() const
 .text._ZNSt5arrayIhLj1024EE4fillERKh
                0x080021e0       0x2c src/main.o
                0x080021e0                std::array<unsigned char, 1024u>::fill(unsigned char const&)
 .text._ZN3GfxI4OledIN3mcu9SpiDeviceI14EventQueuePrioI12TimerManagerI7StaticFIFvvELj20EEES7_ENS1_9DmaDeviceIS9_S7_EENS1_3PinES7_EESC_EE9writeCharEjjc
                0x0800220c       0x78 src/main.o
                0x0800220c                Gfx<Oled<mcu::SpiDevice<EventQueuePrio<TimerManager<StaticF<void (), 20u> >, StaticF<void (), 20u> >, mcu::DmaDevice<EventQueuePrio<TimerManager<StaticF<void (), 20u> >, StaticF<void (), 20u> >, StaticF<void (), 20u> >, mcu::Pin, StaticF<void (), 20u> >, mcu::Pin> >::writeChar(unsigned int, unsigned int, char)
 .text._ZSt7forwardIZN4OledIN3mcu9SpiDeviceI14EventQueuePrioI12TimerManagerI7StaticFIFvvELj20EEES7_ENS1_9DmaDeviceIS9_S7_EENS1_3PinES7_EESC_E7displayEvEUlvE_EOT_RNSt16remove_referenceISG_E4typeE
                0x08002284       0x16 src/main.o
                0x08002284                Oled<mcu::SpiDevice<EventQueuePrio<TimerManager<StaticF<void (), 20u> >, StaticF<void (), 20u> >, mcu::DmaDevice<EventQueuePrio<TimerManager<StaticF<void (), 20u> >, StaticF<void (), 20u> >, StaticF<void (), 20u> >, mcu::Pin, StaticF<void (), 20u> >, mcu::Pin>::display()::{lambda()#1}&& std::forward<Oled<mcu::SpiDevice<EventQueuePrio<TimerManager<StaticF<void (), 20u> >, StaticF<void (), 20u> >, mcu::DmaDevice<EventQueuePrio<TimerManager<StaticF<void (), 20u> >, StaticF<void (), 20u> >, StaticF<void (), 20u> >, mcu::Pin, StaticF<void (), 20u> >, mcu::Pin>::display()::{lambda()#1}>(std::remove_reference<Oled<mcu::SpiDevice<EventQueuePrio<TimerManager<StaticF<void (), 20u> >, StaticF<void (), 20u> >, mcu::DmaDevice<EventQueuePrio<TimerManager<StaticF<void (), 20u> >, StaticF<void (), 20u> >, StaticF<void (), 20u> >, mcu::Pin, StaticF<void (), 20u> >, mcu::Pin>::display()::{lambda()#1}>::type&)
 .text._ZN3mcu9SpiDeviceI14EventQueuePrioI12TimerManagerI7StaticFIFvvELj20EEES5_ENS_9DmaDeviceIS7_S5_EENS_3PinES5_E27setTransferCompleteCallbackIZN4OledISB_SA_E7displayEvEUlvE_EEvT_
                0x0800229a       0x38 src/main.o
                0x0800229a                void mcu::SpiDevice<EventQueuePrio<TimerManager<StaticF<void (), 20u> >, StaticF<void (), 20u> >, mcu::DmaDevice<EventQueuePrio<TimerManager<StaticF<void (), 20u> >, StaticF<void (), 20u> >, StaticF<void (), 20u> >, mcu::Pin, StaticF<void (), 20u> >::setTransferCompleteCallback<Oled<mcu::SpiDevice<EventQueuePrio<TimerManager<StaticF<void (), 20u> >, StaticF<void (), 20u> >, mcu::DmaDevice<EventQueuePrio<TimerManager<StaticF<void (), 20u> >, StaticF<void (), 20u> >, StaticF<void (), 20u> >, mcu::Pin, StaticF<void (), 20u> >, mcu::Pin>::display()::{lambda()#1}>(Oled<mcu::SpiDevice<EventQueuePrio<TimerManager<StaticF<void (), 20u> >, StaticF<void (), 20u> >, mcu::DmaDevice<EventQueuePrio<TimerManager<StaticF<void (), 20u> >, StaticF<void (), 20u> >, StaticF<void (), 20u> >, mcu::Pin, StaticF<void (), 20u> >, mcu::Pin>::display()::{lambda()#1})
 .text._ZNK4OledIN3mcu9SpiDeviceI14EventQueuePrioI12TimerManagerI7StaticFIFvvELj20EEES6_ENS0_9DmaDeviceIS8_S6_EENS0_3PinES6_EESB_E9mode_dataEv
                0x080022d2       0x1a src/main.o
                0x080022d2                Oled<mcu::SpiDevice<EventQueuePrio<TimerManager<StaticF<void (), 20u> >, StaticF<void (), 20u> >, mcu::DmaDevice<EventQueuePrio<TimerManager<StaticF<void (), 20u> >, StaticF<void (), 20u> >, StaticF<void (), 20u> >, mcu::Pin, StaticF<void (), 20u> >, mcu::Pin>::mode_data() const
 .text._ZN7StaticFIFvvELj20EE13assignHandlerIRKZ4mainEUlvE_EEvOT_
                0x080022ec       0x38 src/main.o
 .text._ZSt7forwardIRZN14EventQueuePrioI12TimerManagerI7StaticFIFvvELj20EEES4_E14rec_post_in_msIZ4mainEUlvE_EEvT_NSt6chrono8durationIxSt5ratioILx1ELx1000EEEEhEUlvE_EOS9_RNSt16remove_referenceIS9_E4typeE
                0x08002324       0x16 src/main.o
 .text._ZN7StaticFIFvvELj20EE13assignHandlerIRZN14EventQueuePrioI12TimerManagerIS1_ES1_E14rec_post_in_msIZ4mainEUlvE_EEvT_NSt6chrono8durationIxSt5ratioILx1ELx1000EEEEhEUlvE_EEvOS9_
                0x0800233a       0x38 src/main.o
 .text._ZN7StaticFIFvvELj20EE13assignHandlerIRKZ4mainEUlvE0_EEvOT_
                0x08002372       0x38 src/main.o
 .text._ZSt7forwardIRZN14EventQueuePrioI12TimerManagerI7StaticFIFvvELj20EEES4_E14rec_post_in_msIZ4mainEUlvE0_EEvT_NSt6chrono8durationIxSt5ratioILx1ELx1000EEEEhEUlvE_EOS9_RNSt16remove_referenceIS9_E4typeE
                0x080023aa       0x16 src/main.o
 .text._ZN7StaticFIFvvELj20EE13assignHandlerIRZN14EventQueuePrioI12TimerManagerIS1_ES1_E14rec_post_in_msIZ4mainEUlvE0_EEvT_NSt6chrono8durationIxSt5ratioILx1ELx1000EEEEhEUlvE_EEvOS9_
                0x080023c0       0x38 src/main.o
 .text._ZNSt14__array_traitsIN12TimerManagerI7StaticFIFvvELj20EEE4TaskIjS3_EELj128EE6_S_ptrERA128_KS6_
                0x080023f8       0x16 src/main.o
                0x080023f8                std::__array_traits<TimerManager<StaticF<void (), 20u> >::Task<unsigned int, StaticF<void (), 20u> >, 128u>::_S_ptr(TimerManager<StaticF<void (), 20u> >::Task<unsigned int, StaticF<void (), 20u> > const (&) [128])
 .text._ZNSt5arrayIN12TimerManagerI7StaticFIFvvELj20EEE4TaskIjS3_EELj128EE4dataEv
                0x0800240e       0x1a src/main.o
                0x0800240e                std::array<TimerManager<StaticF<void (), 20u> >::Task<unsigned int, StaticF<void (), 20u> >, 128u>::data()
 .text._ZSt12__niter_baseIPN12TimerManagerI7StaticFIFvvELj20EEE4TaskIjS3_EEET_S8_
                0x08002428       0x16 src/main.o
                0x08002428                TimerManager<StaticF<void (), 20u> >::Task<unsigned int, StaticF<void (), 20u> >* std::__niter_base<TimerManager<StaticF<void (), 20u> >::Task<unsigned int, StaticF<void (), 20u> >*>(TimerManager<StaticF<void (), 20u> >::Task<unsigned int, StaticF<void (), 20u> >*)
 .text._ZSt10__fill_n_aIPN12TimerManagerI7StaticFIFvvELj20EEE4TaskIjS3_EEjS6_EN9__gnu_cxx11__enable_ifIXntsrSt11__is_scalarIT1_E7__valueET_E6__typeESD_T0_RKSB_
                0x0800243e       0x48 src/main.o
                0x0800243e                __gnu_cxx::__enable_if<!std::__is_scalar<TimerManager<StaticF<void (), 20u> >::Task<unsigned int, StaticF<void (), 20u> > >::__value, TimerManager<StaticF<void (), 20u> >::Task<unsigned int, StaticF<void (), 20u> >*>::__type std::__fill_n_a<TimerManager<StaticF<void (), 20u> >::Task<unsigned int, StaticF<void (), 20u> >*, unsigned int, TimerManager<StaticF<void (), 20u> >::Task<unsigned int, StaticF<void (), 20u> > >(TimerManager<StaticF<void (), 20u> >::Task<unsigned int, StaticF<void (), 20u> >*, unsigned int, TimerManager<StaticF<void (), 20u> >::Task<unsigned int, StaticF<void (), 20u> > const&)
 .text._ZN7StaticFIFvvELj12EE13assignHandlerIRZN12TimerManagerIS_IS0_Lj20EEEC4EvEUlvE_EEvOT_
                0x08002486       0x38 src/main.o
                0x08002486                void StaticF<void (), 12u>::assignHandler<TimerManager<StaticF<void (), 20u> >::TimerManager()::{lambda()#1}&>(TimerManager<StaticF<void (), 20u> >::TimerManager()::{lambda()#1}&)
 *fill*         0x080024be        0x2 
 .text._ZN3mcu9DmaDeviceI14EventQueuePrioI12TimerManagerI7StaticFIFvvELj20EEES5_ES5_E10clearFlagsEv
                0x080024c0       0x20 src/main.o
                0x080024c0                mcu::DmaDevice<EventQueuePrio<TimerManager<StaticF<void (), 20u> >, StaticF<void (), 20u> >, StaticF<void (), 20u> >::clearFlags()
 .text._ZSt7forwardIRZN3mcu9DmaDeviceI14EventQueuePrioI12TimerManagerI7StaticFIFvvELj20EEES6_ES6_E15enableInterruptEvEUlvE_EOT_RNSt16remove_referenceISC_E4typeE
                0x080024e0       0x16 src/main.o
                0x080024e0                mcu::DmaDevice<EventQueuePrio<TimerManager<StaticF<void (), 20u> >, StaticF<void (), 20u> >, StaticF<void (), 20u> >::enableInterrupt()::{lambda()#1}& std::forward<mcu::DmaDevice<EventQueuePrio<TimerManager<StaticF<void (), 20u> >, StaticF<void (), 20u> >, StaticF<void (), 20u> >::enableInterrupt()::{lambda()#1}&>(std::remove_reference<mcu::DmaDevice<EventQueuePrio<TimerManager<StaticF<void (), 20u> >, StaticF<void (), 20u> >, StaticF<void (), 20u> >::enableInterrupt()::{lambda()#1}&>::type&)
 .text._ZN7StaticFIFvvELj12EEC2IRZN3mcu9DmaDeviceI14EventQueuePrioI12TimerManagerIS_IS0_Lj20EEES7_ES7_E15enableInterruptEvEUlvE_EEOT_
                0x080024f6       0x2a src/main.o
                0x080024f6                StaticF<void (), 12u>::StaticF<mcu::DmaDevice<EventQueuePrio<TimerManager<StaticF<void (), 20u> >, StaticF<void (), 20u> >, StaticF<void (), 20u> >::enableInterrupt()::{lambda()#1}&>(mcu::DmaDevice<EventQueuePrio<TimerManager<StaticF<void (), 20u> >, StaticF<void (), 20u> >, StaticF<void (), 20u> >::enableInterrupt()::{lambda()#1}&)
                0x080024f6                StaticF<void (), 12u>::StaticF<mcu::DmaDevice<EventQueuePrio<TimerManager<StaticF<void (), 20u> >, StaticF<void (), 20u> >, StaticF<void (), 20u> >::enableInterrupt()::{lambda()#1}&>(mcu::DmaDevice<EventQueuePrio<TimerManager<StaticF<void (), 20u> >, StaticF<void (), 20u> >, StaticF<void (), 20u> >::enableInterrupt()::{lambda()#1}&)
 .text._ZSt7forwardIRZN3mcu9DmaDeviceI14EventQueuePrioI12TimerManagerI7StaticFIFvvELj20EEES6_ES6_E15enableInterruptEvEUlvE0_EOT_RNSt16remove_referenceISC_E4typeE
                0x08002520       0x16 src/main.o
                0x08002520                mcu::DmaDevice<EventQueuePrio<TimerManager<StaticF<void (), 20u> >, StaticF<void (), 20u> >, StaticF<void (), 20u> >::enableInterrupt()::{lambda()#2}& std::forward<mcu::DmaDevice<EventQueuePrio<TimerManager<StaticF<void (), 20u> >, StaticF<void (), 20u> >, StaticF<void (), 20u> >::enableInterrupt()::{lambda()#2}&>(std::remove_reference<mcu::DmaDevice<EventQueuePrio<TimerManager<StaticF<void (), 20u> >, StaticF<void (), 20u> >, StaticF<void (), 20u> >::enableInterrupt()::{lambda()#2}&>::type&)
 .text._ZN7StaticFIFvvELj12EEC2IRZN3mcu9DmaDeviceI14EventQueuePrioI12TimerManagerIS_IS0_Lj20EEES7_ES7_E15enableInterruptEvEUlvE0_EEOT_
                0x08002536       0x2a src/main.o
                0x08002536                StaticF<void (), 12u>::StaticF<mcu::DmaDevice<EventQueuePrio<TimerManager<StaticF<void (), 20u> >, StaticF<void (), 20u> >, StaticF<void (), 20u> >::enableInterrupt()::{lambda()#2}&>(mcu::DmaDevice<EventQueuePrio<TimerManager<StaticF<void (), 20u> >, StaticF<void (), 20u> >, StaticF<void (), 20u> >::enableInterrupt()::{lambda()#2}&)
                0x08002536                StaticF<void (), 12u>::StaticF<mcu::DmaDevice<EventQueuePrio<TimerManager<StaticF<void (), 20u> >, StaticF<void (), 20u> >, StaticF<void (), 20u> >::enableInterrupt()::{lambda()#2}&>(mcu::DmaDevice<EventQueuePrio<TimerManager<StaticF<void (), 20u> >, StaticF<void (), 20u> >, StaticF<void (), 20u> >::enableInterrupt()::{lambda()#2}&)
 .text._ZN7StaticFIFvvELj20EE7InvokerC2Ev
                0x08002560       0x20 src/main.o
                0x08002560                StaticF<void (), 20u>::Invoker::Invoker()
                0x08002560                StaticF<void (), 20u>::Invoker::Invoker()
 .text._ZN7StaticFIFvvELj20EE12InvokerBoundIZN3mcu9SpiDeviceI14EventQueuePrioI12TimerManagerIS1_ES1_ENS3_9DmaDeviceIS8_S1_EENS3_3PinES1_EC4ERKS8_RSA_NSC_10Instance_tENSC_7Speed_tESB_SB_NSC_6MorS_tENSC_6Mode_tEEUlvE_EC2ISK_EEOT_
                0x08002580       0x30 src/main.o
                0x08002580                StaticF<void (), 20u>::InvokerBound<mcu::SpiDevice<EventQueuePrio<TimerManager<StaticF<void (), 20u> >, StaticF<void (), 20u> >, mcu::DmaDevice<EventQueuePrio<TimerManager<StaticF<void (), 20u> >, StaticF<void (), 20u> >, StaticF<void (), 20u> >, mcu::Pin, StaticF<void (), 20u> >::SpiDevice(EventQueuePrio<TimerManager<StaticF<void (), 20u> >, StaticF<void (), 20u> > const&, mcu::DmaDevice<EventQueuePrio<TimerManager<StaticF<void (), 20u> >, StaticF<void (), 20u> >, StaticF<void (), 20u> >&, mcu::SpiDevice<EventQueuePrio<TimerManager<StaticF<void (), 20u> >, StaticF<void (), 20u> >, mcu::DmaDevice<EventQueuePrio<TimerManager<StaticF<void (), 20u> >, StaticF<void (), 20u> >, StaticF<void (), 20u> >, mcu::Pin, StaticF<void (), 20u> >::Instance_t, mcu::SpiDevice<EventQueuePrio<TimerManager<StaticF<void (), 20u> >, StaticF<void (), 20u> >, mcu::DmaDevice<EventQueuePrio<TimerManager<StaticF<void (), 20u> >, StaticF<void (), 20u> >, StaticF<void (), 20u> >, mcu::Pin, StaticF<void (), 20u> >::Speed_t, mcu::Pin, mcu::Pin, mcu::SpiDevice<EventQueuePrio<TimerManager<StaticF<void (), 20u> >, StaticF<void (), 20u> >, mcu::DmaDevice<EventQueuePrio<TimerManager<StaticF<void (), 20u> >, StaticF<void (), 20u> >, StaticF<void (), 20u> >, mcu::Pin, StaticF<void (), 20u> >::MorS_t, mcu::SpiDevice<EventQueuePrio<TimerManager<StaticF<void (), 20u> >, StaticF<void (), 20u> >, mcu::DmaDevice<EventQueuePrio<TimerManager<StaticF<void (), 20u> >, StaticF<void (), 20u> >, StaticF<void (), 20u> >, mcu::Pin, StaticF<void (), 20u> >::Mode_t)::{lambda()#1}>::InvokerBound<{lambda()#1}>({lambda()#1}&&)
                0x08002580                StaticF<void (), 20u>::InvokerBound<mcu::SpiDevice<EventQueuePrio<TimerManager<StaticF<void (), 20u> >, StaticF<void (), 20u> >, mcu::DmaDevice<EventQueuePrio<TimerManager<StaticF<void (), 20u> >, StaticF<void (), 20u> >, StaticF<void (), 20u> >, mcu::Pin, StaticF<void (), 20u> >::SpiDevice(EventQueuePrio<TimerManager<StaticF<void (), 20u> >, StaticF<void (), 20u> > const&, mcu::DmaDevice<EventQueuePrio<TimerManager<StaticF<void (), 20u> >, StaticF<void (), 20u> >, StaticF<void (), 20u> >&, mcu::SpiDevice<EventQueuePrio<TimerManager<StaticF<void (), 20u> >, StaticF<void (), 20u> >, mcu::DmaDevice<EventQueuePrio<TimerManager<StaticF<void (), 20u> >, StaticF<void (), 20u> >, StaticF<void (), 20u> >, mcu::Pin, StaticF<void (), 20u> >::Instance_t, mcu::SpiDevice<EventQueuePrio<TimerManager<StaticF<void (), 20u> >, StaticF<void (), 20u> >, mcu::DmaDevice<EventQueuePrio<TimerManager<StaticF<void (), 20u> >, StaticF<void (), 20u> >, StaticF<void (), 20u> >, mcu::Pin, StaticF<void (), 20u> >::Speed_t, mcu::Pin, mcu::Pin, mcu::SpiDevice<EventQueuePrio<TimerManager<StaticF<void (), 20u> >, StaticF<void (), 20u> >, mcu::DmaDevice<EventQueuePrio<TimerManager<StaticF<void (), 20u> >, StaticF<void (), 20u> >, StaticF<void (), 20u> >, mcu::Pin, StaticF<void (), 20u> >::MorS_t, mcu::SpiDevice<EventQueuePrio<TimerManager<StaticF<void (), 20u> >, StaticF<void (), 20u> >, mcu::DmaDevice<EventQueuePrio<TimerManager<StaticF<void (), 20u> >, StaticF<void (), 20u> >, StaticF<void (), 20u> >, mcu::Pin, StaticF<void (), 20u> >::Mode_t)::{lambda()#1}>::InvokerBound<{lambda()#1}>({lambda()#1}&&)
 .text._ZN7StaticFIFvvELj20EE12InvokerBoundIZN4OledIN3mcu9SpiDeviceI14EventQueuePrioI12TimerManagerIS1_ES1_ENS4_9DmaDeviceIS9_S1_EENS4_3PinES1_EESC_E4initEvEUlvE_EC2ISF_EEOT_
                0x080025b0       0x30 src/main.o
                0x080025b0                StaticF<void (), 20u>::InvokerBound<Oled<mcu::SpiDevice<EventQueuePrio<TimerManager<StaticF<void (), 20u> >, StaticF<void (), 20u> >, mcu::DmaDevice<EventQueuePrio<TimerManager<StaticF<void (), 20u> >, StaticF<void (), 20u> >, StaticF<void (), 20u> >, mcu::Pin, StaticF<void (), 20u> >, mcu::Pin>::init()::{lambda()#1}>::InvokerBound<{lambda()#1}>({lambda()#1}&&)
                0x080025b0                StaticF<void (), 20u>::InvokerBound<Oled<mcu::SpiDevice<EventQueuePrio<TimerManager<StaticF<void (), 20u> >, StaticF<void (), 20u> >, mcu::DmaDevice<EventQueuePrio<TimerManager<StaticF<void (), 20u> >, StaticF<void (), 20u> >, StaticF<void (), 20u> >, mcu::Pin, StaticF<void (), 20u> >, mcu::Pin>::init()::{lambda()#1}>::InvokerBound<{lambda()#1}>({lambda()#1}&&)
 .text._ZNSt5arrayIhLj1024EE5beginEv
                0x080025e0       0x18 src/main.o
                0x080025e0                std::array<unsigned char, 1024u>::begin()
 .text._ZSt6fill_nIPhjhET_S1_T0_RKT1_
                0x080025f8       0x28 src/main.o
                0x080025f8                unsigned char* std::fill_n<unsigned char*, unsigned int, unsigned char>(unsigned char*, unsigned int, unsigned char const&)
 .text._ZN7StaticFIFvvELj20EE13assignHandlerIZN4OledIN3mcu9SpiDeviceI14EventQueuePrioI12TimerManagerIS1_ES1_ENS4_9DmaDeviceIS9_S1_EENS4_3PinES1_EESC_E7displayEvEUlvE_EEvOT_
                0x08002620       0x38 src/main.o
                0x08002620                void StaticF<void (), 20u>::assignHandler<Oled<mcu::SpiDevice<EventQueuePrio<TimerManager<StaticF<void (), 20u> >, StaticF<void (), 20u> >, mcu::DmaDevice<EventQueuePrio<TimerManager<StaticF<void (), 20u> >, StaticF<void (), 20u> >, StaticF<void (), 20u> >, mcu::Pin, StaticF<void (), 20u> >, mcu::Pin>::display()::{lambda()#1}>(Oled<mcu::SpiDevice<EventQueuePrio<TimerManager<StaticF<void (), 20u> >, StaticF<void (), 20u> >, mcu::DmaDevice<EventQueuePrio<TimerManager<StaticF<void (), 20u> >, StaticF<void (), 20u> >, StaticF<void (), 20u> >, mcu::Pin, StaticF<void (), 20u> >, mcu::Pin>::display()::{lambda()#1}&&)
 .text._ZN7StaticFIFvvELj20EE12InvokerBoundIZ4mainEUlvE_EC2IRKS3_EEOT_
                0x08002658       0x30 src/main.o
 .text._ZN7StaticFIFvvELj20EE12InvokerBoundIZN14EventQueuePrioI12TimerManagerIS1_ES1_E14rec_post_in_msIZ4mainEUlvE_EEvT_NSt6chrono8durationIxSt5ratioILx1ELx1000EEEEhEUlvE_EC2IRSF_EEOS9_
                0x08002688       0x34 src/main.o
 .text._ZN7StaticFIFvvELj20EE12InvokerBoundIZ4mainEUlvE0_EC2IRKS3_EEOT_
                0x080026bc       0x30 src/main.o
 .text._ZN7StaticFIFvvELj20EE12InvokerBoundIZN14EventQueuePrioI12TimerManagerIS1_ES1_E14rec_post_in_msIZ4mainEUlvE0_EEvT_NSt6chrono8durationIxSt5ratioILx1ELx1000EEEEhEUlvE_EC2IRSF_EEOS9_
                0x080026ec       0x34 src/main.o
 .text._ZN7StaticFIFvvELj12EE7InvokerC2Ev
                0x08002720       0x20 src/main.o
                0x08002720                StaticF<void (), 12u>::Invoker::Invoker()
                0x08002720                StaticF<void (), 12u>::Invoker::Invoker()
 .text._ZN7StaticFIFvvELj12EE12InvokerBoundIZN12TimerManagerIS_IS0_Lj20EEEC4EvEUlvE_EC2IRS6_EEOT_
                0x08002740       0x30 src/main.o
                0x08002740                StaticF<void (), 12u>::InvokerBound<TimerManager<StaticF<void (), 20u> >::TimerManager()::{lambda()#1}>::InvokerBound<{lambda()#1}&>({lambda()#1}&)
                0x08002740                StaticF<void (), 12u>::InvokerBound<TimerManager<StaticF<void (), 20u> >::TimerManager()::{lambda()#1}>::InvokerBound<{lambda()#1}&>({lambda()#1}&)
 .text._ZN7StaticFIFvvELj12EE13assignHandlerIRZN3mcu9DmaDeviceI14EventQueuePrioI12TimerManagerIS_IS0_Lj20EEES7_ES7_E15enableInterruptEvEUlvE_EEvOT_
                0x08002770       0x38 src/main.o
                0x08002770                void StaticF<void (), 12u>::assignHandler<mcu::DmaDevice<EventQueuePrio<TimerManager<StaticF<void (), 20u> >, StaticF<void (), 20u> >, StaticF<void (), 20u> >::enableInterrupt()::{lambda()#1}&>(mcu::DmaDevice<EventQueuePrio<TimerManager<StaticF<void (), 20u> >, StaticF<void (), 20u> >, StaticF<void (), 20u> >::enableInterrupt()::{lambda()#1}&)
 .text._ZN7StaticFIFvvELj12EE13assignHandlerIRZN3mcu9DmaDeviceI14EventQueuePrioI12TimerManagerIS_IS0_Lj20EEES7_ES7_E15enableInterruptEvEUlvE0_EEvOT_
                0x080027a8       0x38 src/main.o
                0x080027a8                void StaticF<void (), 12u>::assignHandler<mcu::DmaDevice<EventQueuePrio<TimerManager<StaticF<void (), 20u> >, StaticF<void (), 20u> >, StaticF<void (), 20u> >::enableInterrupt()::{lambda()#2}&>(mcu::DmaDevice<EventQueuePrio<TimerManager<StaticF<void (), 20u> >, StaticF<void (), 20u> >, StaticF<void (), 20u> >::enableInterrupt()::{lambda()#2}&)
 .text._ZN7StaticFIFvvELj20EE7InvokerD2Ev
                0x080027e0       0x20 src/main.o
                0x080027e0                StaticF<void (), 20u>::Invoker::~Invoker()
                0x080027e0                StaticF<void (), 20u>::Invoker::~Invoker()
 .text._ZN7StaticFIFvvELj20EE7InvokerD0Ev
                0x08002800       0x20 src/main.o
                0x08002800                StaticF<void (), 20u>::Invoker::~Invoker()
 .text._ZNSt14__array_traitsIhLj1024EE6_S_ptrERA1024_Kh
                0x08002820       0x16 src/main.o
                0x08002820                std::__array_traits<unsigned char, 1024u>::_S_ptr(unsigned char const (&) [1024])
 .text._ZNSt5arrayIhLj1024EE4dataEv
                0x08002836       0x1a src/main.o
                0x08002836                std::array<unsigned char, 1024u>::data()
 .text._ZSt12__niter_baseIPhET_S1_
                0x08002850       0x16 src/main.o
                0x08002850                unsigned char* std::__niter_base<unsigned char*>(unsigned char*)
 .text._ZSt10__fill_n_aIjhEN9__gnu_cxx11__enable_ifIXsrSt9__is_byteIT0_E7__valueEPS3_E6__typeES5_T_RKS3_
                0x08002866       0x2a src/main.o
                0x08002866                __gnu_cxx::__enable_if<std::__is_byte<unsigned char>::__value, unsigned char*>::__type std::__fill_n_a<unsigned int, unsigned char>(unsigned char*, unsigned int, unsigned char const&)
 .text._ZN7StaticFIFvvELj20EE12InvokerBoundIZN4OledIN3mcu9SpiDeviceI14EventQueuePrioI12TimerManagerIS1_ES1_ENS4_9DmaDeviceIS9_S1_EENS4_3PinES1_EESC_E7displayEvEUlvE_EC2ISF_EEOT_
                0x08002890       0x30 src/main.o
                0x08002890                StaticF<void (), 20u>::InvokerBound<Oled<mcu::SpiDevice<EventQueuePrio<TimerManager<StaticF<void (), 20u> >, StaticF<void (), 20u> >, mcu::DmaDevice<EventQueuePrio<TimerManager<StaticF<void (), 20u> >, StaticF<void (), 20u> >, StaticF<void (), 20u> >, mcu::Pin, StaticF<void (), 20u> >, mcu::Pin>::display()::{lambda()#1}>::InvokerBound<{lambda()#1}>({lambda()#1}&&)
                0x08002890                StaticF<void (), 20u>::InvokerBound<Oled<mcu::SpiDevice<EventQueuePrio<TimerManager<StaticF<void (), 20u> >, StaticF<void (), 20u> >, mcu::DmaDevice<EventQueuePrio<TimerManager<StaticF<void (), 20u> >, StaticF<void (), 20u> >, StaticF<void (), 20u> >, mcu::Pin, StaticF<void (), 20u> >, mcu::Pin>::display()::{lambda()#1}>::InvokerBound<{lambda()#1}>({lambda()#1}&&)
 .text._ZN7StaticFIFvvELj12EE7InvokerD2Ev
                0x080028c0       0x20 src/main.o
                0x080028c0                StaticF<void (), 12u>::Invoker::~Invoker()
                0x080028c0                StaticF<void (), 12u>::Invoker::~Invoker()
 .text._ZN7StaticFIFvvELj12EE7InvokerD0Ev
                0x080028e0       0x20 src/main.o
                0x080028e0                StaticF<void (), 12u>::Invoker::~Invoker()
 .text._ZN7StaticFIFvvELj12EE12InvokerBoundIZN3mcu9DmaDeviceI14EventQueuePrioI12TimerManagerIS_IS0_Lj20EEES7_ES7_E15enableInterruptEvEUlvE_EC2IRSB_EEOT_
                0x08002900       0x30 src/main.o
                0x08002900                StaticF<void (), 12u>::InvokerBound<mcu::DmaDevice<EventQueuePrio<TimerManager<StaticF<void (), 20u> >, StaticF<void (), 20u> >, StaticF<void (), 20u> >::enableInterrupt()::{lambda()#1}>::InvokerBound<{lambda()#1}&>({lambda()#1}&)
                0x08002900                StaticF<void (), 12u>::InvokerBound<mcu::DmaDevice<EventQueuePrio<TimerManager<StaticF<void (), 20u> >, StaticF<void (), 20u> >, StaticF<void (), 20u> >::enableInterrupt()::{lambda()#1}>::InvokerBound<{lambda()#1}&>({lambda()#1}&)
 .text._ZN7StaticFIFvvELj12EE12InvokerBoundIZN3mcu9DmaDeviceI14EventQueuePrioI12TimerManagerIS_IS0_Lj20EEES7_ES7_E15enableInterruptEvEUlvE0_EC2IRSB_EEOT_
                0x08002930       0x30 src/main.o
                0x08002930                StaticF<void (), 12u>::InvokerBound<mcu::DmaDevice<EventQueuePrio<TimerManager<StaticF<void (), 20u> >, StaticF<void (), 20u> >, StaticF<void (), 20u> >::enableInterrupt()::{lambda()#2}>::InvokerBound<{lambda()#2}&>({lambda()#2}&)
                0x08002930                StaticF<void (), 12u>::InvokerBound<mcu::DmaDevice<EventQueuePrio<TimerManager<StaticF<void (), 20u> >, StaticF<void (), 20u> >, StaticF<void (), 20u> >::enableInterrupt()::{lambda()#2}>::InvokerBound<{lambda()#2}&>({lambda()#2}&)
 .text._ZSt8__fill_aIhEN9__gnu_cxx11__enable_ifIXsrSt9__is_byteIT_E7__valueEvE6__typeEPS3_S7_RKS3_
                0x08002960       0x34 src/main.o
                0x08002960                __gnu_cxx::__enable_if<std::__is_byte<unsigned char>::__value, void>::__type std::__fill_a<unsigned char>(unsigned char*, unsigned char*, unsigned char const&)
 .text._ZN7StaticFIFvvELj12EE12InvokerBoundIZN3mcu9DmaDeviceI14EventQueuePrioI12TimerManagerIS_IS0_Lj20EEES7_ES7_E15enableInterruptEvEUlvE0_ED2Ev
                0x08002994       0x24 src/main.o
                0x08002994                StaticF<void (), 12u>::InvokerBound<mcu::DmaDevice<EventQueuePrio<TimerManager<StaticF<void (), 20u> >, StaticF<void (), 20u> >, StaticF<void (), 20u> >::enableInterrupt()::{lambda()#2}>::~InvokerBound()
                0x08002994                StaticF<void (), 12u>::InvokerBound<mcu::DmaDevice<EventQueuePrio<TimerManager<StaticF<void (), 20u> >, StaticF<void (), 20u> >, StaticF<void (), 20u> >::enableInterrupt()::{lambda()#2}>::~InvokerBound()
 .text._ZN7StaticFIFvvELj12EE12InvokerBoundIZN3mcu9DmaDeviceI14EventQueuePrioI12TimerManagerIS_IS0_Lj20EEES7_ES7_E15enableInterruptEvEUlvE0_ED0Ev
                0x080029b8       0x20 src/main.o
                0x080029b8                StaticF<void (), 12u>::InvokerBound<mcu::DmaDevice<EventQueuePrio<TimerManager<StaticF<void (), 20u> >, StaticF<void (), 20u> >, StaticF<void (), 20u> >::enableInterrupt()::{lambda()#2}>::~InvokerBound()
 .text._ZNK7StaticFIFvvELj12EE12InvokerBoundIZN3mcu9DmaDeviceI14EventQueuePrioI12TimerManagerIS_IS0_Lj20EEES7_ES7_E15enableInterruptEvEUlvE0_E4execEv
                0x080029d8       0x1a src/main.o
                0x080029d8                StaticF<void (), 12u>::InvokerBound<mcu::DmaDevice<EventQueuePrio<TimerManager<StaticF<void (), 20u> >, StaticF<void (), 20u> >, StaticF<void (), 20u> >::enableInterrupt()::{lambda()#2}>::exec() const
 .text._ZN7StaticFIFvvELj12EE12InvokerBoundIZN3mcu9DmaDeviceI14EventQueuePrioI12TimerManagerIS_IS0_Lj20EEES7_ES7_E15enableInterruptEvEUlvE0_E4execEv
                0x080029f2       0x1a src/main.o
                0x080029f2                StaticF<void (), 12u>::InvokerBound<mcu::DmaDevice<EventQueuePrio<TimerManager<StaticF<void (), 20u> >, StaticF<void (), 20u> >, StaticF<void (), 20u> >::enableInterrupt()::{lambda()#2}>::exec()
 .text._ZN7StaticFIFvvELj12EE12InvokerBoundIZN3mcu9DmaDeviceI14EventQueuePrioI12TimerManagerIS_IS0_Lj20EEES7_ES7_E15enableInterruptEvEUlvE_ED2Ev
                0x08002a0c       0x24 src/main.o
                0x08002a0c                StaticF<void (), 12u>::InvokerBound<mcu::DmaDevice<EventQueuePrio<TimerManager<StaticF<void (), 20u> >, StaticF<void (), 20u> >, StaticF<void (), 20u> >::enableInterrupt()::{lambda()#1}>::~InvokerBound()
                0x08002a0c                StaticF<void (), 12u>::InvokerBound<mcu::DmaDevice<EventQueuePrio<TimerManager<StaticF<void (), 20u> >, StaticF<void (), 20u> >, StaticF<void (), 20u> >::enableInterrupt()::{lambda()#1}>::~InvokerBound()
 .text._ZN7StaticFIFvvELj12EE12InvokerBoundIZN3mcu9DmaDeviceI14EventQueuePrioI12TimerManagerIS_IS0_Lj20EEES7_ES7_E15enableInterruptEvEUlvE_ED0Ev
                0x08002a30       0x20 src/main.o
                0x08002a30                StaticF<void (), 12u>::InvokerBound<mcu::DmaDevice<EventQueuePrio<TimerManager<StaticF<void (), 20u> >, StaticF<void (), 20u> >, StaticF<void (), 20u> >::enableInterrupt()::{lambda()#1}>::~InvokerBound()
 .text._ZNK7StaticFIFvvELj12EE12InvokerBoundIZN3mcu9DmaDeviceI14EventQueuePrioI12TimerManagerIS_IS0_Lj20EEES7_ES7_E15enableInterruptEvEUlvE_E4execEv
                0x08002a50       0x1a src/main.o
                0x08002a50                StaticF<void (), 12u>::InvokerBound<mcu::DmaDevice<EventQueuePrio<TimerManager<StaticF<void (), 20u> >, StaticF<void (), 20u> >, StaticF<void (), 20u> >::enableInterrupt()::{lambda()#1}>::exec() const
 .text._ZN7StaticFIFvvELj12EE12InvokerBoundIZN3mcu9DmaDeviceI14EventQueuePrioI12TimerManagerIS_IS0_Lj20EEES7_ES7_E15enableInterruptEvEUlvE_E4execEv
                0x08002a6a       0x1a src/main.o
                0x08002a6a                StaticF<void (), 12u>::InvokerBound<mcu::DmaDevice<EventQueuePrio<TimerManager<StaticF<void (), 20u> >, StaticF<void (), 20u> >, StaticF<void (), 20u> >::enableInterrupt()::{lambda()#1}>::exec()
 .text._ZN7StaticFIFvvELj20EE12InvokerBoundIZN4OledIN3mcu9SpiDeviceI14EventQueuePrioI12TimerManagerIS1_ES1_ENS4_9DmaDeviceIS9_S1_EENS4_3PinES1_EESC_E7displayEvEUlvE_ED2Ev
                0x08002a84       0x24 src/main.o
                0x08002a84                StaticF<void (), 20u>::InvokerBound<Oled<mcu::SpiDevice<EventQueuePrio<TimerManager<StaticF<void (), 20u> >, StaticF<void (), 20u> >, mcu::DmaDevice<EventQueuePrio<TimerManager<StaticF<void (), 20u> >, StaticF<void (), 20u> >, StaticF<void (), 20u> >, mcu::Pin, StaticF<void (), 20u> >, mcu::Pin>::display()::{lambda()#1}>::~InvokerBound()
                0x08002a84                StaticF<void (), 20u>::InvokerBound<Oled<mcu::SpiDevice<EventQueuePrio<TimerManager<StaticF<void (), 20u> >, StaticF<void (), 20u> >, mcu::DmaDevice<EventQueuePrio<TimerManager<StaticF<void (), 20u> >, StaticF<void (), 20u> >, StaticF<void (), 20u> >, mcu::Pin, StaticF<void (), 20u> >, mcu::Pin>::display()::{lambda()#1}>::~InvokerBound()
 .text._ZN7StaticFIFvvELj20EE12InvokerBoundIZN4OledIN3mcu9SpiDeviceI14EventQueuePrioI12TimerManagerIS1_ES1_ENS4_9DmaDeviceIS9_S1_EENS4_3PinES1_EESC_E7displayEvEUlvE_ED0Ev
                0x08002aa8       0x20 src/main.o
                0x08002aa8                StaticF<void (), 20u>::InvokerBound<Oled<mcu::SpiDevice<EventQueuePrio<TimerManager<StaticF<void (), 20u> >, StaticF<void (), 20u> >, mcu::DmaDevice<EventQueuePrio<TimerManager<StaticF<void (), 20u> >, StaticF<void (), 20u> >, StaticF<void (), 20u> >, mcu::Pin, StaticF<void (), 20u> >, mcu::Pin>::display()::{lambda()#1}>::~InvokerBound()
 .text._ZNK7StaticFIFvvELj20EE12InvokerBoundIZN4OledIN3mcu9SpiDeviceI14EventQueuePrioI12TimerManagerIS1_ES1_ENS4_9DmaDeviceIS9_S1_EENS4_3PinES1_EESC_E7displayEvEUlvE_E4execEv
                0x08002ac8       0x1a src/main.o
                0x08002ac8                StaticF<void (), 20u>::InvokerBound<Oled<mcu::SpiDevice<EventQueuePrio<TimerManager<StaticF<void (), 20u> >, StaticF<void (), 20u> >, mcu::DmaDevice<EventQueuePrio<TimerManager<StaticF<void (), 20u> >, StaticF<void (), 20u> >, StaticF<void (), 20u> >, mcu::Pin, StaticF<void (), 20u> >, mcu::Pin>::display()::{lambda()#1}>::exec() const
 .text._ZN7StaticFIFvvELj20EE12InvokerBoundIZN4OledIN3mcu9SpiDeviceI14EventQueuePrioI12TimerManagerIS1_ES1_ENS4_9DmaDeviceIS9_S1_EENS4_3PinES1_EESC_E7displayEvEUlvE_E4execEv
                0x08002ae2       0x1a src/main.o
                0x08002ae2                StaticF<void (), 20u>::InvokerBound<Oled<mcu::SpiDevice<EventQueuePrio<TimerManager<StaticF<void (), 20u> >, StaticF<void (), 20u> >, mcu::DmaDevice<EventQueuePrio<TimerManager<StaticF<void (), 20u> >, StaticF<void (), 20u> >, StaticF<void (), 20u> >, mcu::Pin, StaticF<void (), 20u> >, mcu::Pin>::display()::{lambda()#1}>::exec()
 .text._ZN7StaticFIFvvELj12EE12InvokerBoundIZN12TimerManagerIS_IS0_Lj20EEEC4EvEUlvE_ED2Ev
                0x08002afc       0x24 src/main.o
                0x08002afc                StaticF<void (), 12u>::InvokerBound<TimerManager<StaticF<void (), 20u> >::TimerManager()::{lambda()#1}>::~InvokerBound()
                0x08002afc                StaticF<void (), 12u>::InvokerBound<TimerManager<StaticF<void (), 20u> >::TimerManager()::{lambda()#1}>::~InvokerBound()
 .text._ZN7StaticFIFvvELj12EE12InvokerBoundIZN12TimerManagerIS_IS0_Lj20EEEC4EvEUlvE_ED0Ev
                0x08002b20       0x20 src/main.o
                0x08002b20                StaticF<void (), 12u>::InvokerBound<TimerManager<StaticF<void (), 20u> >::TimerManager()::{lambda()#1}>::~InvokerBound()
 .text._ZNK7StaticFIFvvELj12EE12InvokerBoundIZN12TimerManagerIS_IS0_Lj20EEEC4EvEUlvE_E4execEv
                0x08002b40       0x1a src/main.o
                0x08002b40                StaticF<void (), 12u>::InvokerBound<TimerManager<StaticF<void (), 20u> >::TimerManager()::{lambda()#1}>::exec() const
 .text._ZN7StaticFIFvvELj12EE12InvokerBoundIZN12TimerManagerIS_IS0_Lj20EEEC4EvEUlvE_E4execEv
                0x08002b5a       0x1a src/main.o
                0x08002b5a                StaticF<void (), 12u>::InvokerBound<TimerManager<StaticF<void (), 20u> >::TimerManager()::{lambda()#1}>::exec()
 .text._ZN7StaticFIFvvELj20EE12InvokerBoundIZN14EventQueuePrioI12TimerManagerIS1_ES1_E14rec_post_in_msIZ4mainEUlvE0_EEvT_NSt6chrono8durationIxSt5ratioILx1ELx1000EEEEhEUlvE_ED2Ev
                0x08002b74       0x24 src/main.o
 .text._ZN7StaticFIFvvELj20EE12InvokerBoundIZN14EventQueuePrioI12TimerManagerIS1_ES1_E14rec_post_in_msIZ4mainEUlvE0_EEvT_NSt6chrono8durationIxSt5ratioILx1ELx1000EEEEhEUlvE_ED0Ev
                0x08002b98       0x20 src/main.o
 .text._ZNK7StaticFIFvvELj20EE12InvokerBoundIZN14EventQueuePrioI12TimerManagerIS1_ES1_E14rec_post_in_msIZ4mainEUlvE0_EEvT_NSt6chrono8durationIxSt5ratioILx1ELx1000EEEEhEUlvE_E4execEv
                0x08002bb8       0x1a src/main.o
 .text._ZN7StaticFIFvvELj20EE12InvokerBoundIZN14EventQueuePrioI12TimerManagerIS1_ES1_E14rec_post_in_msIZ4mainEUlvE0_EEvT_NSt6chrono8durationIxSt5ratioILx1ELx1000EEEEhEUlvE_E4execEv
                0x08002bd2       0x1a src/main.o
 .text._ZN7StaticFIFvvELj20EE12InvokerBoundIZ4mainEUlvE0_ED2Ev
                0x08002bec       0x24 src/main.o
 .text._ZN7StaticFIFvvELj20EE12InvokerBoundIZ4mainEUlvE0_ED0Ev
                0x08002c10       0x20 src/main.o
 .text._ZNK7StaticFIFvvELj20EE12InvokerBoundIZ4mainEUlvE0_E4execEv
                0x08002c30       0x1a src/main.o
 .text._ZN7StaticFIFvvELj20EE12InvokerBoundIZ4mainEUlvE0_E4execEv
                0x08002c4a       0x1a src/main.o
 .text._ZN7StaticFIFvvELj20EE12InvokerBoundIZN14EventQueuePrioI12TimerManagerIS1_ES1_E14rec_post_in_msIZ4mainEUlvE_EEvT_NSt6chrono8durationIxSt5ratioILx1ELx1000EEEEhEUlvE_ED2Ev
                0x08002c64       0x24 src/main.o
 .text._ZN7StaticFIFvvELj20EE12InvokerBoundIZN14EventQueuePrioI12TimerManagerIS1_ES1_E14rec_post_in_msIZ4mainEUlvE_EEvT_NSt6chrono8durationIxSt5ratioILx1ELx1000EEEEhEUlvE_ED0Ev
                0x08002c88       0x20 src/main.o
 .text._ZNK7StaticFIFvvELj20EE12InvokerBoundIZN14EventQueuePrioI12TimerManagerIS1_ES1_E14rec_post_in_msIZ4mainEUlvE_EEvT_NSt6chrono8durationIxSt5ratioILx1ELx1000EEEEhEUlvE_E4execEv
                0x08002ca8       0x1a src/main.o
 .text._ZN7StaticFIFvvELj20EE12InvokerBoundIZN14EventQueuePrioI12TimerManagerIS1_ES1_E14rec_post_in_msIZ4mainEUlvE_EEvT_NSt6chrono8durationIxSt5ratioILx1ELx1000EEEEhEUlvE_E4execEv
                0x08002cc2       0x1a src/main.o
 .text._ZN7StaticFIFvvELj20EE12InvokerBoundIZ4mainEUlvE_ED2Ev
                0x08002cdc       0x24 src/main.o
 .text._ZN7StaticFIFvvELj20EE12InvokerBoundIZ4mainEUlvE_ED0Ev
                0x08002d00       0x20 src/main.o
 .text._ZNK7StaticFIFvvELj20EE12InvokerBoundIZ4mainEUlvE_E4execEv
                0x08002d20       0x1a src/main.o
 .text._ZN7StaticFIFvvELj20EE12InvokerBoundIZ4mainEUlvE_E4execEv
                0x08002d3a       0x1a src/main.o
 .text._ZN7StaticFIFvvELj20EE12InvokerBoundIZN4OledIN3mcu9SpiDeviceI14EventQueuePrioI12TimerManagerIS1_ES1_ENS4_9DmaDeviceIS9_S1_EENS4_3PinES1_EESC_E4initEvEUlvE_ED2Ev
                0x08002d54       0x24 src/main.o