staticfunction.h:44:11:), TSize>::InvokerBound<TBound>::~InvokerBound() [with TBound = mcu::DmaDevice<EventQueue_t, Func_t>::enableInterrupt() [with EventQueue_t = EventQueuePrio<TimerManager<StaticF<void(), 20u> >, StaticF<void(), 20u> >; Func_t = StaticF<void(), 20u>]::<lambda()>; TRet = void; TArgs = {}; unsigned int TSize = 12u]	0	static
staticfunction.h:40:16:) const [with TBound = mcu::DmaDevice<EventQueue_t, Func_t>::enableInterrupt() [with EventQueue_t = EventQueuePrio<TimerManager<StaticF<void(), 20u> >, StaticF<void(), 20u> >; Func_t = StaticF<void(), 20u>]::<lambda()>; TRet = void; TArgs = {}; unsigned int TSize = 12u]	0	static
staticfunction.h:36:16:) [with TBound = mcu::DmaDevice<EventQueue_t, Func_t>::enableInterrupt() [with EventQueue_t = EventQueuePrio<TimerManager<StaticF<void(), 20u> >, StaticF<void(), 20u> >; Func_t = StaticF<void(), 20u>]::<lambda()>; TRet = void; TArgs = {}; unsigned int TSize = 12u]	0	static
staticfunction.h:44:11:), TSize>::InvokerBound<TBound>::~InvokerBound() [with TBound = mcu::DmaDevice<EventQueue_t, Func_t>::enableInterrupt() [with EventQueue_t = EventQueuePrio<TimerManager<StaticF<void(), 20u> >, StaticF<void(), 20u> >; Func_t = StaticF<void(), 20u>]::<lambda()>; TRet = void; TArgs = {}; unsigned int TSize = 12u]	0	static
staticfunction.h:40:16:) const [with TBound = mcu::DmaDevice<EventQueue_t, Func_t>::enableInterrupt() [with EventQueue_t = EventQueuePrio<TimerManager<StaticF<void(), 20u> >, StaticF<void(), 20u> >; Func_t = StaticF<void(), 20u>]::<lambda()>; TRet = void; TArgs = {}; unsigned int TSize = 12u]	0	static
staticfunction.h:36:16:) [with TBound = mcu::DmaDevice<EventQueue_t, Func_t>::enableInterrupt() [with EventQueue_t = EventQueuePrio<TimerManager<StaticF<void(), 20u> >, StaticF<void(), 20u> >; Func_t = StaticF<void(), 20u>]::<lambda()>; TRet = void; TArgs = {}; unsigned int TSize = 12u]	0	static
staticfunction.h:44:11:), TSize>::InvokerBound<TBound>::~InvokerBound() [with TBound = Oled<Spi_t, Pin_t>::display() [with Spi_t = mcu::SpiDevice<EventQueuePrio<TimerManager<StaticF<void(), 20u> >, StaticF<void(), 20u> >, mcu::DmaDevice<EventQueuePrio<TimerManager<StaticF<void(), 20u> >, StaticF<void(), 20u> >, StaticF<void(), 20u> >, mcu::Pin, StaticF<void(), 20u> >; Pin_t = mcu::Pin]::<lambda()>; TRet = void; TArgs = {}; unsigned int TSize = 20u]	0	static
staticfunction.h:40:16:) const [with TBound = Oled<Spi_t, Pin_t>::display() [with Spi_t = mcu::SpiDevice<EventQueuePrio<TimerManager<StaticF<void(), 20u> >, StaticF<void(), 20u> >, mcu::DmaDevice<EventQueuePrio<TimerManager<StaticF<void(), 20u> >, StaticF<void(), 20u> >, StaticF<void(), 20u> >, mcu::Pin, StaticF<void(), 20u> >; Pin_t = mcu::Pin]::<lambda()>; TRet = void; TArgs = {}; unsigned int TSize = 20u]	0	static
staticfunction.h:36:16:) [with TBound = Oled<Spi_t, Pin_t>::display() [with Spi_t = mcu::SpiDevice<EventQueuePrio<TimerManager<StaticF<void(), 20u> >, StaticF<void(), 20u> >, mcu::DmaDevice<EventQueuePrio<TimerManager<StaticF<void(), 20u> >, StaticF<void(), 20u> >, StaticF<void(), 20u> >, mcu::Pin, StaticF<void(), 20u> >; Pin_t = mcu::Pin]::<lambda()>; TRet = void; TArgs = {}; unsigned int TSize = 20u]	0	static
staticfunction.h:44:11:), TSize>::InvokerBound<TBound>::~InvokerBound() [with TBound = TimerManager<Func_t>::TimerManager() [with Func_t = StaticF<void(), 20u>]::<lambda()>; TRet = void; TArgs = {}; unsigned int TSize = 12u]	0	static
staticfunction.h:36:16:) [with TBound = TimerManager<Func_t>::TimerManager() [with Func_t = StaticF<void(), 20u>]::<lambda()>; TRet = void; TArgs = {}; unsigned int TSize = 12u]	16	static
staticfunction.h:44:11:), TSize>::InvokerBound<TBound>::~InvokerBound() [with TBound = EventQueuePrio<TimerManager, Func_t>::rec_post_in_ms(Callable, EventQueuePrio<TimerManager, Func_t>::time_t, uint8_t) [with Callable = main()::<lambda()>; TimerManager = TimerManager<StaticF<void(), 20u> >; Func_t = StaticF<void(), 20u>]::<lambda()>; TRet = void; TArgs = {}; unsigned int TSize = 20u]	0	static
staticfunction.h:36:16:) [with TBound = EventQueuePrio<TimerManager, Func_t>::rec_post_in_ms(Callable, EventQueuePrio<TimerManager, Func_t>::time_t, uint8_t) [with Callable = main()::<lambda()>; TimerManager = TimerManager<StaticF<void(), 20u> >; Func_t = StaticF<void(), 20u>]::<lambda()>; TRet = void; TArgs = {}; unsigned int TSize = 20u]	24	static
staticfunction.h:44:11:), TSize>::InvokerBound<TBound>::~InvokerBound() [with TBound = main()::<lambda()>; TRet = void; TArgs = {}; unsigned int TSize = 20u]	0	static
staticfunction.h:36:16:) [with TBound = main()::<lambda()>; TRet = void; TArgs = {}; unsigned int TSize = 20u]	0	static
staticfunction.h:44:11:), TSize>::InvokerBound<TBound>::~InvokerBound() [with TBound = EventQueuePrio<TimerManager, Func_t>::rec_post_in_ms(Callable, EventQueuePrio<TimerManager, Func_t>::time_t, uint8_t) [with Callable = main()::<lambda()>; TimerManager = TimerManager<StaticF<void(), 20u> >; Func_t = StaticF<void(), 20u>]::<lambda()>; TRet = void; TArgs = {}; unsigned int TSize = 20u]	0	static
staticfunction.h:36:16:) [with TBound = EventQueuePrio<TimerManager, Func_t>::rec_post_in_ms(Callable, EventQueuePrio<TimerManager, Func_t>::time_t, uint8_t) [with Callable = main()::<lambda()>; TimerManager = TimerManager<StaticF<void(), 20u> >; Func_t = StaticF<void(), 20u>]::<lambda()>; TRet = void; TArgs = {}; unsigned int TSize = 20u]	24	static
staticfunction.h:44:11:), TSize>::InvokerBound<TBound>::~InvokerBound() [with TBound = main()::<lambda()>; TRet = void; TArgs = {}; unsigned int TSize = 20u]	0	static
staticfunction.h:44:11:), TSize>::InvokerBound<TBound>::~InvokerBound() [with TBound = Oled<Spi_t, Pin_t>::init() [with Spi_t = mcu::SpiDevice<EventQueuePrio<TimerManager<StaticF<void(), 20u> >, StaticF<void(), 20u> >, mcu::DmaDevice<EventQueuePrio<TimerManager<StaticF<void(), 20u> >, StaticF<void(), 20u> >, StaticF<void(), 20u> >, mcu::Pin, StaticF<void(), 20u> >; Pin_t = mcu::Pin]::<lambda()>; TRet = void; TArgs = {}; unsigned int TSize = 20u]	0	static
staticfunction.h:40:16:) const [with TBound = Oled<Spi_t, Pin_t>::init() [with Spi_t = mcu::SpiDevice<EventQueuePrio<TimerManager<StaticF<void(), 20u> >, StaticF<void(), 20u> >, mcu::DmaDevice<EventQueuePrio<TimerManager<StaticF<void(), 20u> >, StaticF<void(), 20u> >, StaticF<void(), 20u> >, mcu::Pin, StaticF<void(), 20u> >; Pin_t = mcu::Pin]::<lambda()>; TRet = void; TArgs = {}; unsigned int TSize = 20u]	0	static
staticfunction.h:36:16:) [with TBound = Oled<Spi_t, Pin_t>::init() [with Spi_t = mcu::SpiDevice<EventQueuePrio<TimerManager<StaticF<void(), 20u> >, StaticF<void(), 20u> >, mcu::DmaDevice<EventQueuePrio<TimerManager<StaticF<void(), 20u> >, StaticF<void(), 20u> >, StaticF<void(), 20u> >, mcu::Pin, StaticF<void(), 20u> >; Pin_t = mcu::Pin]::<lambda()>; TRet = void; TArgs = {}; unsigned int TSize = 20u]	0	static
staticfunction.h:44:11:), TSize>::InvokerBound<TBound>::~InvokerBound() [with TBound = mcu::SpiDevice<EventQueue_t, Dma_t, Pin_t, Func_t>::SpiDevice(const EventQueue_t&, Dma_t&, mcu::SpiDevice<EventQueue_t, Dma_t, Pin_t, Func_t>::Instance_t, mcu::SpiDevice<EventQueue_t, Dma_t, Pin_t, Func_t>::Speed_t, Pin_t, Pin_t, mcu::SpiDevice<EventQueue_t, Dma_t, Pin_t, Func_t>::MorS_t, mcu::SpiDevice<EventQueue_t, Dma_t, Pin_t, Func_t>::Mode_t) [with EventQueue_t = EventQueuePrio<TimerManager<StaticF<void(), 20u> >, StaticF<void(), 20u> >; Dma_t = mcu::DmaDevice<EventQueuePrio<TimerManager<StaticF<void(), 20u> >, StaticF<void(), 20u> >, StaticF<void(), 20u> >; Pin_t = mcu::Pin; Func_t = StaticF<void(), 20u>]::<lambda()>; TRet = void; TArgs = {}; unsigned int TSize = 20u]	0	static
staticfunction.h:40:16:) const [with TBound = mcu::SpiDevice<EventQueue_t, Dma_t, Pin_t, Func_t>::SpiDevice(const EventQueue_t&, Dma_t&, mcu::SpiDevice<EventQueue_t, Dma_t, Pin_t, Func_t>::Instance_t, mcu::SpiDevice<EventQueue_t, Dma_t, Pin_t, Func_t>::Speed_t, Pin_t, Pin_t, mcu::SpiDevice<EventQueue_t, Dma_t, Pin_t, Func_t>::MorS_t, mcu::SpiDevice<EventQueue_t, Dma_t, Pin_t, Func_t>::Mode_t) [with EventQueue_t = EventQueuePrio<TimerManager<StaticF<void(), 20u> >, StaticF<void(), 20u> >; Dma_t = mcu::DmaDevice<EventQueuePrio<TimerManager<StaticF<void(), 20u> >, StaticF<void(), 20u> >, StaticF<void(), 20u> >; Pin_t = mcu::Pin; Func_t = StaticF<void(), 20u>]::<lambda()>; TRet = void; TArgs = {}; unsigned int TSize = 20u]	8	static
staticfunction.h:36:16:) [with TBound = mcu::SpiDevice<EventQueue_t, Dma_t, Pin_t, Func_t>::SpiDevice(const EventQueue_t&, Dma_t&, mcu::SpiDevice<EventQueue_t, Dma_t, Pin_t, Func_t>::Instance_t, mcu::SpiDevice<EventQueue_t, Dma_t, Pin_t, Func_t>::Speed_t, Pin_t, Pin_t, mcu::SpiDevice<EventQueue_t, Dma_t, Pin_t, Func_t>::MorS_t, mcu::SpiDevice<EventQueue_t, Dma_t, Pin_t, Func_t>::Mode_t) [with EventQueue_t = EventQueuePrio<TimerManager<StaticF<void(), 20u> >, StaticF<void(), 20u> >; Dma_t = mcu::DmaDevice<EventQueuePrio<TimerManager<StaticF<void(), 20u> >, StaticF<void(), 20u> >, StaticF<void(), 20u> >; Pin_t = mcu::Pin; Func_t = StaticF<void(), 20u>]::<lambda()>; TRet = void; TArgs = {}; unsigned int TSize = 20u]	8	static
staticfunction.h:40:16:) const [with TBound = TimerManager<Func_t>::TimerManager() [with Func_t = StaticF<void(), 20u>]::<lambda()>; TRet = void; TArgs = {}; unsigned int TSize = 12u]	16	static
main.cpp:110:6:void operator delete(void*, std::size_t)	0	static
main.cpp:114:6:void std::terminate()	0	static
main.cpp:117:6:)	0	static
main.cpp:123:16:int SystemInit()	0	static
main.cpp:140:6:void _exit()	0	static
main.cpp:142:6:void _kill()	0	static
main.cpp:144:6:void _getpid()	0	static
main.cpp:146:6:void _write()	0	static
main.cpp:148:6:void _close()	0	static
main.cpp:150:6:void _fstat()	0	static
main.cpp:152:6:void _isatty()	0	static
main.cpp:154:6:void _lseek()	0	static
main.cpp:156:6:void _read()	0	static
main.cpp:158:6:void _sbrk()	0	static
main.cpp:161:5:int __cxa_guard_acquire(int*)	0	static
main.cpp:165:6:void __cxa_guard_release(int*)	0	static
main.cpp:167:6:void __cxa_pure_virtual()	0	static
timer_manager.h:22:2:TimerManager<Func_t>::TimerManager() [with Func_t = StaticF<void(), 20u>]	64	static
event_queue_prio.h:35:7:void EventQueuePrio<TimerManager, Func_t>::run() [with TimerManager = TimerManager<StaticF<void(), 20u> >; Func_t = StaticF<void(), 20u>]	72	static
spi_device.h:173:6:void mcu::SpiDevice<EventQueue_t, Dma_t, Pin_t, Func_t>::send(mcu::SpiDevice<EventQueue_t, Dma_t, Pin_t, Func_t>::addr_t, mcu::SpiDevice<EventQueue_t, Dma_t, Pin_t, Func_t>::size_t) [with EventQueue_t = EventQueuePrio<TimerManager<StaticF<void(), 20u> >, StaticF<void(), 20u> >; Dma_t = mcu::DmaDevice<EventQueuePrio<TimerManager<StaticF<void(), 20u> >, StaticF<void(), 20u> >, StaticF<void(), 20u> >; Pin_t = mcu::Pin; Func_t = StaticF<void(), 20u>]	16	static
oled.h:68:6:void Oled<Spi_t, Pin_t>::init() [with Spi_t = mcu::SpiDevice<EventQueuePrio<TimerManager<StaticF<void(), 20u> >, StaticF<void(), 20u> >, mcu::DmaDevice<EventQueuePrio<TimerManager<StaticF<void(), 20u> >, StaticF<void(), 20u> >, StaticF<void(), 20u> >, mcu::Pin, StaticF<void(), 20u> >; Pin_t = mcu::Pin]	56	static
span:129:19:constexpr gsl::details::span_iterator<Span, IsConst>::span_iterator(const Span*, typename Span::index_type) [with Span = gsl::span<const char, -1>; bool IsConst = false]	0	static
gfx.h:162:6:void Gfx<output_t>::text(gsl::cstring_span<>, Gfx<output_t>::Cursor&) [with output_t = Oled<mcu::SpiDevice<EventQueuePrio<TimerManager<StaticF<void(), 20u> >, StaticF<void(), 20u> >, mcu::DmaDevice<EventQueuePrio<TimerManager<StaticF<void(), 20u> >, StaticF<void(), 20u> >, StaticF<void(), 20u> >, mcu::Pin, StaticF<void(), 20u> >, mcu::Pin>]	80	static
main.cpp:23:5:int main()	12848	static
staticfunction.h:36:16:) [with TBound = main()::<lambda()>; TRet = void; TArgs = {}; unsigned int TSize = 20u]	64	static
